******************************************************************************
                  TI ARM Linker Unix v5.2.5                    
******************************************************************************
>> Linked Wed Sep 30 21:01:46 2015

OUTPUT FILE NAME:   <AlarmClock.out>
ENTRY POINT SYMBOL: "_c_int00"  address: 00004ca9


MEMORY CONFIGURATION

         name            origin    length      used     unused   attr    fill
----------------------  --------  ---------  --------  --------  ----  --------
  MAIN                  00000000   00040000  00009718  000368e8  R  X
  INFO                  00200000   00004000  00000000  00004000  R  X
  SRAM_CODE             01000000   00010000  00000000  00010000  RW X
  SRAM_DATA             20000000   00010000  000044bd  0000bb43  RW  


SEGMENT ALLOCATION MAP

run origin  load origin   length   init length attrs members
----------  ----------- ---------- ----------- ----- -------
00000000    00000000    00009720   00009720    r-x
  00000000    00000000    0000003c   0000003c    r-- .resetVecs
  00000040    00000040    00006bc2   00006bc2    r-x .text
  00006c04    00006c04    0000262a   0000262a    r-- .const
  00009230    00009230    000004f0   000004f0    r-- .cinit
20000000    20000000    00000140   00000000    rw-
  20000000    20000000    00000140   00000000    rw- .vecs
20000180    20000180    0000337d   00000000    rw-
  20000180    20000180    00002c30   00000000    rw- .bss
  20002db0    20002db0    0000074d   00000000    rw- .data
2000f000    2000f000    00001000   00000000    rw-
  2000f000    2000f000    00001000   00000000    rw- .stack


SECTION ALLOCATION MAP

 output                                  attributes/
section   page    origin      length       input sections
--------  ----  ----------  ----------   ----------------
.resetVecs 
*          0    00000000    0000003c     
                  00000000    0000003c     alarm_clock_pem4f.oem4f (.resetVecs)

.text      0    00000040    00006bc2     
                  00000040    00000430     sysbios.aem4f : BIOS.obj (.text:ti_sysbios_family_arm_m3_Hwi_excDumpRegs__I)
                  00000470    0000034c     ti.targets.arm.rtsarm.aem4f : System.oem4f (.text:xdc_runtime_System_doPrint__I)
                  000007bc    00000004     msp432p4xx_driverlib.lib : cpu.o (.text:CPU_wfi)
                  000007c0    00000314     sysbios.aem4f : BIOS.obj (.text:ti_sysbios_knl_Semaphore_pend__E)
                  00000ad4    000002d4     rtsv7M4_T_le_v4SPD16_eabi.lib : trgdrv.obj (.text)
                  00000da8    00000254     sysbios.aem4f : BIOS.obj (.text:ti_sysbios_heaps_HeapMem_free__E)
                  00000ffc    00000004     tirtosport.aem4f : HwiP_tirtos.oem4f (.text:HwiP_disable)
                  00001000    00000240     sysbios.aem4f : BIOS.obj (.text:ti_sysbios_heaps_HeapMem_alloc__E)
                  00001240    00000200                   : BIOS.obj (.text:ti_sysbios_knl_Task_sleep__E)
                  00001440    000001fc                   : BIOS.obj (.text:ti_sysbios_family_arm_m3_Hwi_excHandlerMax__I)
                  0000163c    00000182     msp432p4xx_driverlib.lib : pcm.o (.text:PCM_setPowerStateWithTimeout)
                  000017be    00000002     drivers_MSP432P401R.aem4f : PowerMSP432_tirtos.oem4f (.text:PowerMSP432_policyInitFxn)
                  000017c0    00000174     sysbios.aem4f : BIOS.obj (.text:ti_sysbios_family_arm_m3_Hwi_excBusFault__I)
                  00001934    00000004     tirtosport.aem4f : ListP.oem4f (.text:ListP_head)
                  00001938    00000164     sysbios.aem4f : BIOS.obj (.text:ti_sysbios_family_arm_m3_Hwi_excUsageFault__I)
                  00001a9c    00000004     tirtosport.aem4f : ListP.oem4f (.text:ListP_next)
                  00001aa0    00000148     sysbios.aem4f : BIOS.obj (.text:ti_sysbios_family_arm_m3_Hwi_excMemFault__I)
                  00001be8    00000140                   : BIOS.obj (.text:ti_sysbios_knl_Semaphore_post__E)
                  00001d28    0000013c     drivers_MSP432P401R.aem4f : GPIOMSP432.oem4f (.text:GPIO_setConfig)
                  00001e64    00000004     alarm_clock_pem4f.oem4f (.text:ti_sysbios_BIOS_RtsGateProxy_enter__E)
                  00001e68    0000013c     sysbios.aem4f : BIOS.obj (.text:ti_sysbios_heaps_HeapMem_Instance_init__E)
                  00001fa4    00000004     alarm_clock_pem4f.oem4f (.text:ti_sysbios_BIOS_RtsGateProxy_leave__E)
                  00001fa8    00000138     sysbios.aem4f : BIOS.obj (.text:ti_sysbios_family_arm_m3_Hwi_dispatchC__I)
                  000020e0    00000138     alarm_clock_pem4f.oem4f (.text:ti_uia_loggers_LoggerStopMode_writeMemoryRange__E)
                  00002218    00000134     sysbios.aem4f : BIOS.obj (.text:ti_sysbios_knl_Clock_workFunc__E)
                  0000234c    00000004     alarm_clock_pem4f.oem4f (.text:ti_sysbios_family_arm_m3_TaskSupport_Module__startupDone__S)
                  00002350    0000011c     sysbios.aem4f : BIOS.obj (.text:ti_sysbios_knl_Swi_run__I)
                  0000246c    00000118     ti.targets.arm.rtsarm.aem4f : Error.oem4f (.text:xdc_runtime_Error_policyDefault__E)
                  00002584    0000010c     alarm_clock_pem4f.oem4f (.text:ti_uia_loggers_LoggerStopMode_write8__E)
                  00002690    00000100     ti.targets.arm.rtsarm.aem4f : Core-mem.oem4f (.text:xdc_runtime_Core_createObject__I)
                  00002790    000000f8                                 : Startup.oem4f (.text:xdc_runtime_Startup_startMods__I)
                  00002888    000000f8     alarm_clock_pem4f.oem4f (.text:xdc_runtime_System_printfExtend__I)
                  00002980    000000f4     sysbios.aem4f : m3_Hwi_asm.obj (.text:ti_sysbios_family_arm_m3_Hwi_dispatch__I)
                  00002a74    000000f4     alarm_clock_pem4f.oem4f (.text:ti_uia_loggers_LoggerStopMode_write4__E)
                  00002b68    000000f0     drivers_MSP432P401R.aem4f : PowerMSP432.oem4f (.text:initPerfControl)
                  00002c58    000000e8     alarm_clock_pem4f.oem4f (.text:ti_uia_loggers_LoggerStopMode_write2__E)
                  00002d40    000000e4     alarm_clock_pem4f.oem4f (.text:ti_uia_loggers_LoggerStopMode_write1__E)
                  00002e24    000000e0     msp432p4xx_driverlib.lib : cs.o (.text:CS_initClockSignal)
                  00002f04    000000d8     alarm_clock_pem4f.oem4f (.text:ti_uia_loggers_LoggerStopMode_write0__E)
                  00002fdc    000000d4     msp432p4xx_driverlib.lib : pcm.o (.text:PCM_setPowerModeWithTimeout)
                  000030b0    000000cc     sysbios.aem4f : BIOS.obj (.text:ti_sysbios_knl_Task_schedule__I)
                  0000317c    000000cc     ti.targets.arm.rtsarm.aem4f : Core-smem.oem4f (.text:xdc_runtime_Core_constructObject__I)
                  00003248    000000c0     drivers_MSP432P401R.aem4f : PowerMSP432.oem4f (.text:Power_sleep)
                  00003308    000000bc     sysbios.aem4f : BIOS.obj (.text:ti_sysbios_family_arm_m3_Hwi_excDebugMon__I)
                  000033c4    00000004     alarm_clock_pem4f.oem4f (.text:ti_sysbios_heaps_HeapMem_Module_GateProxy_enter__E)
                  000033c8    000000bc     sysbios.aem4f : BIOS.obj (.text:ti_sysbios_family_arm_m3_Hwi_excHardFault__I)
                  00003484    00000004     alarm_clock_pem4f.oem4f (.text:ti_sysbios_heaps_HeapMem_Module_GateProxy_leave__E)
                  00003488    000000bc     sysbios.aem4f : BIOS.obj (.text:ti_sysbios_knl_Task_startCore__E)
                  00003544    00000004     alarm_clock_pem4f.oem4f (.text:ti_sysbios_knl_Clock_TimerProxy_getMaxTicks__E)
                  00003548    000000b4     sysbios.aem4f : BIOS.obj (.text:ti_sysbios_gates_GateMutex_enter__E)
                  000035fc    00000004     alarm_clock_pem4f.oem4f (.text:ti_sysbios_knl_Queue_destruct)
                  00003600    000000b4     sysbios.aem4f : BIOS.obj (.text:ti_sysbios_knl_Task_checkStacks__E)
                  000036b4    00000004     alarm_clock_pem4f.oem4f (.text:ti_sysbios_knl_Semaphore_destruct)
                  000036b8    000000b0     sysbios.aem4f : BIOS.obj (.text:ti_sysbios_utils_Load_idleFxn__E)
                  00003768    000000ac                   : BIOS.obj (.text:ti_sysbios_knl_Swi_post__E)
                  00003814    00000004     ti.uia.loggers.aem4f : LoggerStopMode.oem4f (.text:ti_uia_loggers_LoggerStopMode_getContents__E)
                  00003818    000000ac     sysbios.aem4f : BIOS.obj (.text:ti_sysbios_utils_Load_updateLoads__E)
                  000038c4    000000a8     msp432p4xx_driverlib.lib : pcm.o (.text:PCM_setCoreVoltageLevelWithTimeout)
                  0000396c    00000004     alarm_clock_pem4f.oem4f (.text:ti_uia_loggers_LoggerStopMode_getFilterLevel__E)
                  00003970    000000a8     sysbios.aem4f : BIOS.obj (.text:ti_sysbios_family_arm_msp432_Timer_periodicStub__E)
                  00003a18    000000a8                   : BIOS.obj (.text:ti_sysbios_knl_Task_blockI__E)
                  00003ac0    000000a8                   : BIOS.obj (.text:ti_sysbios_knl_Task_postInit__I)
                  00003b68    000000a0     auto_init.aem4f : auto_init.oem4f (.text)
                  00003c08    000000a0     ti.targets.arm.rtsarm.aem4f : Text.oem4f (.text:xdc_runtime_Text_putMod__E)
                  00003ca8    0000009c     rtsv7M4_T_le_v4SPD16_eabi.lib : memcpy_t2.obj (.text)
                  00003d44    00000004     ti.uia.loggers.aem4f : LoggerStopMode.oem4f (.text:ti_uia_loggers_LoggerStopMode_getInstanceId__E)
                  00003d48    0000009c     sysbios.aem4f : BIOS.obj (.text:ti_sysbios_knl_Semaphore_Instance_init__E)
                  00003de4    0000009a     ti.targets.arm.rtsarm.aem4f : Text.oem4f (.text:xdc_runtime_Text_putSite__E)
                  00003e7e    00000002     rtsv7M4_T_le_v4SPD16_eabi.lib : i_div0.obj (.text)
                  00003e80    00000094     sysbios.aem4f : BIOS.obj (.text:ti_sysbios_family_arm_m3_Hwi_Instance_init__E)
                  00003f14    00000004     ti.uia.loggers.aem4f : LoggerStopMode.oem4f (.text:ti_uia_loggers_LoggerStopMode_getMaxLength__E)
                  00003f18    00000094     sysbios.aem4f : BIOS.obj (.text:ti_sysbios_family_arm_m3_Hwi_initNVIC__E)
                  00003fac    00000004     ti.uia.loggers.aem4f : LoggerStopMode.oem4f (.text:ti_uia_loggers_LoggerStopMode_getPriority__E)
                  00003fb0    00000094     sysbios.aem4f : BIOS.obj (.text:ti_sysbios_knl_Task_exit__E)
                  00004044    00000090     alarm_clock.obj (.text:main)
                  000040d4    00000004     ti.uia.loggers.aem4f : LoggerStopMode.oem4f (.text:ti_uia_loggers_LoggerStopMode_getTransferType__E)
                  000040d8    00000090     sysbios.aem4f : BIOS.obj (.text:ti_sysbios_knl_Task_unblockI__E)
                  00004168    00000090     ti.uia.loggers.aem4f : LoggerStopMode.oem4f (.text:ti_uia_loggers_LoggerStopMode_initQueueDescriptor__E)
                  000041f8    0000008c     sysbios.aem4f : m3_TaskSupport_asm.obj (.text:ti_sysbios_family_arm_m3_TaskSupport_buildTaskStack)
                  00004284    00000004     ti.targets.arm.rtsarm.aem4f : Error.oem4f (.text:xdc_runtime_Error_getSite__E)
                  00004288    00000088     sysbios.aem4f : BIOS.obj (.text:ti_sysbios_family_arm_msp432_Timer_Module_startup__E)
                  00004310    00000080                   : BIOS.obj (.text:ti_sysbios_family_arm_msp432_Timer_startup__E)
                  00004390    0000007c     msp432p4xx_driverlib.lib : pcm.o (.text:PCM_gotoLPM3)
                  0000440c    00000004     alarm_clock_pem4f.oem4f (.text:xdc_runtime_System_Module_GateProxy_enter__E)
                  00004410    0000007c     sysbios.aem4f : BIOS.obj (.text:ti_sysbios_utils_Load_logLoads__I)
                  0000448c    0000007a     rtsv7M4_T_le_v4SPD16_eabi.lib : memset_t2.obj (.text)
                  00004506    00000002     alarm_clock_pem4f.oem4f (.text:ti_sysbios_BIOS_nullFunc__I)
                  00004508    00000074     sysbios.aem4f : BIOS.obj (.text:ti_sysbios_family_arm_m3_Hwi_postInit__I)
                  0000457c    00000074     ti.uia.runtime.aem4f : QueueDescriptor.oem4f (.text:ti_uia_runtime_QueueDescriptor_addToList__E)
                  000045f0    0000006c     sysbios.aem4f : BIOS.obj (.text:ti_sysbios_utils_Load_updateThreadContexts__E)
                  0000465c    0000006c     ti.targets.arm.rtsarm.aem4f : Error.oem4f (.text:xdc_runtime_Error_print__E)
                  000046c8    0000006c                                 : Memory.oem4f (.text:xdc_runtime_Memory_alloc__E)
                  00004734    0000006a     rtsv7M4_T_le_v4SPD16_eabi.lib : copy_decompress_rle.obj (.text)
                  0000479e    00000002     alarm_clock_pem4f.oem4f (.text:ti_uia_loggers_LoggerStopMode_setFilterLevel__E)
                  000047a0    00000068     drivers_MSP432P401R.aem4f : GPIOMSP432.oem4f (.text:GPIO_init)
                  00004808    00000068     rtsv7M4_T_le_v4SPD16_eabi.lib : trgmsg.obj (.text)
                  00004870    00000066     ti.uia.loggers.aem4f : LoggerStopMode.oem4f (.text:ti_uia_loggers_LoggerStopMode_flush__E)
                  000048d6    00000066     ti.targets.arm.rtsarm.aem4f : Core-mem.oem4f (.text:xdc_runtime_Core_deleteObject__I)
                  0000493c    00000004     alarm_clock_pem4f.oem4f (.text:xdc_runtime_System_Module_GateProxy_leave__E)
                  00004940    00000064     sysbios.aem4f : BIOS.obj (.text:ti_sysbios_family_arm_m3_TimestampProvider_get64__E)
                  000049a4    00000064     ti.targets.arm.rtsarm.aem4f : System.oem4f (.text:xdc_runtime_System_formatNum__I)
                  00004a08    00000062     tirtosport.aem4f : HwiP_tirtos.oem4f (.text:HwiP_create)
                  00004a6a    00000006     msp432p4xx_driverlib.lib : pcm.o (.text:PCM_setPowerMode)
                  00004a70    00000060     sysbios.aem4f : BIOS.obj (.text:ti_sysbios_knl_Clock_logTick__E)
                  00004ad0    00000060                   : BIOS.obj (.text:ti_sysbios_utils_Load_logCPULoad__I)
                  00004b30    0000005c                   : BIOS.obj (.text:ti_sysbios_knl_Swi_restoreHwi__E)
                  00004b8c    00000004     ti.targets.arm.rtsarm.aem4f : System.oem4f (.text:xdc_runtime_System_aprintf_va__F)
                  00004b90    0000005c     sysbios.aem4f : BIOS.obj (.text:ti_sysbios_knl_Swi_schedule__I)
                  00004bec    00000004     ti.targets.arm.rtsarm.aem4f : System.oem4f (.text:xdc_runtime_System_printf_va__F)
                  00004bf0    0000005c     sysbios.aem4f : BIOS.obj (.text:ti_sysbios_knl_Task_Module_startup__E)
                  00004c4c    0000005b     ti.targets.arm.rtsarm.aem4f : Text.oem4f (.text:xdc_runtime_Text_putLab__E)
                  00004ca7    00000001     --HOLE-- [fill = 0]
                  00004ca8    00000058     boot.aem4f : boot.oem4f (.text)
                  00004d00    00000058     alarm_clock_pem4f.oem4f (.text:ti_sysbios_family_arm_m3_Hwi_construct)
                  00004d58    00000058     sysbios.aem4f : m3_Hwi_asm_switch.obj (.text:ti_sysbios_family_arm_m3_Hwi_initStacks__E)
                  00004db0    00000058                   : BIOS.obj (.text:ti_sysbios_family_arm_m3_Timer_setPeriod__E)
                  00004e08    00000054     drivers_MSP432P401R.aem4f : GPIOMSP432.oem4f (.text:GPIO_hwiIntFxn)
                  00004e5c    00000054                               : GPIOMSP432.oem4f (.text:GPIO_setCallback)
                  00004eb0    00000054     sysbios.aem4f : BIOS.obj (.text:ti_sysbios_family_arm_m3_Timer_start__E)
                  00004f04    00000002     ti.uia.loggers.aem4f : LoggerStopMode.oem4f (.text:ti_uia_loggers_LoggerStopMode_setPriority__E)
                  00004f06    00000002     --HOLE-- [fill = 0]
                  00004f08    00000054     sysbios.aem4f : BIOS.obj (.text:ti_sysbios_family_arm_m3_TimestampProvider_get32__E)
                  00004f5c    00000004     --HOLE-- [fill = 0]
                  00004f60    00000054                   : BIOS.obj (.text:ti_sysbios_family_arm_msp432_Timer_initDevice__I)
                  00004fb4    00000004     --HOLE-- [fill = 0]
                  00004fb8    00000054                   : BIOS.obj (.text:ti_sysbios_family_arm_msp432_init_Boot_configureClocksHigh)
                  0000500c    00000004     --HOLE-- [fill = 0]
                  00005010    00000054                   : BIOS.obj (.text:ti_sysbios_utils_Load_updateCurrentThreadTime__E)
                  00005064    00000054     ti.targets.arm.rtsarm.aem4f : Assert.oem4f (.text:xdc_runtime_Assert_raise__I)
                  000050b8    00000050     drivers_MSP432P401R.aem4f : GPIOMSP432.oem4f (.text:GPIO_write)
                  00005108    00000050     msp432p4xx_driverlib.lib : pcm.o (.text:PCM_shutdownDevice)
                  00005158    00000050     drivers_MSP432P401R.aem4f : PowerMSP432_tirtos.oem4f (.text:PowerMSP432_policyFxn)
                  000051a8    00000050     sysbios.aem4f : BIOS.obj (.text:ti_sysbios_family_arm_m3_Hwi_Module_startup__E)
                  000051f8    00000050     ti.targets.arm.rtsarm.aem4f : Startup.oem4f (.text:xdc_runtime_Startup_exec__E)
                  00005248    00000050                                 : Text.oem4f (.text:xdc_runtime_Text_visitRope2__I)
                  00005298    0000004c     rtsv7M4_T_le_v4SPD16_eabi.lib : cpy_tbl.obj (.text)
                  000052e4    00000004     --HOLE-- [fill = 0]
                  000052e8    0000004c     sysbios.aem4f : BIOS.obj (.text:ti_sysbios_heaps_HeapMem_getStats__E)
                  00005334    00000004     --HOLE-- [fill = 0]
                  00005338    0000004c                   : BIOS.obj (.text:ti_sysbios_knl_Swi_runLoop__I)
                  00005384    00000004     --HOLE-- [fill = 0]
                  00005388    0000004c                   : BIOS.obj (.text:ti_sysbios_knl_Task_allBlockedFunction__I)
                  000053d4    0000004c     ti.uia.loggers.aem4f : LoggerStopMode.oem4f (.text:ti_uia_loggers_LoggerStopMode_Module_startup__E)
                  00005420    00000048     sysbios.aem4f : BIOS.obj (.text:ti_sysbios_family_arm_m3_Hwi_disableInterrupt__E)
                  00005468    00000048                   : BIOS.obj (.text:ti_sysbios_family_arm_m3_Hwi_enableInterrupt__E)
                  000054b0    00000048                   : BIOS.obj (.text:ti_sysbios_family_arm_m3_Hwi_excReserved__I)
                  000054f8    00000048                   : BIOS.obj (.text:ti_sysbios_family_arm_m3_Timer_initDevice__I)
                  00005540    00000046     ti.targets.arm.rtsarm.aem4f : Core-params.oem4f (.text:xdc_runtime_Core_assignParams__I)
                  00005586    00000002     --HOLE-- [fill = 0]
                  00005588    00000044     rtsv7M4_T_le_v4SPD16_eabi.lib : exit.obj (.text)
                  000055cc    00000004     --HOLE-- [fill = 0]
                  000055d0    00000044     sysbios.aem4f : BIOS.obj (.text:ti_sysbios_family_arm_m3_Hwi_getStackInfo__E)
                  00005614    00000044     ti.uia.loggers.aem4f : LoggerStopMode.oem4f (.text:ti_uia_loggers_LoggerStopMode_initBuffer__I)
                  00005658    00000044     ti.targets.arm.rtsarm.aem4f : Error.oem4f (.text:xdc_runtime_Error_setX__E)
                  0000569c    00000044                                 : SysMin.oem4f (.text:xdc_runtime_SysMin_flush__E)
                  000056e0    00000044                                 : Text.oem4f (.text:xdc_runtime_Text_xprintf__I)
                  00005724    00000040     msp432p4xx_driverlib.lib : flash.o (.text:FlashCtl_disableReadBuffering)
                  00005764    00000040     drivers_MSP432P401R.aem4f : PowerMSP432.oem4f (.text:notify)
                  000057a4    00000040     rtsv7M4_T_le_v4SPD16_eabi.lib : u_divt2.obj (.text)
                  000057e4    00000004     --HOLE-- [fill = 0]
                  000057e8    00000040     sysbios.aem4f : BIOS.obj (.text:ti_sysbios_family_arm_m3_Timer_Module_startup__E)
                  00005828    0000003c                   : BIOS.obj (.text:ti_sysbios_family_arm_m3_Hwi_excSvCall__I)
                  00005864    00000004     --HOLE-- [fill = 0]
                  00005868    0000003c                   : BIOS.obj (.text:ti_sysbios_family_arm_m3_TaskSupport_start__E)
                  000058a4    00000004     --HOLE-- [fill = 0]
                  000058a8    0000003c                   : BIOS.obj (.text:ti_sysbios_heaps_HeapMem_init__I)
                  000058e4    00000004     --HOLE-- [fill = 0]
                  000058e8    0000003c                   : BIOS.obj (.text:ti_sysbios_knl_Swi_restore__E)
                  00005924    00000004     --HOLE-- [fill = 0]
                  00005928    00000038                   : BIOS.obj (.text:ti_sysbios_family_arm_m3_Hwi_excNoIsr__I)
                  00005960    00000038                   : BIOS.obj (.text:ti_sysbios_knl_Task_processVitalTaskFlag__I)
                  00005998    00000038     ti.targets.arm.rtsarm.aem4f : SysMin.oem4f (.text:xdc_runtime_SysMin_putch__E)
                  000059d0    00000038                                 : System.oem4f (.text:xdc_runtime_System_atexit__E)
                  00005a08    00000034     msp432p4xx_driverlib.lib : flash.o (.text:FlashCtl_enableReadBuffering)
                  00005a3c    00000004     --HOLE-- [fill = 0]
                  00005a40    00000034     sysbios.aem4f : BIOS.obj (.text:ti_sysbios_family_arm_m3_Hwi_excNmi__I)
                  00005a74    00000004     --HOLE-- [fill = 0]
                  00005a78    00000034                   : BIOS.obj (.text:ti_sysbios_family_arm_m3_Timer_periodicStub__I)
                  00005aac    00000004     --HOLE-- [fill = 0]
                  00005ab0    00000034                   : BIOS.obj (.text:ti_sysbios_hal_Hwi_checkStack)
                  00005ae4    00000034     ti.uia.loggers.aem4f : LoggerStopMode.oem4f (.text:ti_uia_loggers_LoggerStopMode_reset__E)
                  00005b18    00000034     ti.targets.arm.rtsarm.aem4f : Core-label.oem4f (.text:xdc_runtime_Core_assignLabel__I)
                  00005b4c    00000033                                 : Text.oem4f (.text:xdc_runtime_Text_printVisFxn__I)
                  00005b7f    00000001     --HOLE-- [fill = 0]
                  00005b80    00000032     sysbios.aem4f : BIOS.obj (.text:ti_sysbios_hal_Hwi_initStack)
                  00005bb2    00000006     msp432p4xx_driverlib.lib : pcm.o (.text:PCM_setPowerState)
                  00005bb8    00000032     sysbios.aem4f : BIOS.obj (.text:ti_sysbios_knl_Semaphore_pendTimeout__I)
                  00005bea    00000002     --HOLE-- [fill = 0]
                  00005bec    00000030     msp432p4xx_driverlib.lib : gpio.o (.text:GPIO_getEnabledInterruptStatus)
                  00005c1c    00000030                              : gpio.o (.text:GPIO_setAsInputPinWithPullDownResistor)
                  00005c4c    00000030                              : gpio.o (.text:GPIO_setAsInputPinWithPullUpResistor)
                  00005c7c    00000030     drivers_MSP432P401R.aem4f : GPIOMSP432.oem4f (.text:GPIO_toggle)
                  00005cac    00000030                               : PowerMSP432.oem4f (.text:Power_init)
                  00005cdc    00000030     alarm_clock_pem4f.oem4f (.text:ti_sysbios_BIOS_atExitFunc__I)
                  00005d0c    00000030     alarm_clock_pem4f.oem4f (.text:ti_sysbios_gates_GateHwi_Object__create__S)
                  00005d3c    00000030     alarm_clock_pem4f.oem4f (.text:ti_sysbios_gates_GateMutex_Object__create__S)
                  00005d6c    00000030     alarm_clock_pem4f.oem4f (.text:ti_sysbios_heaps_HeapMem_Object__create__S)
                  00005d9c    00000030     alarm_clock_pem4f.oem4f (.text:ti_sysbios_knl_Semaphore_construct)
                  00005dcc    00000030     alarm_clock_pem4f.oem4f (.text:ti_uia_loggers_LoggerStopMode_Object__create__S)
                  00005dfc    00000030     ti.targets.arm.rtsarm.aem4f : SysMin.oem4f (.text:xdc_runtime_SysMin_abort__E)
                  00005e2c    00000030                                 : System.oem4f (.text:xdc_runtime_System_processAtExit__E)
                  00005e5c    0000002c     msp432p4xx_driverlib.lib : gpio.o (.text:GPIO_setAsInputPin)
                  00005e88    0000002c                              : pcm.o (.text:PCM_getCoreVoltageLevel)
                  00005eb4    0000002c     drivers_MSP432P401R.aem4f : PowerMSP432_tirtos.oem4f (.text:PowerMSP432_updateFreqs)
                  00005ee0    0000002c     sysbios.aem4f : BIOS.obj (.text:ti_sysbios_family_arm_m3_Hwi_Instance_finalize__E)
                  00005f0c    0000002c     alarm_clock_pem4f.oem4f (.text:ti_sysbios_knl_Clock_doTick__I)
                  00005f38    0000002c     alarm_clock_pem4f.oem4f (.text:ti_sysbios_knl_Queue_construct)
                  00005f64    00000004     --HOLE-- [fill = 0]
                  00005f68    0000002c     sysbios.aem4f : BIOS.obj (.text:ti_sysbios_knl_Task_restore__E)
                  00005f94    0000002c     ti.targets.arm.rtsarm.aem4f : Text.oem4f (.text:xdc_runtime_Text_cordText__E)
                  00005fc0    0000002a     msp432p4xx_driverlib.lib : pcm.o (.text:PCM_getPowerMode)
                  00005fea    0000002a     ti.targets.arm.rtsarm.aem4f : System.oem4f (.text:xdc_runtime_System_putchar__I)
                  00006014    00000028     msp432p4xx_driverlib.lib : flash.o (.text:FlashCtl_setWaitState)
                  0000603c    00000028                              : pcm.o (.text:PCM_gotoLPM0)
                  00006064    00000028     alarm_clock_pem4f.oem4f (.text:ti_sysbios_BIOS_startFunc__I)
                  0000608c    00000004     --HOLE-- [fill = 0]
                  00006090    00000028     sysbios.aem4f : BIOS.obj (.text:ti_sysbios_knl_Swi_Module_startup__E)
                  000060b8    00000026                   : m3_Hwi_asm.obj (.text:ti_sysbios_family_arm_m3_Hwi_pendSV__I)
                  000060de    00000026     ti.targets.arm.rtsarm.aem4f : System.oem4f (.text:xdc_runtime_System_avprintf__E)
                  00006104    00000024     msp432p4xx_driverlib.lib : cs.o (.text:CS_setDCOCenteredFrequency)
                  00006128    00000024                              : gpio.o (.text:GPIO_setAsOutputPin)
                  0000614c    00000024                              : rtc_c.o (.text:RTC_C_holdClock)
                  00006170    00000024     alarm_clock_pem4f.oem4f (.text:ti_sysbios_BIOS_errorRaiseHook__I)
                  00006194    00000024     alarm_clock_pem4f.oem4f (.text:ti_sysbios_BIOS_registerRTSLock__I)
                  000061b8    00000024     alarm_clock_pem4f.oem4f (.text:ti_sysbios_BIOS_removeRTSLock__I)
                  000061dc    00000004     --HOLE-- [fill = 0]
                  000061e0    00000024     sysbios.aem4f : BIOS.obj (.text:ti_sysbios_family_arm_m3_Hwi_doTaskRestore__I)
                  00006204    00000004     --HOLE-- [fill = 0]
                  00006208    00000024                   : BIOS.obj (.text:ti_sysbios_family_arm_m3_Timer_startup__E)
                  0000622c    00000004     --HOLE-- [fill = 0]
                  00006230    00000024                   : BIOS.obj (.text:ti_sysbios_family_arm_msp432_ClockFreqs_setFrequency__E)
                  00006254    00000024     alarm_clock_pem4f.oem4f (.text:ti_sysbios_gates_GateMutex_Object__delete__S)
                  00006278    00000024     sysbios.aem4f : BIOS.obj (.text:ti_sysbios_knl_Clock_Module_startup__E)
                  0000629c    00000024     ti.targets.arm.rtsarm.aem4f : System.oem4f (.text:xdc_runtime_System_vprintf__E)
                  000062c0    00000022     alarm_clock_pem4f.oem4f (.text:xdc_runtime_SysMin_output__I)
                  000062e2    00000002     --HOLE-- [fill = 0]
                  000062e4    00000020     msp432p4xx_driverlib.lib : gpio.o (.text:GPIO_interruptEdgeSelect)
                  00006304    00000020     drivers_MSP432P401R.aem4f : PowerMSP432.oem4f (.text:Power_idleFunc)
                  00006324    00000020     alarm_clock_pem4f.oem4f (.text:ti_sysbios_BIOS_rtsLock__I)
                  00006344    00000020     sysbios.aem4f : m3_Hwi_asm.obj (.text:ti_sysbios_family_arm_m3_Hwi_excHandlerAsm__I)
                  00006364    00000004     --HOLE-- [fill = 0]
                  00006368    00000020                   : BIOS.obj (.text:ti_sysbios_family_arm_m3_Hwi_excHandler__I)
                  00006388    00000020                   : BIOS.obj (.text:ti_sysbios_family_arm_m3_TimestampProvider_Module_startup__E)
                  000063a8    00000020     alarm_clock_pem4f.oem4f (.text:ti_sysbios_gates_GateHwi_Object__delete__S)
                  000063c8    00000020     alarm_clock_pem4f.oem4f (.text:ti_sysbios_heaps_HeapMem_Object__delete__S)
                  000063e8    00000020     sysbios.aem4f : BIOS.obj (.text:ti_sysbios_knl_Idle_run__E)
                  00006408    00000020     alarm_clock_pem4f.oem4f (.text:ti_sysbios_knl_Semaphore_Object__destruct__S)
                  00006428    00000020     alarm_clock_pem4f.oem4f (.text:ti_uia_loggers_LoggerStopMode_Object__delete__S)
                  00006448    00000020     ti.targets.arm.rtsarm.aem4f : Registry.oem4f (.text:xdc_runtime_Registry_findById__E)
                  00006468    00000020                                 : SysMin.oem4f (.text:xdc_runtime_SysMin_Module_startup__E)
                  00006488    0000001e     sysbios.aem4f : m3_Hwi_asm_switch.obj (.text:ti_sysbios_family_xxx_Hwi_switchAndRunFunc)
                  000064a6    00000002     --HOLE-- [fill = 0]
                  000064a8    0000001c                   : BIOS.obj (.text:ti_sysbios_gates_GateMutex_Instance_init__E)
                  000064c4    0000001c     alarm_clock_pem4f.oem4f (.text:ti_sysbios_knl_Queue_Object__destruct__S)
                  000064e0    0000001c     sysbios.aem4f : BIOS.obj (.text:ti_sysbios_knl_Task_enter__I)
                  000064fc    0000001c     ti.uia.loggers.aem4f : LoggerStopMode.oem4f (.text:ti_uia_loggers_LoggerStopMode_Instance_init__E)
                  00006518    0000001c     ti.targets.arm.rtsarm.aem4f : Error.oem4f (.text:xdc_runtime_Error_raiseX__E)
                  00006534    0000001c                                 : Memory.oem4f (.text:xdc_runtime_Memory_valloc__E)
                  00006550    0000001c                                 : SysMin.oem4f (.text:xdc_runtime_SysMin_exit__E)
                  0000656c    0000001c                                 : System.oem4f (.text:xdc_runtime_System_abort__E)
                  00006588    0000001a     alarm_clock_pem4f.oem4f (.text:ti_sysbios_family_arm_m3_Hwi_Handle__label__S)
                  000065a2    0000001a     alarm_clock_pem4f.oem4f (.text:ti_sysbios_gates_GateHwi_Handle__label__S)
                  000065bc    0000001a     alarm_clock_pem4f.oem4f (.text:ti_sysbios_gates_GateMutex_Handle__label__S)
                  000065d6    0000001a     alarm_clock_pem4f.oem4f (.text:ti_sysbios_heaps_HeapMem_Handle__label__S)
                  000065f0    0000001a     alarm_clock_pem4f.oem4f (.text:ti_sysbios_knl_Swi_Handle__label__S)
                  0000660a    0000001a     alarm_clock_pem4f.oem4f (.text:ti_sysbios_knl_Task_Handle__label__S)
                  00006624    00000004     --HOLE-- [fill = 0]
                  00006628    0000001a     sysbios.aem4f : BIOS.obj (.text:ti_sysbios_knl_Task_sleepTimeout__I)
                  00006642    0000001a     alarm_clock_pem4f.oem4f (.text:ti_uia_loggers_LoggerStopMode_Handle__label__S)
                  0000665c    0000001a     alarm_clock_pem4f.oem4f (.text:xdc_runtime_System_aprintf__E)
                  00006676    0000001a     alarm_clock_pem4f.oem4f (.text:xdc_runtime_System_printf__E)
                  00006690    00000018     msp432p4xx_driverlib.lib : gpio.o (.text:GPIO_clearInterruptFlag)
                  000066a8    00000018                              : gpio.o (.text:GPIO_setDriveStrengthLow)
                  000066c0    00000018                              : gpio.o (.text:GPIO_setOutputLowOnPin)
                  000066d8    00000018                              : wdt_a.o (.text:WDT_A_holdTimer)
                  000066f0    00000018     rtsv7M4_T_le_v4SPD16_eabi.lib : args_main.obj (.text)
                  00006708    00000018     alarm_clock_pem4f.oem4f (.text:ti_sysbios_BIOS_rtsUnlock__I)
                  00006720    00000018     alarm_clock_pem4f.oem4f (.text:ti_sysbios_family_arm_m3_Hwi_Module__startupDone__F)
                  00006738    00000018     sysbios.aem4f : m3_TaskSupport_asm.obj (.text:ti_sysbios_family_arm_m3_TaskSupport_swap__E)
                  00006750    00000018     alarm_clock_pem4f.oem4f (.text:ti_sysbios_family_arm_msp432_Timer_Module__startupDone__F)
                  00006768    00000018     sysbios.aem4f : BIOS.obj (.text:ti_sysbios_gates_GateMutex_leave__E)
                  00006780    00000018     ti.targets.arm.rtsarm.aem4f : Error.oem4f (.text:xdc_runtime_Error_check__E)
                  00006798    00000018                                 : System.oem4f (.text:xdc_runtime_System_exit__E)
                  000067b0    00000018                                 : Text.oem4f (.text:xdc_runtime_Text_ropeText__E)
                  000067c8    00000016     alarm_clock_pem4f.oem4f (.text:ti_sysbios_BIOS_exitFunc__I)
                  000067de    00000016     ti.uia.loggers.aem4f : LoggerStopMode.oem4f (.text:ti_uia_loggers_LoggerStopMode_disable__E)
                  000067f4    00000016                          : LoggerStopMode.oem4f (.text:ti_uia_loggers_LoggerStopMode_enable__E)
                  0000680a    00000002     --HOLE-- [fill = 0]
                  0000680c    00000014     msp432p4xx_driverlib.lib : gpio.o (.text:GPIO_setDriveStrengthHigh)
                  00006820    00000014                              : gpio.o (.text:GPIO_setOutputHighOnPin)
                  00006834    00000014                              : gpio.o (.text:GPIO_toggleOutputOnPin)
                  00006848    00000014     alarm_clock.obj (.text:heartBeatFxn)
                  0000685c    00000014     rtsv7M4_T_le_v4SPD16_eabi.lib : _lock.obj (.text)
                  00006870    00000014                                   : strcpy.obj (.text)
                  00006884    00000014                                   : strlen.obj (.text)
                  00006898    00000014     alarm_clock_pem4f.oem4f (.text:ti_sysbios_family_arm_m3_Hwi_Object__get__S)
                  000068ac    00000004     --HOLE-- [fill = 0]
                  000068b0    00000014     sysbios.aem4f : BIOS.obj (.text:ti_sysbios_family_arm_m3_Hwi_switchFromBootStack__E)
                  000068c4    00000014     alarm_clock_pem4f.oem4f (.text:ti_sysbios_heaps_HeapMem_Object__get__S)
                  000068d8    00000014     alarm_clock_pem4f.oem4f (.text:ti_sysbios_knl_Swi_Object__get__S)
                  000068ec    00000004     --HOLE-- [fill = 0]
                  000068f0    00000012     sysbios.aem4f : BIOS.obj (.text:ti_sysbios_hal_Hwi_Module_startup__E)
                  00006902    00000012     alarm_clock_pem4f.oem4f (.text:xdc_runtime_Startup_exec__I)
                  00006914    00000010     msp432p4xx_driverlib.lib : gpio.o (.text:GPIO_getInterruptStatus)
                  00006924    00000010                              : pcm.o (.text:PCM_getPowerState)
                  00006934    00000004     --HOLE-- [fill = 0]
                  00006938    00000010     sysbios.aem4f : BIOS.obj (.text:ti_sysbios_BIOS_getCpuFreq__E)
                  00006948    00000010                   : BIOS.obj (.text:ti_sysbios_BIOS_setCpuFreq__E)
                  00006958    00000010                   : BIOS.obj (.text:ti_sysbios_BIOS_setThreadType__E)
                  00006968    00000010                   : BIOS.obj (.text:ti_sysbios_BIOS_start__E)
                  00006978    00000010                   : m3_TaskSupport_asm.obj (.text:ti_sysbios_family_arm_m3_TaskSupport_glue)
                  00006988    00000010                   : BIOS.obj (.text:ti_sysbios_family_arm_msp432_init_Boot_disableWatchdog)
                  00006998    00000010                   : BIOS.obj (.text:ti_sysbios_gates_GateMutex_Instance_finalize__E)
                  000069a8    00000010                   : BIOS.obj (.text:ti_sysbios_knl_Semaphore_Instance_finalize__E)
                  000069b8    00000010                   : BIOS.obj (.text:ti_sysbios_knl_Swi_disable__E)
                  000069c8    00000010     alarm_clock_pem4f.oem4f (.text:ti_sysbios_knl_Task_Object__get__S)
                  000069d8    00000010     sysbios.aem4f : BIOS.obj (.text:ti_sysbios_knl_Task_disable__E)
                  000069e8    00000010     alarm_clock_pem4f.oem4f (.text:ti_uia_loggers_LoggerStopMode_Object__get__S)
                  000069f8    00000010     ti.uia.loggers.aem4f : LoggerStopMode.oem4f (.text:ti_uia_loggers_LoggerStopMode_isEmpty__E)
                  00006a08    00000010     ti.targets.arm.rtsarm.aem4f : Gate.oem4f (.text:xdc_runtime_Gate_leaveSystem__E)
                  00006a18    00000010                                 : Memory.oem4f (.text:xdc_runtime_Memory_free__E)
                  00006a28    00000010                                 : SysMin.oem4f (.text:xdc_runtime_SysMin_ready__E)
                  00006a38    00000010                                 : System.oem4f (.text:xdc_runtime_System_vsnprintf__E)
                  00006a48    00000010     alarm_clock_pem4f.oem4f (.text:xdc_runtime_Text_visitRope__I)
                  00006a58    0000000e     tirtosport.aem4f : HwiP_tirtos.oem4f (.text:HwiP_Params_init)
                  00006a66    0000000e     rtsv7M4_T_le_v4SPD16_eabi.lib : copy_decompress_none.obj (.text:decompress:none)
                  00006a74    00000004     --HOLE-- [fill = 0]
                  00006a78    0000000e     sysbios.aem4f : BIOS.obj (.text:ti_sysbios_knl_Idle_loop__E)
                  00006a86    00000002     --HOLE-- [fill = 0]
                  00006a88    0000000e                   : BIOS.obj (.text:ti_sysbios_knl_Queue_empty__E)
                  00006a96    0000000c     alarm_clock_pem4f.oem4f (.text:.bootCodeSection:ti_sysbios_family_arm_msp432_init_Boot_init__I)
                  00006aa2    0000000c     msp432p4xx_driverlib.lib : cpu.o (.text:CPU_cpsid)
                  00006aae    0000000c                              : cpu.o (.text:CPU_cpsie)
                  00006aba    00000002     --HOLE-- [fill = 0]
                  00006abc    0000000c     drivers_MSP432P401R.aem4f : PowerMSP432.oem4f (.text:Power_getConstraintMask)
                  00006ac8    0000000c     rtsv7M4_T_le_v4SPD16_eabi.lib : copy_zero_init.obj (.text:decompress:ZI)
                  00006ad4    0000000c     alarm_clock_pem4f.oem4f (.text:ti_sysbios_family_arm_m3_Hwi_Params__init__S)
                  00006ae0    0000000c     sysbios.aem4f : BIOS.obj (.text:ti_sysbios_family_arm_m3_Hwi_disableFxn__E)
                  00006aec    00000004     --HOLE-- [fill = 0]
                  00006af0    0000000c                   : BIOS.obj (.text:ti_sysbios_family_arm_m3_TaskSupport_checkStack__E)
                  00006afc    00000004     --HOLE-- [fill = 0]
                  00006b00    0000000c                   : BIOS.obj (.text:ti_sysbios_family_arm_m3_TimestampProvider_startTimer__E)
                  00006b0c    00000004     --HOLE-- [fill = 0]
                  00006b10    0000000c                   : BIOS.obj (.text:ti_sysbios_family_arm_msp432_Timer_getMaxTicks__E)
                  00006b1c    00000004     --HOLE-- [fill = 0]
                  00006b20    0000000c                   : BIOS.obj (.text:ti_sysbios_gates_GateHwi_enter__E)
                  00006b2c    0000000c     alarm_clock_pem4f.oem4f (.text:ti_sysbios_knl_Queue_Object__get__S)
                  00006b38    0000000c     ti.targets.arm.rtsarm.aem4f : Error.oem4f (.text:xdc_runtime_Error_init__E)
                  00006b44    0000000c                                 : Gate.oem4f (.text:xdc_runtime_Gate_enterSystem__E)
                  00006b50    0000000c                                 : Memory.oem4f (.text:xdc_runtime_Memory_calloc__E)
                  00006b5c    0000000c                                 : Memory.oem4f (.text:xdc_runtime_Memory_getMaxDefaultTypeAlign__E)
                  00006b68    0000000a     alarm_clock_pem4f.oem4f (.text:xdc_runtime_IHeap_alloc)
                  00006b72    0000000a     alarm_clock_pem4f.oem4f (.text:xdc_runtime_IHeap_free)
                  00006b7c    00000008     MSP_EXP432P401RLP.obj (.text:MSP_EXP432P401RLP_initGPIO)
                  00006b84    00000008     MSP_EXP432P401RLP.obj (.text:MSP_EXP432P401RLP_initGeneral)
                  00006b8c    00000004     --HOLE-- [fill = 0]
                  00006b90    00000008     sysbios.aem4f : BIOS.obj (.text:ti_sysbios_family_arm_m3_Hwi_doSwiRestore__I)
                  00006b98    00000008                   : BIOS.obj (.text:ti_sysbios_family_arm_m3_Hwi_startup__E)
                  00006ba0    00000006     ti.targets.arm.rtsarm.aem4f : xdc_noinit.oem4f (.text:__xdc__init)
                  00006ba6    00000006     rtsv7M4_T_le_v4SPD16_eabi.lib : copy_decompress_rle.obj (.text:decompress:rle24)
                  00006bac    00000004     --HOLE-- [fill = 0]
                  00006bb0    00000006     sysbios.aem4f : BIOS.obj (.text:ti_sysbios_family_arm_m3_Hwi_restoreFxn__E)
                  00006bb6    00000002     --HOLE-- [fill = 0]
                  00006bb8    00000006                   : BIOS.obj (.text:ti_sysbios_gates_GateHwi_leave__E)
                  00006bbe    00000002     --HOLE-- [fill = 0]
                  00006bc0    00000006                   : BIOS.obj (.text:ti_sysbios_heaps_HeapMem_isBlocking__E)
                  00006bc6    00000002     --HOLE-- [fill = 0]
                  00006bc8    00000006                   : BIOS.obj (.text:ti_sysbios_knl_Queue_Instance_init__E)
                  00006bce    00000002     --HOLE-- [fill = 0]
                  00006bd0    00000006                   : BIOS.obj (.text:ti_sysbios_knl_Swi_startup__E)
                  00006bd6    00000006     ti.targets.arm.rtsarm.aem4f : System.oem4f (.text:xdc_runtime_System_Module_startup__E)
                  00006bdc    00000004     --HOLE-- [fill = 0]
                  00006be0    00000004     sysbios.aem4f : BIOS.obj (.text:ti_sysbios_gates_GateHwi_query__E)
                  00006be4    00000004     --HOLE-- [fill = 0]
                  00006be8    00000004                   : BIOS.obj (.text:ti_sysbios_gates_GateMutex_query__E)
                  00006bec    00000004     --HOLE-- [fill = 0]
                  00006bf0    00000004                   : BIOS.obj (.text:ti_sysbios_knl_Task_startup__E)
                  00006bf4    00000004     --HOLE-- [fill = 0]
                  00006bf8    00000002                   : BIOS.obj (.text:ti_sysbios_family_arm_m3_TimestampProvider_rolloverFunc__E)
                  00006bfa    00000006     --HOLE-- [fill = 0]
                  00006c00    00000002                   : BIOS.obj (.text:ti_sysbios_gates_GateHwi_Instance_init__E)

.const     0    00006c04    0000262a     
                  00006c04    00001ec7     alarm_clock_pem4f.oem4f (.const:xdc_runtime_Text_charTab__A)
                  00008acb    00000001     alarm_clock_pem4f.oem4f (.const:xdc_runtime_Error_policy__C)
                  00008acc    000000f8     alarm_clock_pem4f.oem4f (.const:xdc_runtime_Text_nodeTab__A)
                  00008bc4    00000060     alarm_clock_pem4f.oem4f (.const:ti_uia_loggers_LoggerStopMode_Module__FXNS__C)
                  00008c24    00000048     alarm_clock_pem4f.oem4f (.const:.string)
                  00008c6c    00000030     msp432p4xx_driverlib.lib : gpio.o (.const:GPIO_PORT_TO_BASE)
                  00008c9c    00000030     alarm_clock_pem4f.oem4f (.const:ti_sysbios_family_arm_m3_Hwi_Object__PARAMS__C)
                  00008ccc    0000002c     alarm_clock_pem4f.oem4f (.const:xdc_runtime_Startup_sfxnTab__A)
                  00008cf8    00000028     alarm_clock_pem4f.oem4f (.const:ti_sysbios_heaps_HeapMem_Module__FXNS__C)
                  00008d20    00000028     alarm_clock_pem4f.oem4f (.const:ti_uia_loggers_LoggerStopMode_Object__PARAMS__C)
                  00008d48    00000024     alarm_clock_pem4f.oem4f (.const:ti_sysbios_gates_GateHwi_Module__FXNS__C)
                  00008d6c    00000024     alarm_clock_pem4f.oem4f (.const:ti_sysbios_gates_GateMutex_Module__FXNS__C)
                  00008d90    00000024     alarm_clock_pem4f.oem4f (.const:ti_sysbios_heaps_HeapMem_Object__PARAMS__C)
                  00008db4    00000024     alarm_clock_pem4f.oem4f (.const:ti_sysbios_knl_Semaphore_Object__PARAMS__C)
                  00008dd8    00000020     alarm_clock_pem4f.oem4f (.const:ti_sysbios_family_arm_m3_Hwi_Object__DESC__C)
                  00008df8    00000020     alarm_clock_pem4f.oem4f (.const:ti_sysbios_gates_GateHwi_Object__DESC__C)
                  00008e18    00000020     alarm_clock_pem4f.oem4f (.const:ti_sysbios_gates_GateMutex_Object__DESC__C)
                  00008e38    00000020     alarm_clock_pem4f.oem4f (.const:ti_sysbios_heaps_HeapMem_Object__DESC__C)
                  00008e58    00000020     alarm_clock_pem4f.oem4f (.const:ti_sysbios_knl_Queue_Object__DESC__C)
                  00008e78    00000020     alarm_clock_pem4f.oem4f (.const:ti_sysbios_knl_Semaphore_Object__DESC__C)
                  00008e98    00000020     alarm_clock_pem4f.oem4f (.const:ti_uia_loggers_LoggerStopMode_Object__DESC__C)
                  00008eb8    00000018     alarm_clock_pem4f.oem4f (.const:ti_sysbios_gates_GateHwi_Object__PARAMS__C)
                  00008ed0    00000018     alarm_clock_pem4f.oem4f (.const:ti_sysbios_gates_GateMutex_Object__PARAMS__C)
                  00008ee8    00000018     alarm_clock_pem4f.oem4f (.const:ti_sysbios_knl_Queue_Object__PARAMS__C)
                  00008f00    00000016     alarm_clock_pem4f.oem4f (.const:xdc_runtime_Startup_sfxnRts__A)
                  00008f16    00000002     alarm_clock_pem4f.oem4f (.const:ti_sysbios_family_arm_m3_Hwi_Module__id__C)
                  00008f18    00000014     MSP_EXP432P401RLP.obj (.const:GPIOMSP432_config)
                  00008f2c    00000011     ti.targets.arm.rtsarm.aem4f : System.oem4f (.const:.string)
                  00008f3d    00000001     --HOLE-- [fill = 0]
                  00008f3e    00000002     alarm_clock_pem4f.oem4f (.const:ti_sysbios_family_arm_m3_Hwi_Module__loggerDefined__C)
                  00008f40    00000010     MSP_EXP432P401RLP.obj (.const)
                  00008f50    0000000c     drivers_MSP432P401R.aem4f : GPIOMSP432.oem4f (.const:.string)
                  00008f5c    0000000c     alarm_clock_pem4f.oem4f (.const:ti_sysbios_knl_Idle_funcList__A)
                  00008f68    0000000c     alarm_clock_pem4f.oem4f (.const:xdc_runtime_Startup_firstFxns__A)
                  00008f74    00000008     alarm_clock_pem4f.oem4f (.const:ti_sysbios_family_arm_m3_Hwi_excHookFuncs__A)
                  00008f7c    00000008     alarm_clock_pem4f.oem4f (.const:ti_sysbios_knl_Idle_funcList__C)
                  00008f84    00000008     alarm_clock_pem4f.oem4f (.const:xdc_runtime_Startup_firstFxns__C)
                  00008f8c    00000008     alarm_clock_pem4f.oem4f (.const:xdc_runtime_Startup_lastFxns__C)
                  00008f94    00000004     alarm_clock_pem4f.oem4f (.const:ti_sysbios_family_arm_m3_Hwi_E_NMI__C)
                  00008f98    00000004     alarm_clock_pem4f.oem4f (.const:ti_sysbios_family_arm_m3_Hwi_E_alreadyDefined__C)
                  00008f9c    00000004     alarm_clock_pem4f.oem4f (.const:ti_sysbios_family_arm_m3_Hwi_E_busFault__C)
                  00008fa0    00000004     alarm_clock_pem4f.oem4f (.const:ti_sysbios_family_arm_m3_Hwi_E_debugMon__C)
                  00008fa4    00000004     alarm_clock_pem4f.oem4f (.const:ti_sysbios_family_arm_m3_Hwi_E_hardFault__C)
                  00008fa8    00000004     alarm_clock_pem4f.oem4f (.const:ti_sysbios_family_arm_m3_Hwi_E_memFault__C)
                  00008fac    00000004     alarm_clock_pem4f.oem4f (.const:ti_sysbios_family_arm_m3_Hwi_E_noIsr__C)
                  00008fb0    00000004     alarm_clock_pem4f.oem4f (.const:ti_sysbios_family_arm_m3_Hwi_E_reserved__C)
                  00008fb4    00000004     alarm_clock_pem4f.oem4f (.const:ti_sysbios_family_arm_m3_Hwi_E_svCall__C)
                  00008fb8    00000004     alarm_clock_pem4f.oem4f (.const:ti_sysbios_family_arm_m3_Hwi_E_usageFault__C)
                  00008fbc    00000004     alarm_clock_pem4f.oem4f (.const:ti_sysbios_family_arm_m3_Hwi_LD_end__C)
                  00008fc0    00000004     alarm_clock_pem4f.oem4f (.const:ti_sysbios_family_arm_m3_Hwi_LM_begin__C)
                  00008fc4    00000004     alarm_clock_pem4f.oem4f (.const:ti_sysbios_family_arm_m3_Hwi_Module__diagsEnabled__C)
                  00008fc8    00000004     alarm_clock_pem4f.oem4f (.const:ti_sysbios_family_arm_m3_Hwi_Module__diagsIncluded__C)
                  00008fcc    00000004     alarm_clock_pem4f.oem4f (.const:ti_sysbios_family_arm_m3_Hwi_Module__diagsMask__C)
                  00008fd0    00000004     alarm_clock_pem4f.oem4f (.const:ti_sysbios_family_arm_m3_Hwi_Module__loggerFxn1__C)
                  00008fd4    00000004     alarm_clock_pem4f.oem4f (.const:ti_sysbios_family_arm_m3_Hwi_Module__loggerFxn8__C)
                  00008fd8    00000004     alarm_clock_pem4f.oem4f (.const:ti_sysbios_family_arm_m3_Hwi_Module__loggerObj__C)
                  00008fdc    00000004     alarm_clock_pem4f.oem4f (.const:ti_sysbios_family_arm_m3_Hwi_NUM_INTERRUPTS__C)
                  00008fe0    00000004     alarm_clock_pem4f.oem4f (.const:ti_sysbios_family_arm_m3_Hwi_Object__count__C)
                  00008fe4    00000004     alarm_clock_pem4f.oem4f (.const:ti_sysbios_family_arm_m3_Hwi_ccr__C)
                  00008fe8    00000004     alarm_clock_pem4f.oem4f (.const:ti_sysbios_family_arm_m3_Hwi_excHandlerFunc__C)
                  00008fec    00000004     alarm_clock_pem4f.oem4f (.const:ti_sysbios_family_arm_m3_Hwi_excHookFuncs__C)
                  00008ff0    00000004     alarm_clock_pem4f.oem4f (.const:ti_sysbios_family_arm_m3_Hwi_nullIsrFunc__C)
                  00008ff4    00000004     alarm_clock_pem4f.oem4f (.const:ti_sysbios_family_arm_m3_Hwi_priGroup__C)
                  00008ff8    00000004     alarm_clock_pem4f.oem4f (.const:ti_sysbios_family_arm_m3_Timer_E_cannotSupport__C)
                  00008ffc    00000004     alarm_clock_pem4f.oem4f (.const:ti_sysbios_family_arm_m3_Timer_startupNeeded__C)
                  00009000    00000004     alarm_clock_pem4f.oem4f (.const:ti_sysbios_family_arm_msp432_Timer_numTimerDevices__C)
                  00009004    00000004     alarm_clock_pem4f.oem4f (.const:ti_sysbios_family_arm_msp432_Timer_startupNeeded__C)
                  00009008    00000004     alarm_clock_pem4f.oem4f (.const:ti_sysbios_gates_GateMutex_A_badContext__C)
                  0000900c    00000004     alarm_clock_pem4f.oem4f (.const:ti_sysbios_gates_GateMutex_Instance_State_sem__O)
                  00009010    00000004     alarm_clock_pem4f.oem4f (.const:ti_sysbios_gates_GateMutex_Module__diagsEnabled__C)
                  00009014    00000004     alarm_clock_pem4f.oem4f (.const:ti_sysbios_gates_GateMutex_Module__diagsIncluded__C)
                  00009018    00000004     alarm_clock_pem4f.oem4f (.const:ti_sysbios_gates_GateMutex_Module__diagsMask__C)
                  0000901c    00000004     alarm_clock_pem4f.oem4f (.const:ti_sysbios_hal_Hwi_E_stackOverflow__C)
                  00009020    00000004     alarm_clock_pem4f.oem4f (.const:ti_sysbios_heaps_HeapMem_A_align__C)
                  00009024    00000004     alarm_clock_pem4f.oem4f (.const:ti_sysbios_heaps_HeapMem_A_heapSize__C)
                  00009028    00000004     alarm_clock_pem4f.oem4f (.const:ti_sysbios_heaps_HeapMem_A_invalidFree__C)
                  0000902c    00000004     alarm_clock_pem4f.oem4f (.const:ti_sysbios_heaps_HeapMem_A_zeroBlock__C)
                  00009030    00000004     alarm_clock_pem4f.oem4f (.const:ti_sysbios_heaps_HeapMem_E_memory__C)
                  00009034    00000004     alarm_clock_pem4f.oem4f (.const:ti_sysbios_heaps_HeapMem_Module__diagsEnabled__C)
                  00009038    00000004     alarm_clock_pem4f.oem4f (.const:ti_sysbios_heaps_HeapMem_Module__diagsIncluded__C)
                  0000903c    00000004     alarm_clock_pem4f.oem4f (.const:ti_sysbios_heaps_HeapMem_Module__diagsMask__C)
                  00009040    00000004     alarm_clock_pem4f.oem4f (.const:ti_sysbios_heaps_HeapMem_Module__gateObj__C)
                  00009044    00000004     alarm_clock_pem4f.oem4f (.const:ti_sysbios_heaps_HeapMem_Object__count__C)
                  00009048    00000004     alarm_clock_pem4f.oem4f (.const:ti_sysbios_heaps_HeapMem_reqAlign__C)
                  0000904c    00000004     alarm_clock_pem4f.oem4f (.const:ti_sysbios_knl_Clock_LM_begin__C)
                  00009050    00000004     alarm_clock_pem4f.oem4f (.const:ti_sysbios_knl_Clock_LM_tick__C)
                  00009054    00000004     alarm_clock_pem4f.oem4f (.const:ti_sysbios_knl_Clock_LW_delayed__C)
                  00009058    00000004     alarm_clock_pem4f.oem4f (.const:ti_sysbios_knl_Clock_Module_State_clockQ__O)
                  0000905c    00000004     alarm_clock_pem4f.oem4f (.const:ti_sysbios_knl_Clock_Module__diagsEnabled__C)
                  00009060    00000004     alarm_clock_pem4f.oem4f (.const:ti_sysbios_knl_Clock_Module__diagsIncluded__C)
                  00009064    00000004     alarm_clock_pem4f.oem4f (.const:ti_sysbios_knl_Clock_Module__diagsMask__C)
                  00009068    00000004     alarm_clock_pem4f.oem4f (.const:ti_sysbios_knl_Clock_Module__loggerFxn1__C)
                  0000906c    00000004     alarm_clock_pem4f.oem4f (.const:ti_sysbios_knl_Clock_Module__loggerFxn2__C)
                  00009070    00000004     alarm_clock_pem4f.oem4f (.const:ti_sysbios_knl_Clock_Module__loggerObj__C)
                  00009074    00000004     alarm_clock_pem4f.oem4f (.const:ti_sysbios_knl_Semaphore_A_badContext__C)
                  00009078    00000004     alarm_clock_pem4f.oem4f (.const:ti_sysbios_knl_Semaphore_A_noEvents__C)
                  0000907c    00000004     alarm_clock_pem4f.oem4f (.const:ti_sysbios_knl_Semaphore_A_overflow__C)
                  00009080    00000004     alarm_clock_pem4f.oem4f (.const:ti_sysbios_knl_Semaphore_A_pendTaskDisabled__C)
                  00009084    00000004     alarm_clock_pem4f.oem4f (.const:ti_sysbios_knl_Semaphore_Instance_State_pendQ__O)
                  00009088    00000004     alarm_clock_pem4f.oem4f (.const:ti_sysbios_knl_Semaphore_LM_pend__C)
                  0000908c    00000004     alarm_clock_pem4f.oem4f (.const:ti_sysbios_knl_Semaphore_LM_post__C)
                  00009090    00000004     alarm_clock_pem4f.oem4f (.const:ti_sysbios_knl_Semaphore_Module__diagsEnabled__C)
                  00009094    00000004     alarm_clock_pem4f.oem4f (.const:ti_sysbios_knl_Semaphore_Module__diagsIncluded__C)
                  00009098    00000004     alarm_clock_pem4f.oem4f (.const:ti_sysbios_knl_Semaphore_Module__diagsMask__C)
                  0000909c    00000004     alarm_clock_pem4f.oem4f (.const:ti_sysbios_knl_Semaphore_Module__loggerFxn2__C)
                  000090a0    00000004     alarm_clock_pem4f.oem4f (.const:ti_sysbios_knl_Semaphore_Module__loggerFxn4__C)
                  000090a4    00000004     alarm_clock_pem4f.oem4f (.const:ti_sysbios_knl_Semaphore_Module__loggerObj__C)
                  000090a8    00000004     alarm_clock_pem4f.oem4f (.const:ti_sysbios_knl_Swi_LD_end__C)
                  000090ac    00000004     alarm_clock_pem4f.oem4f (.const:ti_sysbios_knl_Swi_LM_begin__C)
                  000090b0    00000004     alarm_clock_pem4f.oem4f (.const:ti_sysbios_knl_Swi_LM_post__C)
                  000090b4    00000004     alarm_clock_pem4f.oem4f (.const:ti_sysbios_knl_Swi_Module__diagsEnabled__C)
                  000090b8    00000004     alarm_clock_pem4f.oem4f (.const:ti_sysbios_knl_Swi_Module__diagsIncluded__C)
                  000090bc    00000004     alarm_clock_pem4f.oem4f (.const:ti_sysbios_knl_Swi_Module__diagsMask__C)
                  000090c0    00000004     alarm_clock_pem4f.oem4f (.const:ti_sysbios_knl_Swi_Module__loggerFxn1__C)
                  000090c4    00000004     alarm_clock_pem4f.oem4f (.const:ti_sysbios_knl_Swi_Module__loggerFxn4__C)
                  000090c8    00000004     alarm_clock_pem4f.oem4f (.const:ti_sysbios_knl_Swi_Module__loggerObj__C)
                  000090cc    00000004     alarm_clock_pem4f.oem4f (.const:ti_sysbios_knl_Swi_Object__count__C)
                  000090d0    00000004     alarm_clock_pem4f.oem4f (.const:ti_sysbios_knl_Task_A_badTimeout__C)
                  000090d4    00000004     alarm_clock_pem4f.oem4f (.const:ti_sysbios_knl_Task_A_sleepTaskDisabled__C)
                  000090d8    00000004     alarm_clock_pem4f.oem4f (.const:ti_sysbios_knl_Task_E_spOutOfBounds__C)
                  000090dc    00000004     alarm_clock_pem4f.oem4f (.const:ti_sysbios_knl_Task_E_stackOverflow__C)
                  000090e0    00000004     alarm_clock_pem4f.oem4f (.const:ti_sysbios_knl_Task_LD_block__C)
                  000090e4    00000004     alarm_clock_pem4f.oem4f (.const:ti_sysbios_knl_Task_LD_exit__C)
                  000090e8    00000004     alarm_clock_pem4f.oem4f (.const:ti_sysbios_knl_Task_LD_ready__C)
                  000090ec    00000004     alarm_clock_pem4f.oem4f (.const:ti_sysbios_knl_Task_LM_sleep__C)
                  000090f0    00000004     alarm_clock_pem4f.oem4f (.const:ti_sysbios_knl_Task_LM_switch__C)
                  000090f4    00000004     alarm_clock_pem4f.oem4f (.const:ti_sysbios_knl_Task_Module_State_inactiveQ__O)
                  000090f8    00000004     alarm_clock_pem4f.oem4f (.const:ti_sysbios_knl_Task_Module__diagsEnabled__C)
                  000090fc    00000004     alarm_clock_pem4f.oem4f (.const:ti_sysbios_knl_Task_Module__diagsIncluded__C)
                  00009100    00000004     alarm_clock_pem4f.oem4f (.const:ti_sysbios_knl_Task_Module__diagsMask__C)
                  00009104    00000004     alarm_clock_pem4f.oem4f (.const:ti_sysbios_knl_Task_Module__loggerFxn2__C)
                  00009108    00000004     alarm_clock_pem4f.oem4f (.const:ti_sysbios_knl_Task_Module__loggerFxn4__C)
                  0000910c    00000004     alarm_clock_pem4f.oem4f (.const:ti_sysbios_knl_Task_Module__loggerObj__C)
                  00009110    00000004     alarm_clock_pem4f.oem4f (.const:ti_sysbios_knl_Task_Object__count__C)
                  00009114    00000004     alarm_clock_pem4f.oem4f (.const:ti_sysbios_knl_Task_allBlockedFunc__C)
                  00009118    00000004     alarm_clock_pem4f.oem4f (.const:ti_sysbios_knl_Task_numConstructedTasks__C)
                  0000911c    00000004     alarm_clock_pem4f.oem4f (.const:ti_sysbios_utils_Load_LS_cpuLoad__C)
                  00009120    00000004     alarm_clock_pem4f.oem4f (.const:ti_sysbios_utils_Load_LS_hwiLoad__C)
                  00009124    00000004     alarm_clock_pem4f.oem4f (.const:ti_sysbios_utils_Load_Module__diagsEnabled__C)
                  00009128    00000004     alarm_clock_pem4f.oem4f (.const:ti_sysbios_utils_Load_Module__diagsIncluded__C)
                  0000912c    00000004     alarm_clock_pem4f.oem4f (.const:ti_sysbios_utils_Load_Module__diagsMask__C)
                  00009130    00000004     alarm_clock_pem4f.oem4f (.const:ti_sysbios_utils_Load_Module__loggerFxn1__C)
                  00009134    00000004     alarm_clock_pem4f.oem4f (.const:ti_sysbios_utils_Load_Module__loggerFxn2__C)
                  00009138    00000004     alarm_clock_pem4f.oem4f (.const:ti_sysbios_utils_Load_Module__loggerObj__C)
                  0000913c    00000004     alarm_clock_pem4f.oem4f (.const:ti_sysbios_utils_Load_postUpdate__C)
                  00009140    00000004     alarm_clock_pem4f.oem4f (.const:ti_sysbios_utils_Load_windowInMs__C)
                  00009144    00000004     alarm_clock_pem4f.oem4f (.const:ti_uia_loggers_LoggerStopMode_Module__diagsEnabled__C)
                  00009148    00000004     alarm_clock_pem4f.oem4f (.const:ti_uia_loggers_LoggerStopMode_Module__diagsIncluded__C)
                  0000914c    00000004     alarm_clock_pem4f.oem4f (.const:ti_uia_loggers_LoggerStopMode_Module__diagsMask__C)
                  00009150    00000004     alarm_clock_pem4f.oem4f (.const:ti_uia_loggers_LoggerStopMode_Object__count__C)
                  00009154    00000004     alarm_clock_pem4f.oem4f (.const:ti_uia_runtime_ILoggerSnapshot_Interface__BASE__C)
                  00009158    00000004     alarm_clock_pem4f.oem4f (.const:ti_uia_runtime_IUIATransfer_Interface__BASE__C)
                  0000915c    00000004     alarm_clock_pem4f.oem4f (.const:xdc_runtime_Assert_E_assertFailed__C)
                  00009160    00000004     alarm_clock_pem4f.oem4f (.const:xdc_runtime_Core_A_initializedParams__C)
                  00009164    00000004     alarm_clock_pem4f.oem4f (.const:xdc_runtime_Core_Module__diagsEnabled__C)
                  00009168    00000004     alarm_clock_pem4f.oem4f (.const:xdc_runtime_Core_Module__diagsIncluded__C)
                  0000916c    00000004     alarm_clock_pem4f.oem4f (.const:xdc_runtime_Core_Module__diagsMask__C)
                  00009170    00000004     alarm_clock_pem4f.oem4f (.const:xdc_runtime_Error_E_memory__C)
                  00009174    00000004     alarm_clock_pem4f.oem4f (.const:xdc_runtime_Error_Module__diagsEnabled__C)
                  00009178    00000004     alarm_clock_pem4f.oem4f (.const:xdc_runtime_Error_Module__diagsIncluded__C)
                  0000917c    00000004     alarm_clock_pem4f.oem4f (.const:xdc_runtime_Error_Module__diagsMask__C)
                  00009180    00000004     alarm_clock_pem4f.oem4f (.const:xdc_runtime_Error_Module__loggerFxn8__C)
                  00009184    00000004     alarm_clock_pem4f.oem4f (.const:xdc_runtime_Error_Module__loggerObj__C)
                  00009188    00000004     alarm_clock_pem4f.oem4f (.const:xdc_runtime_Error_policyFxn__C)
                  0000918c    00000004     alarm_clock_pem4f.oem4f (.const:xdc_runtime_Error_raiseHook__C)
                  00009190    00000004     alarm_clock_pem4f.oem4f (.const:xdc_runtime_IFilterLogger_Interface__BASE__C)
                  00009194    00000004     alarm_clock_pem4f.oem4f (.const:xdc_runtime_IGateProvider_Interface__BASE__C)
                  00009198    00000004     alarm_clock_pem4f.oem4f (.const:xdc_runtime_IHeap_Interface__BASE__C)
                  0000919c    00000004     alarm_clock_pem4f.oem4f (.const:xdc_runtime_ILogger_Interface__BASE__C)
                  000091a0    00000004     alarm_clock_pem4f.oem4f (.const:xdc_runtime_IModule_Interface__BASE__C)
                  000091a4    00000004     alarm_clock_pem4f.oem4f (.const:xdc_runtime_Log_L_error__C)
                  000091a8    00000004     alarm_clock_pem4f.oem4f (.const:xdc_runtime_Memory_defaultHeapInstance__C)
                  000091ac    00000004     alarm_clock_pem4f.oem4f (.const:xdc_runtime_Startup_execImpl__C)
                  000091b0    00000004     alarm_clock_pem4f.oem4f (.const:xdc_runtime_Startup_lastFxns__A)
                  000091b4    00000004     alarm_clock_pem4f.oem4f (.const:xdc_runtime_Startup_maxPasses__C)
                  000091b8    00000004     alarm_clock_pem4f.oem4f (.const:xdc_runtime_Startup_sfxnRts__C)
                  000091bc    00000004     alarm_clock_pem4f.oem4f (.const:xdc_runtime_Startup_sfxnTab__C)
                  000091c0    00000004     alarm_clock_pem4f.oem4f (.const:xdc_runtime_SysMin_bufSize__C)
                  000091c4    00000004     alarm_clock_pem4f.oem4f (.const:xdc_runtime_SysMin_outputFunc__C)
                  000091c8    00000004     alarm_clock_pem4f.oem4f (.const:xdc_runtime_System_Module__gateObj__C)
                  000091cc    00000004     alarm_clock_pem4f.oem4f (.const:xdc_runtime_System_abortFxn__C)
                  000091d0    00000004     alarm_clock_pem4f.oem4f (.const:xdc_runtime_System_exitFxn__C)
                  000091d4    00000004     alarm_clock_pem4f.oem4f (.const:xdc_runtime_System_extendFxn__C)
                  000091d8    00000004     alarm_clock_pem4f.oem4f (.const:xdc_runtime_System_maxAtexitHandlers__C)
                  000091dc    00000004     alarm_clock_pem4f.oem4f (.const:xdc_runtime_Text_charTab__C)
                  000091e0    00000004     alarm_clock_pem4f.oem4f (.const:xdc_runtime_Text_nameEmpty__C)
                  000091e4    00000004     alarm_clock_pem4f.oem4f (.const:xdc_runtime_Text_nameStatic__C)
                  000091e8    00000004     alarm_clock_pem4f.oem4f (.const:xdc_runtime_Text_nameUnknown__C)
                  000091ec    00000004     alarm_clock_pem4f.oem4f (.const:xdc_runtime_Text_nodeTab__C)
                  000091f0    00000004     alarm_clock_pem4f.oem4f (.const:xdc_runtime_Text_visitRopeFxn__C)
                  000091f4    00000002     alarm_clock_pem4f.oem4f (.const:ti_sysbios_family_arm_m3_Timer_Module__id__C)
                  000091f6    00000002     alarm_clock_pem4f.oem4f (.const:ti_sysbios_family_arm_m3_TimestampProvider_configTimer__C)
                  000091f8    00000002     alarm_clock_pem4f.oem4f (.const:ti_sysbios_gates_GateMutex_Module__id__C)
                  000091fa    00000002     alarm_clock_pem4f.oem4f (.const:ti_sysbios_hal_Hwi_Module__id__C)
                  000091fc    00000002     alarm_clock_pem4f.oem4f (.const:ti_sysbios_heaps_HeapMem_Module__id__C)
                  000091fe    00000002     alarm_clock_pem4f.oem4f (.const:ti_sysbios_knl_Clock_Module__id__C)
                  00009200    00000002     alarm_clock_pem4f.oem4f (.const:ti_sysbios_knl_Clock_Module__loggerDefined__C)
                  00009202    00000002     alarm_clock_pem4f.oem4f (.const:ti_sysbios_knl_Semaphore_Module__id__C)
                  00009204    00000002     alarm_clock_pem4f.oem4f (.const:ti_sysbios_knl_Semaphore_Module__loggerDefined__C)
                  00009206    00000002     alarm_clock_pem4f.oem4f (.const:ti_sysbios_knl_Swi_Module__id__C)
                  00009208    00000002     alarm_clock_pem4f.oem4f (.const:ti_sysbios_knl_Swi_Module__loggerDefined__C)
                  0000920a    00000002     alarm_clock_pem4f.oem4f (.const:ti_sysbios_knl_Task_Module__id__C)
                  0000920c    00000002     alarm_clock_pem4f.oem4f (.const:ti_sysbios_knl_Task_Module__loggerDefined__C)
                  0000920e    00000002     alarm_clock_pem4f.oem4f (.const:ti_sysbios_knl_Task_initStackFlag__C)
                  00009210    00000002     alarm_clock_pem4f.oem4f (.const:ti_sysbios_utils_Load_Module__id__C)
                  00009212    00000002     alarm_clock_pem4f.oem4f (.const:ti_sysbios_utils_Load_Module__loggerDefined__C)
                  00009214    00000002     alarm_clock_pem4f.oem4f (.const:ti_sysbios_utils_Load_hwiEnabled__C)
                  00009216    00000002     alarm_clock_pem4f.oem4f (.const:ti_sysbios_utils_Load_updateInIdle__C)
                  00009218    00000002     alarm_clock_pem4f.oem4f (.const:ti_uia_loggers_LoggerStopMode_Module__id__C)
                  0000921a    00000002     alarm_clock_pem4f.oem4f (.const:ti_uia_loggers_LoggerStopMode_isTimestampEnabled__C)
                  0000921c    00000002     alarm_clock_pem4f.oem4f (.const:xdc_runtime_Core_Module__id__C)
                  0000921e    00000002     alarm_clock_pem4f.oem4f (.const:xdc_runtime_Error_Module__loggerDefined__C)
                  00009220    00000002     alarm_clock_pem4f.oem4f (.const:xdc_runtime_Error_maxDepth__C)
                  00009222    00000002     alarm_clock_pem4f.oem4f (.const:xdc_runtime_Memory_Module__id__C)
                  00009224    00000002     alarm_clock_pem4f.oem4f (.const:xdc_runtime_SysMin_flushAtExit__C)
                  00009226    00000002     alarm_clock_pem4f.oem4f (.const:xdc_runtime_Text_charCnt__C)
                  00009228    00000002     alarm_clock_pem4f.oem4f (.const:xdc_runtime_Text_isLoaded__C)
                  0000922a    00000002     alarm_clock_pem4f.oem4f (.const:xdc_runtime_Text_registryModsLastId__C)
                  0000922c    00000002     alarm_clock_pem4f.oem4f (.const:xdc_runtime_Text_unnamedModsLastId__C)

.cinit     0    00009230    000004f0     
                  00009230    000004ba     (.cinit..data.load) [load image, compression = rle]
                  000096ea    00000002     --HOLE-- [fill = 0]
                  000096ec    0000000c     (__TI_handler_table)
                  000096f8    00000008     (.cinit..bss.load) [load image, compression = zero_init]
                  00009700    00000008     (.cinit..vecs.load) [load image, compression = zero_init]
                  00009708    00000018     (__TI_cinit_table)

.bss       0    20000180    00002c30     UNINITIALIZED
                  20000180    00001000     alarm_clock_pem4f.oem4f (.bss:ti_sysbios_heaps_HeapMem_Instance_State_0_buf__A)
                  20001180    00000a00     alarm_clock_pem4f.oem4f (.bss:taskStackSection)
                  20001b80    00000400     alarm_clock_pem4f.oem4f (.bss:ti_uia_loggers_LoggerStopMode_Instance_State_1_packetArray__A)
                  20001f80    00000400     alarm_clock_pem4f.oem4f (.bss:ti_uia_loggers_LoggerStopMode_Instance_State_2_packetArray__A)
                  20002380    00000400     alarm_clock_pem4f.oem4f (.bss:xdc_runtime_SysMin_Module_State_0_outbuf__A)
                  20002780    00000200     alarm_clock_pem4f.oem4f (.bss:ti_uia_loggers_LoggerStopMode_Instance_State_0_packetArray__A)
                  20002980    00000140     alarm_clock_pem4f.oem4f (.bss:ti_sysbios_family_arm_m3_Hwi_dispatchTable)
                  20002ac0    00000120     rtsv7M4_T_le_v4SPD16_eabi.lib : trgmsg.obj (.bss:__CIOBUF_)
                  20002be0    00000030     drivers_MSP432P401R.aem4f : GPIOMSP432.oem4f (.bss:gpioCallbackInfo)
                  20002c10    00000008     (.common:parmbuf)
                  20002c18    00000068     --HOLE--
                  20002c80    00000030     alarm_clock_pem4f.oem4f (.bss:ti_uia_loggers_LoggerStopMode_Instance_State_0_hdr__A)
                  20002cb0    00000050     --HOLE--
                  20002d00    00000030     alarm_clock_pem4f.oem4f (.bss:ti_uia_loggers_LoggerStopMode_Instance_State_1_hdr__A)
                  20002d30    00000050     --HOLE--
                  20002d80    00000030     alarm_clock_pem4f.oem4f (.bss:ti_uia_loggers_LoggerStopMode_Instance_State_2_hdr__A)

.data      0    20002db0    0000074d     UNINITIALIZED
                  20002db0    000001ac     alarm_clock_pem4f.oem4f (.data)
                  20002f5c    0000009c     drivers_MSP432P401R.aem4f : PowerMSP432.oem4f (.data:PowerMSP432_perfLevels)
                  20002ff8    0000009c     alarm_clock_pem4f.oem4f (.data:ti_uia_loggers_LoggerStopMode_Object__table__V)
                  20003094    00000098     alarm_clock_pem4f.oem4f (.data:ti_sysbios_knl_Task_Object__table__V)
                  2000312c    00000098     alarm_clock_pem4f.oem4f (.data:ti_sysbios_utils_Load_Module__state__V)
                  200031c4    00000080     alarm_clock_pem4f.oem4f (.data:ti_sysbios_knl_Swi_Module_State_0_readyQ__A)
                  20003244    00000080     alarm_clock_pem4f.oem4f (.data:ti_sysbios_knl_Task_Module_State_0_readyQ__A)
                  200032c4    0000004c     alarm_clock_pem4f.oem4f (.data:ti_sysbios_family_arm_msp432_Timer_Object__table__V)
                  20003310    00000044     alarm_clock_pem4f.oem4f (.data:ti_sysbios_knl_Task_Module__state__V)
                  20003354    00000038     alarm_clock_pem4f.oem4f (.data:ti_sysbios_gates_GateMutex_Object__table__V)
                  2000338c    00000034     alarm_clock_pem4f.oem4f (.data:ti_sysbios_family_arm_m3_Hwi_Module__state__V)
                  200033c0    00000030     alarm_clock_pem4f.oem4f (.data:ti_sysbios_family_arm_m3_Hwi_Object__table__V)
                  200033f0    00000030     alarm_clock_pem4f.oem4f (.data:ti_sysbios_family_arm_m3_Timer_Object__table__V)
                  20003420    00000030     alarm_clock_pem4f.oem4f (.data:ti_sysbios_knl_Swi_Object__table__V)
                  20003450    0000002c     alarm_clock_pem4f.oem4f (.data:ti_sysbios_knl_Clock_Module__state__V)
                  2000347c    00000024     drivers_MSP432P401R.aem4f : PowerMSP432.oem4f (.data:PowerMSP432_module)
                  200034a0    00000024     alarm_clock_pem4f.oem4f (.data:ti_sysbios_BIOS_Module__state__V)
                  200034c4    0000001c     MSP_EXP432P401RLP.obj (.data)
                  200034e0    00000008     rtsv7M4_T_le_v4SPD16_eabi.lib : _lock.obj (.data)
                  200034e8    00000008                                   : exit.obj (.data)
                  200034f0    00000008     ti.uia.runtime.aem4f : QueueDescriptor.oem4f (.data)
                  200034f8    00000004     rtsv7M4_T_le_v4SPD16_eabi.lib : stkdepth_vars.obj (.data)
                  200034fc    00000001     drivers_MSP432P401R.aem4f : GPIOMSP432.oem4f (.data)

.stack     0    2000f000    00001000     UNINITIALIZED
                  2000f000    00001000     --HOLE--

.bootVecs 
*          0    00000000    00000008     DSECT
                  00000000    00000008     boot.aem4f : boot.oem4f (.bootVecs)

.vecs      0    20000000    00000140     UNINITIALIZED
                  20000000    00000140     alarm_clock_pem4f.oem4f (.vecs)

xdc.meta   0    00000000    000000ea     COPY SECTION
                  00000000    000000ea     alarm_clock_pem4f.oem4f (xdc.meta)

.TI.noinit 
*          0    20000180    00000000     UNINITIALIZED

.TI.persistent 
*          0    20002db0    00000000     UNINITIALIZED


LINKER GENERATED COPY TABLES

__TI_cinit_table @ 00009708 records: 3, size/record: 8, table size: 24
	.data: load addr=00009230, load size=000004ba bytes, run addr=20002db0, run size=0000074d bytes, compression=rle
	.bss: load addr=000096f8, load size=00000008 bytes, run addr=20000180, run size=00002c30 bytes, compression=zero_init
	.vecs: load addr=00009700, load size=00000008 bytes, run addr=20000000, run size=00000140 bytes, compression=zero_init


LINKER GENERATED HANDLER TABLE

__TI_handler_table @ 000096ec records: 3, size/record: 4, table size: 12
	index: 0, handler: __TI_decompress_rle24
	index: 1, handler: __TI_decompress_none
	index: 2, handler: __TI_zero_init


GLOBAL SYMBOLS: SORTED ALPHABETICALLY BY Name 

address   name                                                         
-------   ----                                                         
00005589  C$$EXIT                                                      
00004837  C$$IO$$                                                      
00006aa3  CPU_cpsid                                                    
00006aaf  CPU_cpsie                                                    
000007bd  CPU_wfi                                                      
00002e25  CS_initClockSignal                                           
00006105  CS_setDCOCenteredFrequency                                   
00005725  FlashCtl_disableReadBuffering                                
00005a09  FlashCtl_enableReadBuffering                                 
00006015  FlashCtl_setWaitState                                        
00008f18  GPIOMSP432_config                                            
00006691  GPIO_clearInterruptFlag                                      
00005bed  GPIO_getEnabledInterruptStatus                               
00006915  GPIO_getInterruptStatus                                      
00004e09  GPIO_hwiIntFxn                                               
000047a1  GPIO_init                                                    
000062e5  GPIO_interruptEdgeSelect                                     
00005e5d  GPIO_setAsInputPin                                           
00005c1d  GPIO_setAsInputPinWithPullDownResistor                       
00005c4d  GPIO_setAsInputPinWithPullUpResistor                         
00006129  GPIO_setAsOutputPin                                          
00004e5d  GPIO_setCallback                                             
00001d29  GPIO_setConfig                                               
0000680d  GPIO_setDriveStrengthHigh                                    
000066a9  GPIO_setDriveStrengthLow                                     
00006821  GPIO_setOutputHighOnPin                                      
000066c1  GPIO_setOutputLowOnPin                                       
00005c7d  GPIO_toggle                                                  
00006835  GPIO_toggleOutputOnPin                                       
000050b9  GPIO_write                                                   
00000d61  HOSTclock                                                    
00000d29  HOSTclose                                                    
00000ceb  HOSTgetenv                                                   
00000c8f  HOSTlseek                                                    
00000c3d  HOSTopen                                                     
00000bf1  HOSTread                                                     
00000b93  HOSTrename                                                   
00000b59  HOSTtime                                                     
00000b21  HOSTunlink                                                   
00000ad5  HOSTwrite                                                    
00006a59  HwiP_Params_init                                             
00004a09  HwiP_create                                                  
00000ffd  HwiP_disable                                                 
00006bb1  HwiP_restore                                                 
00001935  ListP_head                                                   
00001a9d  ListP_next                                                   
00006b7d  MSP_EXP432P401RLP_initGPIO                                   
00006b85  MSP_EXP432P401RLP_initGeneral                                
00005e89  PCM_getCoreVoltageLevel                                      
00005fc1  PCM_getPowerMode                                             
00006925  PCM_getPowerState                                            
0000603d  PCM_gotoLPM0                                                 
00004391  PCM_gotoLPM3                                                 
000038c5  PCM_setCoreVoltageLevelWithTimeout                           
00004a6b  PCM_setPowerMode                                             
00002fdd  PCM_setPowerModeWithTimeout                                  
00005bb3  PCM_setPowerState                                            
0000163d  PCM_setPowerStateWithTimeout                                 
00005109  PCM_shutdownDevice                                           
00008f40  PowerMSP432_config                                           
2000347c  PowerMSP432_module                                           
20002f5c  PowerMSP432_perfLevels                                       
00005159  PowerMSP432_policyFxn                                        
000017bf  PowerMSP432_policyInitFxn                                    
00005eb5  PowerMSP432_updateFreqs                                      
00006abd  Power_getConstraintMask                                      
00006305  Power_idleFunc                                               
[...]
00008f8c  xdc_runtime_Startup_lastFxns__C                              
00008f94  ti_sysbios_family_arm_m3_Hwi_E_NMI__C                        
00008f98  ti_sysbios_family_arm_m3_Hwi_E_alreadyDefined__C             
00008f9c  ti_sysbios_family_arm_m3_Hwi_E_busFault__C                   
00008fa0  ti_sysbios_family_arm_m3_Hwi_E_debugMon__C                   
00008fa4  ti_sysbios_family_arm_m3_Hwi_E_hardFault__C                  
00008fa8  ti_sysbios_family_arm_m3_Hwi_E_memFault__C                   
00008fac  ti_sysbios_family_arm_m3_Hwi_E_noIsr__C                      
00008fb0  ti_sysbios_family_arm_m3_Hwi_E_reserved__C                   
00008fb4  ti_sysbios_family_arm_m3_Hwi_E_svCall__C                     
00008fb8  ti_sysbios_family_arm_m3_Hwi_E_usageFault__C                 
00008fbc  ti_sysbios_family_arm_m3_Hwi_LD_end__C                       
00008fc0  ti_sysbios_family_arm_m3_Hwi_LM_begin__C                     
00008fc4  ti_sysbios_family_arm_m3_Hwi_Module__diagsEnabled__C         
00008fc8  ti_sysbios_family_arm_m3_Hwi_Module__diagsIncluded__C        
00008fcc  ti_sysbios_family_arm_m3_Hwi_Module__diagsMask__C            
00008fd0  ti_sysbios_family_arm_m3_Hwi_Module__loggerFxn1__C           
00008fd4  ti_sysbios_family_arm_m3_Hwi_Module__loggerFxn8__C           
00008fd8  ti_sysbios_family_arm_m3_Hwi_Module__loggerObj__C            
00008fdc  ti_sysbios_family_arm_m3_Hwi_NUM_INTERRUPTS__C               
00008fe0  ti_sysbios_family_arm_m3_Hwi_Object__count__C                
00008fe4  ti_sysbios_family_arm_m3_Hwi_ccr__C                          
00008fe8  ti_sysbios_family_arm_m3_Hwi_excHandlerFunc__C               
00008fec  ti_sysbios_family_arm_m3_Hwi_excHookFuncs__C                 
00008ff0  ti_sysbios_family_arm_m3_Hwi_nullIsrFunc__C                  
00008ff4  ti_sysbios_family_arm_m3_Hwi_priGroup__C                     
00008ff8  ti_sysbios_family_arm_m3_Timer_E_cannotSupport__C            
00008ffc  ti_sysbios_family_arm_m3_Timer_startupNeeded__C              
00009000  ti_sysbios_family_arm_msp432_Timer_numTimerDevices__C        
00009004  ti_sysbios_family_arm_msp432_Timer_startupNeeded__C          
00009008  ti_sysbios_gates_GateMutex_A_badContext__C                   
0000900c  ti_sysbios_gates_GateMutex_Instance_State_sem__O             
00009010  ti_sysbios_gates_GateMutex_Module__diagsEnabled__C           
00009014  ti_sysbios_gates_GateMutex_Module__diagsIncluded__C          
00009018  ti_sysbios_gates_GateMutex_Module__diagsMask__C              
0000901c  ti_sysbios_hal_Hwi_E_stackOverflow__C                        
00009020  ti_sysbios_heaps_HeapMem_A_align__C                          
00009024  ti_sysbios_heaps_HeapMem_A_heapSize__C                       
00009028  ti_sysbios_heaps_HeapMem_A_invalidFree__C                    
0000902c  ti_sysbios_heaps_HeapMem_A_zeroBlock__C                      
00009030  ti_sysbios_heaps_HeapMem_E_memory__C                         
00009034  ti_sysbios_heaps_HeapMem_Module__diagsEnabled__C             
00009038  ti_sysbios_heaps_HeapMem_Module__diagsIncluded__C            
0000903c  ti_sysbios_heaps_HeapMem_Module__diagsMask__C                
00009040  ti_sysbios_heaps_HeapMem_Module__gateObj__C                  
00009044  ti_sysbios_heaps_HeapMem_Object__count__C                    
00009048  ti_sysbios_heaps_HeapMem_reqAlign__C                         
0000904c  ti_sysbios_knl_Clock_LM_begin__C                             
00009050  ti_sysbios_knl_Clock_LM_tick__C                              
00009054  ti_sysbios_knl_Clock_LW_delayed__C                           
00009058  ti_sysbios_knl_Clock_Module_State_clockQ__O                  
0000905c  ti_sysbios_knl_Clock_Module__diagsEnabled__C                 
00009060  ti_sysbios_knl_Clock_Module__diagsIncluded__C                
00009064  ti_sysbios_knl_Clock_Module__diagsMask__C                    
00009068  ti_sysbios_knl_Clock_Module__loggerFxn1__C                   
0000906c  ti_sysbios_knl_Clock_Module__loggerFxn2__C                   
00009070  ti_sysbios_knl_Clock_Module__loggerObj__C                    
00009074  ti_sysbios_knl_Semaphore_A_badContext__C                     
00009078  ti_sysbios_knl_Semaphore_A_noEvents__C                       
0000907c  ti_sysbios_knl_Semaphore_A_overflow__C                       
00009080  ti_sysbios_knl_Semaphore_A_pendTaskDisabled__C               
00009084  ti_sysbios_knl_Semaphore_Instance_State_pendQ__O             
00009088  ti_sysbios_knl_Semaphore_LM_pend__C                          
0000908c  ti_sysbios_knl_Semaphore_LM_post__C                          
00009090  ti_sysbios_knl_Semaphore_Module__diagsEnabled__C             
00009094  ti_sysbios_knl_Semaphore_Module__diagsIncluded__C            
00009098  ti_sysbios_knl_Semaphore_Module__diagsMask__C                
0000909c  ti_sysbios_knl_Semaphore_Module__loggerFxn2__C               
000090a0  ti_sysbios_knl_Semaphore_Module__loggerFxn4__C               
000090a4  ti_sysbios_knl_Semaphore_Module__loggerObj__C                
000090a8  ti_sysbios_knl_Swi_LD_end__C                                 
000090ac  ti_sysbios_knl_Swi_LM_begin__C                               
000090b0  ti_sysbios_knl_Swi_LM_post__C                                
000090b4  ti_sysbios_knl_Swi_Module__diagsEnabled__C                   
000090b8  ti_sysbios_knl_Swi_Module__diagsIncluded__C                  
000090bc  ti_sysbios_knl_Swi_Module__diagsMask__C                      
000090c0  ti_sysbios_knl_Swi_Module__loggerFxn1__C                     
000090c4  ti_sysbios_knl_Swi_Module__loggerFxn4__C                     
000090c8  ti_sysbios_knl_Swi_Module__loggerObj__C                      
000090cc  ti_sysbios_knl_Swi_Object__count__C                          
000090d0  ti_sysbios_knl_Task_A_badTimeout__C                          
000090d4  ti_sysbios_knl_Task_A_sleepTaskDisabled__C                   
000090d8  ti_sysbios_knl_Task_E_spOutOfBounds__C                       
000090dc  ti_sysbios_knl_Task_E_stackOverflow__C                       
000090e0  ti_sysbios_knl_Task_LD_block__C                              
000090e4  ti_sysbios_knl_Task_LD_exit__C                               
000090e8  ti_sysbios_knl_Task_LD_ready__C                              
000090ec  ti_sysbios_knl_Task_LM_sleep__C                              
000090f0  ti_sysbios_knl_Task_LM_switch__C                             
000090f4  ti_sysbios_knl_Task_Module_State_inactiveQ__O                
000090f8  ti_sysbios_knl_Task_Module__diagsEnabled__C                  
000090fc  ti_sysbios_knl_Task_Module__diagsIncluded__C                 
00009100  ti_sysbios_knl_Task_Module__diagsMask__C                     
00009104  ti_sysbios_knl_Task_Module__loggerFxn2__C                    
00009108  ti_sysbios_knl_Task_Module__loggerFxn4__C                    
0000910c  ti_sysbios_knl_Task_Module__loggerObj__C                     
00009110  ti_sysbios_knl_Task_Object__count__C                         
00009114  ti_sysbios_knl_Task_allBlockedFunc__C                        
00009118  ti_sysbios_knl_Task_numConstructedTasks__C                   
0000911c  ti_sysbios_utils_Load_LS_cpuLoad__C                          
00009120  ti_sysbios_utils_Load_LS_hwiLoad__C                          
00009124  ti_sysbios_utils_Load_Module__diagsEnabled__C                
00009128  ti_sysbios_utils_Load_Module__diagsIncluded__C               
0000912c  ti_sysbios_utils_Load_Module__diagsMask__C                   
00009130  ti_sysbios_utils_Load_Module__loggerFxn1__C                  
00009134  ti_sysbios_utils_Load_Module__loggerFxn2__C                  
00009138  ti_sysbios_utils_Load_Module__loggerObj__C                   
0000913c  ti_sysbios_utils_Load_postUpdate__C                          
00009140  ti_sysbios_utils_Load_windowInMs__C                          
00009144  ti_uia_loggers_LoggerStopMode_Module__diagsEnabled__C        
00009148  ti_uia_loggers_LoggerStopMode_Module__diagsIncluded__C       
0000914c  ti_uia_loggers_LoggerStopMode_Module__diagsMask__C           
00009150  ti_uia_loggers_LoggerStopMode_Object__count__C               
00009154  ti_uia_runtime_ILoggerSnapshot_Interface__BASE__C            
00009158  ti_uia_runtime_IUIATransfer_Interface__BASE__C               
0000915c  xdc_runtime_Assert_E_assertFailed__C                         
00009160  xdc_runtime_Core_A_initializedParams__C                      
00009164  xdc_runtime_Core_Module__diagsEnabled__C                     
00009168  xdc_runtime_Core_Module__diagsIncluded__C                    
0000916c  xdc_runtime_Core_Module__diagsMask__C                        
00009170  xdc_runtime_Error_E_memory__C                                
00009174  xdc_runtime_Error_Module__diagsEnabled__C                    
00009178  xdc_runtime_Error_Module__diagsIncluded__C                   
0000917c  xdc_runtime_Error_Module__diagsMask__C                       
00009180  xdc_runtime_Error_Module__loggerFxn8__C                      
00009184  xdc_runtime_Error_Module__loggerObj__C                       
00009188  xdc_runtime_Error_policyFxn__C                               
0000918c  xdc_runtime_Error_raiseHook__C                               
00009190  xdc_runtime_IFilterLogger_Interface__BASE__C                 
00009194  xdc_runtime_IGateProvider_Interface__BASE__C                 
00009198  xdc_runtime_IHeap_Interface__BASE__C                         
0000919c  xdc_runtime_ILogger_Interface__BASE__C                       
000091a0  xdc_runtime_IModule_Interface__BASE__C                       
000091a4  xdc_runtime_Log_L_error__C                                   
000091a8  xdc_runtime_Memory_defaultHeapInstance__C                    
000091ac  xdc_runtime_Startup_execImpl__C                              
000091b0  xdc_runtime_Startup_lastFxns__A                              
000091b4  xdc_runtime_Startup_maxPasses__C                             
000091b8  xdc_runtime_Startup_sfxnRts__C                               
000091bc  xdc_runtime_Startup_sfxnTab__C                               
000091c0  xdc_runtime_SysMin_bufSize__C                                
000091c4  xdc_runtime_SysMin_outputFunc__C                             
000091c8  xdc_runtime_System_Module__gateObj__C                        
000091cc  xdc_runtime_System_abortFxn__C                               
000091d0  xdc_runtime_System_exitFxn__C                                
000091d4  xdc_runtime_System_extendFxn__C                              
000091d8  xdc_runtime_System_maxAtexitHandlers__C                      
000091dc  xdc_runtime_Text_charTab__C                                  
000091e0  xdc_runtime_Text_nameEmpty__C                                
000091e4  xdc_runtime_Text_nameStatic__C                               
000091e8  xdc_runtime_Text_nameUnknown__C                              
000091ec  xdc_runtime_Text_nodeTab__C                                  
000091f0  xdc_runtime_Text_visitRopeFxn__C                             
000091f4  ti_sysbios_family_arm_m3_Timer_Module__id__C                 
000091f6  ti_sysbios_family_arm_m3_TimestampProvider_configTimer__C    
000091f8  ti_sysbios_gates_GateMutex_Module__id__C                     
000091fa  ti_sysbios_hal_Hwi_Module__id__C                             
000091fc  ti_sysbios_heaps_HeapMem_Module__id__C                       
000091fe  ti_sysbios_knl_Clock_Module__id__C                           
00009200  ti_sysbios_knl_Clock_Module__loggerDefined__C                
00009202  ti_sysbios_knl_Semaphore_Module__id__C                       
00009204  ti_sysbios_knl_Semaphore_Module__loggerDefined__C            
00009206  ti_sysbios_knl_Swi_Module__id__C                             
00009208  ti_sysbios_knl_Swi_Module__loggerDefined__C                  
0000920a  ti_sysbios_knl_Task_Module__id__C                            
0000920c  ti_sysbios_knl_Task_Module__loggerDefined__C                 
0000920e  ti_sysbios_knl_Task_initStackFlag__C                         
00009210  ti_sysbios_utils_Load_Module__id__C                          
00009212  ti_sysbios_utils_Load_Module__loggerDefined__C               
00009214  ti_sysbios_utils_Load_hwiEnabled__C                          
00009216  ti_sysbios_utils_Load_updateInIdle__C                        
00009218  ti_uia_loggers_LoggerStopMode_Module__id__C                  
0000921a  ti_uia_loggers_LoggerStopMode_isTimestampEnabled__C          
0000921c  xdc_runtime_Core_Module__id__C                               
0000921e  xdc_runtime_Error_Module__loggerDefined__C                   
00009220  xdc_runtime_Error_maxDepth__C                                
00009222  xdc_runtime_Memory_Module__id__C                             
00009224  xdc_runtime_SysMin_flushAtExit__C                            
00009226  xdc_runtime_Text_charCnt__C                                  
00009228  xdc_runtime_Text_isLoaded__C                                 
0000922a  xdc_runtime_Text_registryModsLastId__C                       
0000922c  xdc_runtime_Text_unnamedModsLastId__C                        
00009230  __TI_static_base__                                           
000096ec  __TI_Handler_Table_Base                                      
000096f8  __TI_Handler_Table_Limit                                     
00009708  __TI_CINIT_Base                                              
00009720  __TI_CINIT_Limit                                             
20000000  ti_sysbios_family_arm_m3_Hwi_ramVectors                      
20000180  ti_sysbios_heaps_HeapMem_Instance_State_0_buf__A             
20001180  ti_sysbios_knl_Task_Instance_State_0_stack__A                
20001380  ti_sysbios_knl_Task_Instance_State_1_stack__A                
20001b80  ti_uia_loggers_LoggerStopMode_Instance_State_1_packetArray__A
20001f80  ti_uia_loggers_LoggerStopMode_Instance_State_2_packetArray__A
20002380  xdc_runtime_SysMin_Module_State_0_outbuf__A                  
20002780  ti_uia_loggers_LoggerStopMode_Instance_State_0_packetArray__A
20002980  ti_sysbios_family_arm_m3_Hwi_dispatchTable                   
20002ac0  __CIOBUF_                                                    
20002c80  ti_uia_loggers_LoggerStopMode_Instance_State_0_hdr__A        
20002d00  ti_uia_loggers_LoggerStopMode_Instance_State_1_hdr__A        
20002d80  ti_uia_loggers_LoggerStopMode_Instance_State_2_hdr__A        
20002db0  xdc_runtime_Diags_dictElems                                  
20002dd0  ti_sysbios_family_arm_m3_Hwi_Module__root__V                 
20002dd8  ti_sysbios_family_arm_m3_Hwi_Module_State_0_excActive__A     
20002ddc  ti_sysbios_family_arm_m3_Hwi_Module_State_0_excContext__A    
20002de0  ti_sysbios_family_arm_m3_Hwi_Module_State_0_excStack__A      
20002de4  ti_sysbios_family_arm_m3_Timer_Module__root__V               
20002dec  ti_sysbios_family_arm_m3_Timer_Module__state__V              
20002df8  ti_sysbios_family_arm_m3_TimestampProvider_Module__state__V  
20002dfc  ti_sysbios_family_arm_msp432_ClockFreqs_Module__state__V     
20002e08  ti_sysbios_family_arm_msp432_Timer_Module__root__V           
20002e10  ti_sysbios_family_arm_msp432_Timer_Module_State_0_device__A  
20002e30  ti_sysbios_family_arm_msp432_Timer_Module_State_0_handles__A 
20002e40  ti_sysbios_family_arm_msp432_Timer_Module__state__V          
20002e4c  ti_sysbios_gates_GateHwi_Module__root__V                     
20002e54  ti_sysbios_gates_GateHwi_Object__table__V                    
20002e58  ti_sysbios_gates_GateMutex_Module__root__V                   
20002e60  ti_sysbios_hal_Hwi_Module__root__V                           
20002e68  ti_sysbios_heaps_HeapMem_Module__root__V                     
20002e70  ti_sysbios_heaps_HeapMem_Object__table__V                    
20002e88  ti_sysbios_knl_Clock_Module__root__V                         
20002e90  ti_sysbios_knl_Event_Module__root__V                         
20002e9c  ti_sysbios_knl_Queue_Module__root__V                         
20002ea4  ti_sysbios_knl_Semaphore_Module__root__V                     
20002eac  ti_sysbios_knl_Swi_Module__root__V                           
20002eb4  ti_sysbios_knl_Swi_Module__state__V                          
20002ed0  ti_sysbios_knl_Task_Module__root__V                          
20002edc  ti_sysbios_knl_Task_Module_State_0_idleTask__A               
20002ee0  ti_sysbios_utils_Load_Module_State_0_taskStartTime__A        
20002ee4  ti_sysbios_utils_Load_Module_State_0_runningTask__A          
20002ee8  ti_uia_loggers_LoggerStopMode_Module__root__V                
20002ef0  ti_uia_loggers_LoggerStopMode_Module__state__V               
20002ef8  ti_uia_runtime_QueueDescriptor_Module__state__V              
20002f04  xdc_runtime_Error_Module__state__V                           
20002f06  xdc_runtime_Main_Module__root__V                             
20002f08  xdc_runtime_Memory_Module__state__V                          
20002f0c  xdc_runtime_Registry_Module__state__V                        
20002f14  xdc_runtime_Startup_Module__state__V                         
20002f1c  xdc_runtime_SysMin_Module__state__V                          
20002f28  xdc_runtime_System_Module_State_0_atexitHandlers__A          
20002f48  xdc_runtime_System_Module__state__V                          
20002f50  xdc_runtime_Text_Module__state__V                            
20002f58  __xdc__init__addr                                            
20002f5c  PowerMSP432_perfLevels                                       
20002ff8  ti_uia_loggers_LoggerStopMode_Object__table__V               
20003094  ti_sysbios_knl_Task_Object__table__V                         
200030e0  TSK_idle                                                     
2000312c  ti_sysbios_utils_Load_Module__state__V                       
200031c4  ti_sysbios_knl_Swi_Module_State_0_readyQ__A                  
20003244  ti_sysbios_knl_Task_Module_State_0_readyQ__A                 
200032c4  ti_sysbios_family_arm_msp432_Timer_Object__table__V          
20003310  ti_sysbios_knl_Task_Module__state__V                         
20003354  ti_sysbios_gates_GateMutex_Object__table__V                  
2000338c  ti_sysbios_family_arm_m3_Hwi_Module__state__V                
200033c0  ti_sysbios_family_arm_m3_Hwi_Object__table__V                
200033f0  ti_sysbios_family_arm_m3_Timer_Object__table__V              
20003420  ti_sysbios_knl_Swi_Object__table__V                          
20003450  ti_sysbios_knl_Clock_Module__state__V                        
2000347c  PowerMSP432_module                                           
200034a0  ti_sysbios_BIOS_Module__state__V                             
200034c8  gpioPinConfigs                                               
200034d8  gpioCallbackFunctions                                        
200034e0  _lock                                                        
200034e4  _unlock                                                      
200034e8  __TI_cleanup_ptr                                             
200034ec  __TI_dtors_ptr                                               
200034f0  ti_uia_runtime_QueueDescriptor_gPtrToFirstDescriptor         
200034f4  ti_uia_runtime_QueueDescriptor_gUpdateCount                  
200034f8  main_func_sp                                                 
2000f000  __stack                                                      
20010000  __STACK_END                                                  
4000480c  WDTCTL_SYM                                                   
e000e000  ti_sysbios_family_arm_m3_Hwi_nvic                            
ffffffff  __binit__                                                    
ffffffff  __c_args__                                                   
ffffffff  binit                                                        
UNDEFED   SHT$$INIT_ARRAY$$Base                                        
UNDEFED   SHT$$INIT_ARRAY$$Limit                                       

[718 symbols]
