******************************************************************************
                  TI ARM Linker Unix v5.2.5                    
******************************************************************************
>> Linked Sat Oct 17 22:56:53 2015

OUTPUT FILE NAME:   <AlarmClock.out>
ENTRY POINT SYMBOL: "_c_int00"  address: 00005051


MEMORY CONFIGURATION

         name            origin    length      used     unused   attr    fill
----------------------  --------  ---------  --------  --------  ----  --------
  MAIN                  00000000   00040000  00009c20  000363e0  R  X
  INFO                  00200000   00004000  00000000  00004000  R  X
  SRAM_CODE             01000000   00010000  00000000  00010000  RW X
  SRAM_DATA             20000000   00010000  00004515  0000baeb  RW  


SEGMENT ALLOCATION MAP

run origin  load origin   length   init length attrs members
----------  ----------- ---------- ----------- ----- -------
00000000    00000000    00009c28   00009c28    r-x
  00000000    00000000    0000003c   0000003c    r-- .resetVecs
  00000040    00000040    0000705a   0000705a    r-x .text
  0000709c    0000709c    00002672   00002672    r-- .const
  00009710    00009710    00000518   00000518    r-- .cinit
20000000    20000000    00000140   00000000    rw-
  20000000    20000000    00000140   00000000    rw- .vecs
20000180    20000180    000033d5   00000000    rw-
  20000180    20000180    00002c30   00000000    rw- .bss
  20002db0    20002db0    000007a5   00000000    rw- .data
2000f000    2000f000    00001000   00000000    rw-
  2000f000    2000f000    00001000   00000000    rw- .stack


SECTION ALLOCATION MAP

 output                                  attributes/
section   page    origin      length       input sections
--------  ----  ----------  ----------   ----------------
.resetVecs 
*          0    00000000    0000003c     
                  00000000    0000003c     alarm_clock_pem4f.oem4f (.resetVecs)

.text      0    00000040    0000705a     
                  00000040    00000430     sysbios.aem4f : BIOS.obj (.text:ti_sysbios_family_arm_m3_Hwi_excDumpRegs__I)
                  00000470    0000034c     ti.targets.arm.rtsarm.aem4f : System.oem4f (.text:xdc_runtime_System_doPrint__I)
                  000007bc    00000004     msp432p4xx_driverlib.lib : cpu.o (.text:CPU_wfi)
                  000007c0    00000314     sysbios.aem4f : BIOS.obj (.text:ti_sysbios_knl_Semaphore_pend__E)
                  00000ad4    000002d4     rtsv7M4_T_le_v4SPD16_eabi.lib : trgdrv.obj (.text)
                  00000da8    00000254     sysbios.aem4f : BIOS.obj (.text:ti_sysbios_heaps_HeapMem_free__E)
                  00000ffc    00000004     tirtosport.aem4f : HwiP_tirtos.oem4f (.text:HwiP_disable)
                  00001000    00000240     sysbios.aem4f : BIOS.obj (.text:ti_sysbios_heaps_HeapMem_alloc__E)
                  00001240    00000200                   : BIOS.obj (.text:ti_sysbios_knl_Task_sleep__E)
                  00001440    000001fc                   : BIOS.obj (.text:ti_sysbios_family_arm_m3_Hwi_excHandlerMax__I)
                  0000163c    00000182     msp432p4xx_driverlib.lib : pcm.o (.text:PCM_setPowerStateWithTimeout)
                  000017be    00000002     drivers_MSP432P401R.aem4f : PowerMSP432_tirtos.oem4f (.text:PowerMSP432_policyInitFxn)
                  000017c0    00000174     sysbios.aem4f : BIOS.obj (.text:ti_sysbios_family_arm_m3_Hwi_excBusFault__I)
                  00001934    00000004     tirtosport.aem4f : ListP.oem4f (.text:ListP_head)
                  00001938    00000164     sysbios.aem4f : BIOS.obj (.text:ti_sysbios_family_arm_m3_Hwi_excUsageFault__I)
                  00001a9c    00000004     tirtosport.aem4f : ListP.oem4f (.text:ListP_next)
                  00001aa0    00000148     sysbios.aem4f : BIOS.obj (.text:ti_sysbios_family_arm_m3_Hwi_excMemFault__I)
                  00001be8    00000140                   : BIOS.obj (.text:ti_sysbios_knl_Semaphore_post__E)
                  00001d28    0000013c     drivers_MSP432P401R.aem4f : GPIOMSP432.oem4f (.text:GPIO_setConfig)
                  00001e64    00000004     alarm_clock_pem4f.oem4f (.text:ti_sysbios_BIOS_RtsGateProxy_enter__E)
                  00001e68    0000013c     sysbios.aem4f : BIOS.obj (.text:ti_sysbios_heaps_HeapMem_Instance_init__E)
                  00001fa4    00000004     alarm_clock_pem4f.oem4f (.text:ti_sysbios_BIOS_RtsGateProxy_leave__E)
                  00001fa8    00000138     sysbios.aem4f : BIOS.obj (.text:ti_sysbios_family_arm_m3_Hwi_dispatchC__I)
                  000020e0    00000138     alarm_clock_pem4f.oem4f (.text:ti_uia_loggers_LoggerStopMode_writeMemoryRange__E)
                  00002218    00000134     sysbios.aem4f : BIOS.obj (.text:ti_sysbios_knl_Clock_workFunc__E)
                  0000234c    00000004     alarm_clock_pem4f.oem4f (.text:ti_sysbios_family_arm_m3_TaskSupport_Module__startupDone__S)
                  00002350    0000011c     sysbios.aem4f : BIOS.obj (.text:ti_sysbios_knl_Clock_Instance_init__E)
                  0000246c    00000004     alarm_clock_pem4f.oem4f (.text:ti_sysbios_heaps_HeapMem_Module_GateProxy_enter__E)
                  00002470    0000011c     sysbios.aem4f : BIOS.obj (.text:ti_sysbios_knl_Swi_run__I)
                  0000258c    00000118     ti.targets.arm.rtsarm.aem4f : Error.oem4f (.text:xdc_runtime_Error_policyDefault__E)
                  000026a4    0000010c     alarm_clock_pem4f.oem4f (.text:ti_uia_loggers_LoggerStopMode_write8__E)
                  000027b0    00000100     ti.targets.arm.rtsarm.aem4f : Core-mem.oem4f (.text:xdc_runtime_Core_createObject__I)
                  000028b0    000000f8                                 : Startup.oem4f (.text:xdc_runtime_Startup_startMods__I)
                  000029a8    000000f8     alarm_clock_pem4f.oem4f (.text:xdc_runtime_System_printfExtend__I)
                  00002aa0    000000f4     sysbios.aem4f : m3_Hwi_asm.obj (.text:ti_sysbios_family_arm_m3_Hwi_dispatch__I)
                  00002b94    000000f4     alarm_clock_pem4f.oem4f (.text:ti_uia_loggers_LoggerStopMode_write4__E)
                  00002c88    000000f0     drivers_MSP432P401R.aem4f : PowerMSP432.oem4f (.text:initPerfControl)
                  00002d78    000000e8     alarm_clock_pem4f.oem4f (.text:ti_uia_loggers_LoggerStopMode_write2__E)
                  00002e60    000000e4     alarm_clock_pem4f.oem4f (.text:ti_uia_loggers_LoggerStopMode_write1__E)
                  00002f44    000000e0     msp432p4xx_driverlib.lib : cs.o (.text:CS_initClockSignal)
                  00003024    000000d8     alarm_clock.obj (.text:main)
                  000030fc    000000d8     alarm_clock_pem4f.oem4f (.text:ti_uia_loggers_LoggerStopMode_write0__E)
                  000031d4    000000d4     msp432p4xx_driverlib.lib : pcm.o (.text:PCM_setPowerModeWithTimeout)
                  000032a8    000000cc     sysbios.aem4f : BIOS.obj (.text:ti_sysbios_knl_Task_schedule__I)
                  00003374    000000cc     ti.targets.arm.rtsarm.aem4f : Core-smem.oem4f (.text:xdc_runtime_Core_constructObject__I)
                  00003440    000000c4     lcd.obj (.text:LCD_send)
                  00003504    000000c0     drivers_MSP432P401R.aem4f : PowerMSP432.oem4f (.text:Power_sleep)
                  000035c4    00000004     alarm_clock_pem4f.oem4f (.text:ti_sysbios_heaps_HeapMem_Module_GateProxy_leave__E)
                  000035c8    000000bc     sysbios.aem4f : BIOS.obj (.text:ti_sysbios_family_arm_m3_Hwi_excDebugMon__I)
                  00003684    00000004     alarm_clock_pem4f.oem4f (.text:ti_sysbios_knl_Clock_TimerProxy_getMaxTicks__E)
                  00003688    000000bc     sysbios.aem4f : BIOS.obj (.text:ti_sysbios_family_arm_m3_Hwi_excHardFault__I)
                  00003744    00000004     alarm_clock_pem4f.oem4f (.text:ti_sysbios_knl_Queue_destruct)
                  00003748    000000bc     sysbios.aem4f : BIOS.obj (.text:ti_sysbios_knl_Task_startCore__E)
                  00003804    00000004     alarm_clock_pem4f.oem4f (.text:ti_sysbios_knl_Semaphore_destruct)
                  00003808    000000b4     sysbios.aem4f : BIOS.obj (.text:ti_sysbios_gates_GateMutex_enter__E)
                  000038bc    00000004     ti.uia.loggers.aem4f : LoggerStopMode.oem4f (.text:ti_uia_loggers_LoggerStopMode_getContents__E)
                  000038c0    000000b4     sysbios.aem4f : BIOS.obj (.text:ti_sysbios_knl_Task_checkStacks__E)
                  00003974    00000004     alarm_clock_pem4f.oem4f (.text:ti_uia_loggers_LoggerStopMode_getFilterLevel__E)
                  00003978    000000b0     sysbios.aem4f : BIOS.obj (.text:ti_sysbios_utils_Load_idleFxn__E)
                  00003a28    000000ac                   : BIOS.obj (.text:ti_sysbios_knl_Swi_post__E)
                  00003ad4    00000004     ti.uia.loggers.aem4f : LoggerStopMode.oem4f (.text:ti_uia_loggers_LoggerStopMode_getInstanceId__E)
                  00003ad8    000000ac     sysbios.aem4f : BIOS.obj (.text:ti_sysbios_utils_Load_updateLoads__E)
                  00003b84    000000a8     msp432p4xx_driverlib.lib : pcm.o (.text:PCM_setCoreVoltageLevelWithTimeout)
                  00003c2c    00000004     ti.uia.loggers.aem4f : LoggerStopMode.oem4f (.text:ti_uia_loggers_LoggerStopMode_getMaxLength__E)
                  00003c30    000000a8     sysbios.aem4f : BIOS.obj (.text:ti_sysbios_family_arm_msp432_Timer_periodicStub__E)
                  00003cd8    000000a8                   : BIOS.obj (.text:ti_sysbios_knl_Task_blockI__E)
                  00003d80    000000a8                   : BIOS.obj (.text:ti_sysbios_knl_Task_postInit__I)
                  00003e28    000000a0     auto_init.aem4f : auto_init.oem4f (.text)
                  00003ec8    000000a0     ti.targets.arm.rtsarm.aem4f : Text.oem4f (.text:xdc_runtime_Text_putMod__E)
                  00003f68    0000009c     rtsv7M4_T_le_v4SPD16_eabi.lib : memcpy_t2.obj (.text)
                  00004004    00000004     ti.uia.loggers.aem4f : LoggerStopMode.oem4f (.text:ti_uia_loggers_LoggerStopMode_getPriority__E)
                  00004008    0000009c     sysbios.aem4f : BIOS.obj (.text:ti_sysbios_knl_Semaphore_Instance_init__E)
                  000040a4    0000009a     ti.targets.arm.rtsarm.aem4f : Text.oem4f (.text:xdc_runtime_Text_putSite__E)
                  0000413e    00000002     rtsv7M4_T_le_v4SPD16_eabi.lib : i_div0.obj (.text)
                  00004140    00000094     sysbios.aem4f : BIOS.obj (.text:ti_sysbios_family_arm_m3_Hwi_Instance_init__E)
                  000041d4    00000004     ti.uia.loggers.aem4f : LoggerStopMode.oem4f (.text:ti_uia_loggers_LoggerStopMode_getTransferType__E)
                  000041d8    00000094     sysbios.aem4f : BIOS.obj (.text:ti_sysbios_family_arm_m3_Hwi_initNVIC__E)
                  0000426c    00000004     ti.targets.arm.rtsarm.aem4f : Error.oem4f (.text:xdc_runtime_Error_getSite__E)
                  00004270    00000094     sysbios.aem4f : BIOS.obj (.text:ti_sysbios_knl_Task_exit__E)
                  00004304    00000004     alarm_clock_pem4f.oem4f (.text:xdc_runtime_System_Module_GateProxy_enter__E)
                  00004308    00000090     sysbios.aem4f : BIOS.obj (.text:ti_sysbios_knl_Task_unblockI__E)
                  00004398    00000090     ti.uia.loggers.aem4f : LoggerStopMode.oem4f (.text:ti_uia_loggers_LoggerStopMode_initQueueDescriptor__E)
                  00004428    0000008c     sysbios.aem4f : m3_TaskSupport_asm.obj (.text:ti_sysbios_family_arm_m3_TaskSupport_buildTaskStack)
                  000044b4    00000004     alarm_clock_pem4f.oem4f (.text:xdc_runtime_System_Module_GateProxy_leave__E)
                  000044b8    00000088     sysbios.aem4f : BIOS.obj (.text:ti_sysbios_family_arm_msp432_Timer_Module_startup__E)
                  00004540    00000084     lcd.obj (.text:LCD_update)
                  000045c4    00000004     ti.targets.arm.rtsarm.aem4f : System.oem4f (.text:xdc_runtime_System_aprintf_va__F)
                  000045c8    00000080     sysbios.aem4f : BIOS.obj (.text:ti_sysbios_family_arm_msp432_Timer_startup__E)
                  00004648    0000007c     lcd.obj (.text:LCD_init)
                  000046c4    0000007c     msp432p4xx_driverlib.lib : pcm.o (.text:PCM_gotoLPM3)
                  00004740    0000007c     sysbios.aem4f : BIOS.obj (.text:ti_sysbios_utils_Load_logLoads__I)
                  000047bc    0000007a     rtsv7M4_T_le_v4SPD16_eabi.lib : memset_t2.obj (.text)
                  00004836    00000002     alarm_clock_pem4f.oem4f (.text:ti_sysbios_BIOS_nullFunc__I)
                  00004838    00000074     sysbios.aem4f : BIOS.obj (.text:ti_sysbios_family_arm_m3_Hwi_postInit__I)
                  000048ac    00000004     ti.targets.arm.rtsarm.aem4f : System.oem4f (.text:xdc_runtime_System_printf_va__F)
                  000048b0    00000074     sysbios.aem4f : BIOS.obj (.text:ti_sysbios_knl_Clock_start__E)
                  00004924    00000074     ti.uia.runtime.aem4f : QueueDescriptor.oem4f (.text:ti_uia_runtime_QueueDescriptor_addToList__E)
                  00004998    0000006c     sysbios.aem4f : BIOS.obj (.text:ti_sysbios_utils_Load_updateThreadContexts__E)
                  00004a04    0000006c     ti.targets.arm.rtsarm.aem4f : Error.oem4f (.text:xdc_runtime_Error_print__E)
                  00004a70    0000006c                                 : Memory.oem4f (.text:xdc_runtime_Memory_alloc__E)
                  00004adc    0000006a     rtsv7M4_T_le_v4SPD16_eabi.lib : copy_decompress_rle.obj (.text)
                  00004b46    00000002     alarm_clock_pem4f.oem4f (.text:ti_uia_loggers_LoggerStopMode_setFilterLevel__E)
                  00004b48    00000068     drivers_MSP432P401R.aem4f : GPIOMSP432.oem4f (.text:GPIO_init)
                  00004bb0    00000068     rtsv7M4_T_le_v4SPD16_eabi.lib : trgmsg.obj (.text)
                  00004c18    00000066     ti.uia.loggers.aem4f : LoggerStopMode.oem4f (.text:ti_uia_loggers_LoggerStopMode_flush__E)
                  00004c7e    00000066     ti.targets.arm.rtsarm.aem4f : Core-mem.oem4f (.text:xdc_runtime_Core_deleteObject__I)
                  00004ce4    00000002     ti.uia.loggers.aem4f : LoggerStopMode.oem4f (.text:ti_uia_loggers_LoggerStopMode_setPriority__E)
                  00004ce6    00000002     --HOLE-- [fill = 0]
                  00004ce8    00000064     sysbios.aem4f : BIOS.obj (.text:ti_sysbios_family_arm_m3_TimestampProvider_get64__E)
                  00004d4c    00000064     ti.targets.arm.rtsarm.aem4f : System.oem4f (.text:xdc_runtime_System_formatNum__I)
                  00004db0    00000062     tirtosport.aem4f : HwiP_tirtos.oem4f (.text:HwiP_create)
                  00004e12    00000006     msp432p4xx_driverlib.lib : pcm.o (.text:PCM_setPowerMode)
                  00004e18    00000060     sysbios.aem4f : BIOS.obj (.text:ti_sysbios_knl_Clock_logTick__E)
                  00004e78    00000060                   : BIOS.obj (.text:ti_sysbios_utils_Load_logCPULoad__I)
                  00004ed8    0000005c                   : BIOS.obj (.text:ti_sysbios_knl_Swi_restoreHwi__E)
                  00004f34    00000004     --HOLE-- [fill = 0]
                  00004f38    0000005c                   : BIOS.obj (.text:ti_sysbios_knl_Swi_schedule__I)
                  00004f94    00000004     --HOLE-- [fill = 0]
                  00004f98    0000005c                   : BIOS.obj (.text:ti_sysbios_knl_Task_Module_startup__E)
                  00004ff4    0000005b     ti.targets.arm.rtsarm.aem4f : Text.oem4f (.text:xdc_runtime_Text_putLab__E)
                  0000504f    00000001     --HOLE-- [fill = 0]
                  00005050    00000058     boot.aem4f : boot.oem4f (.text)
                  000050a8    00000058     alarm_clock_pem4f.oem4f (.text:ti_sysbios_family_arm_m3_Hwi_construct)
                  00005100    00000058     sysbios.aem4f : m3_Hwi_asm_switch.obj (.text:ti_sysbios_family_arm_m3_Hwi_initStacks__E)
                  00005158    00000058                   : BIOS.obj (.text:ti_sysbios_family_arm_m3_Timer_setPeriod__E)
                  000051b0    00000054     drivers_MSP432P401R.aem4f : GPIOMSP432.oem4f (.text:GPIO_hwiIntFxn)
                  00005204    00000054                               : GPIOMSP432.oem4f (.text:GPIO_setCallback)
                  00005258    00000054     sysbios.aem4f : BIOS.obj (.text:ti_sysbios_family_arm_m3_Timer_start__E)
                  000052ac    00000004     --HOLE-- [fill = 0]
                  000052b0    00000054                   : BIOS.obj (.text:ti_sysbios_family_arm_m3_TimestampProvider_get32__E)
                  00005304    00000004     --HOLE-- [fill = 0]
                  00005308    00000054                   : BIOS.obj (.text:ti_sysbios_family_arm_msp432_Timer_initDevice__I)
                  0000535c    00000004     --HOLE-- [fill = 0]
                  00005360    00000054                   : BIOS.obj (.text:ti_sysbios_family_arm_msp432_init_Boot_configureClocksHigh)
                  000053b4    00000004     --HOLE-- [fill = 0]
                  000053b8    00000054                   : BIOS.obj (.text:ti_sysbios_utils_Load_updateCurrentThreadTime__E)
                  0000540c    00000054     ti.targets.arm.rtsarm.aem4f : Assert.oem4f (.text:xdc_runtime_Assert_raise__I)
                  00005460    00000050     drivers_MSP432P401R.aem4f : GPIOMSP432.oem4f (.text:GPIO_write)
                  000054b0    00000050     msp432p4xx_driverlib.lib : pcm.o (.text:PCM_shutdownDevice)
                  00005500    00000050     drivers_MSP432P401R.aem4f : PowerMSP432_tirtos.oem4f (.text:PowerMSP432_policyFxn)
                  00005550    00000050     sysbios.aem4f : BIOS.obj (.text:ti_sysbios_family_arm_m3_Hwi_Module_startup__E)
                  000055a0    00000050     ti.targets.arm.rtsarm.aem4f : Startup.oem4f (.text:xdc_runtime_Startup_exec__E)
                  000055f0    00000050                                 : Text.oem4f (.text:xdc_runtime_Text_visitRope2__I)
                  00005640    0000004c     rtsv7M4_T_le_v4SPD16_eabi.lib : cpy_tbl.obj (.text)
                  0000568c    00000004     --HOLE-- [fill = 0]
                  00005690    0000004c     sysbios.aem4f : BIOS.obj (.text:ti_sysbios_heaps_HeapMem_getStats__E)
                  000056dc    00000004     --HOLE-- [fill = 0]
                  000056e0    0000004c                   : BIOS.obj (.text:ti_sysbios_knl_Swi_runLoop__I)
                  0000572c    00000004     --HOLE-- [fill = 0]
                  00005730    0000004c                   : BIOS.obj (.text:ti_sysbios_knl_Task_allBlockedFunction__I)
                  0000577c    0000004c     ti.uia.loggers.aem4f : LoggerStopMode.oem4f (.text:ti_uia_loggers_LoggerStopMode_Module_startup__E)
                  000057c8    00000048     sysbios.aem4f : BIOS.obj (.text:ti_sysbios_family_arm_m3_Hwi_disableInterrupt__E)
                  00005810    00000048                   : BIOS.obj (.text:ti_sysbios_family_arm_m3_Hwi_enableInterrupt__E)
                  00005858    00000048                   : BIOS.obj (.text:ti_sysbios_family_arm_m3_Hwi_excReserved__I)
                  000058a0    00000048                   : BIOS.obj (.text:ti_sysbios_family_arm_m3_Timer_initDevice__I)
                  000058e8    00000046     ti.targets.arm.rtsarm.aem4f : Core-params.oem4f (.text:xdc_runtime_Core_assignParams__I)
                  0000592e    00000002     --HOLE-- [fill = 0]
                  00005930    00000044     rtsv7M4_T_le_v4SPD16_eabi.lib : exit.obj (.text)
                  00005974    00000004     --HOLE-- [fill = 0]
                  00005978    00000044     sysbios.aem4f : BIOS.obj (.text:ti_sysbios_family_arm_m3_Hwi_getStackInfo__E)
                  000059bc    00000044     ti.uia.loggers.aem4f : LoggerStopMode.oem4f (.text:ti_uia_loggers_LoggerStopMode_initBuffer__I)
                  00005a00    00000044     ti.targets.arm.rtsarm.aem4f : Error.oem4f (.text:xdc_runtime_Error_setX__E)
                  00005a44    00000044                                 : SysMin.oem4f (.text:xdc_runtime_SysMin_flush__E)
                  00005a88    00000044                                 : Text.oem4f (.text:xdc_runtime_Text_xprintf__I)
                  00005acc    00000042     lcd.obj (.text:LCD_setCursorLocation)
                  00005b0e    00000002     --HOLE-- [fill = 0]
                  00005b10    00000040     msp432p4xx_driverlib.lib : flash.o (.text:FlashCtl_disableReadBuffering)
                  00005b50    00000040     drivers_MSP432P401R.aem4f : PowerMSP432.oem4f (.text:notify)
                  00005b90    00000040     rtsv7M4_T_le_v4SPD16_eabi.lib : u_divt2.obj (.text)
                  00005bd0    00000040     sysbios.aem4f : BIOS.obj (.text:ti_sysbios_family_arm_m3_Timer_Module_startup__E)
                  00005c10    0000003c                   : BIOS.obj (.text:ti_sysbios_family_arm_m3_Hwi_excSvCall__I)
                  00005c4c    00000004     --HOLE-- [fill = 0]
                  00005c50    0000003c                   : BIOS.obj (.text:ti_sysbios_family_arm_m3_TaskSupport_start__E)
                  00005c8c    00000004     --HOLE-- [fill = 0]
                  00005c90    0000003c                   : BIOS.obj (.text:ti_sysbios_heaps_HeapMem_init__I)
                  00005ccc    00000004     --HOLE-- [fill = 0]
                  00005cd0    0000003c                   : BIOS.obj (.text:ti_sysbios_knl_Swi_restore__E)
                  00005d0c    00000004     --HOLE-- [fill = 0]
                  00005d10    00000038                   : BIOS.obj (.text:ti_sysbios_family_arm_m3_Hwi_excNoIsr__I)
                  00005d48    00000038     alarm_clock_pem4f.oem4f (.text:ti_sysbios_knl_Clock_create)
                  00005d80    00000038     sysbios.aem4f : BIOS.obj (.text:ti_sysbios_knl_Task_processVitalTaskFlag__I)
                  00005db8    00000038     ti.targets.arm.rtsarm.aem4f : SysMin.oem4f (.text:xdc_runtime_SysMin_putch__E)
                  00005df0    00000038                                 : System.oem4f (.text:xdc_runtime_System_atexit__E)
                  00005e28    00000034     msp432p4xx_driverlib.lib : flash.o (.text:FlashCtl_enableReadBuffering)
                  00005e5c    00000004     --HOLE-- [fill = 0]
                  00005e60    00000034     sysbios.aem4f : BIOS.obj (.text:ti_sysbios_family_arm_m3_Hwi_excNmi__I)
                  00005e94    00000004     --HOLE-- [fill = 0]
                  00005e98    00000034                   : BIOS.obj (.text:ti_sysbios_family_arm_m3_Timer_periodicStub__I)
                  00005ecc    00000004     --HOLE-- [fill = 0]
                  00005ed0    00000034                   : BIOS.obj (.text:ti_sysbios_hal_Hwi_checkStack)
                  00005f04    00000034     ti.uia.loggers.aem4f : LoggerStopMode.oem4f (.text:ti_uia_loggers_LoggerStopMode_reset__E)
                  00005f38    00000034     ti.targets.arm.rtsarm.aem4f : Core-label.oem4f (.text:xdc_runtime_Core_assignLabel__I)
                  00005f6c    00000033                                 : Text.oem4f (.text:xdc_runtime_Text_printVisFxn__I)
                  00005f9f    00000001     --HOLE-- [fill = 0]
                  00005fa0    00000032     sysbios.aem4f : BIOS.obj (.text:ti_sysbios_hal_Hwi_initStack)
                  00005fd2    00000006     msp432p4xx_driverlib.lib : pcm.o (.text:PCM_setPowerState)
                  00005fd8    00000032     sysbios.aem4f : BIOS.obj (.text:ti_sysbios_knl_Semaphore_pendTimeout__I)
                  0000600a    00000002     --HOLE-- [fill = 0]
                  0000600c    00000030     msp432p4xx_driverlib.lib : gpio.o (.text:GPIO_getEnabledInterruptStatus)
                  0000603c    00000030                              : gpio.o (.text:GPIO_setAsInputPinWithPullDownResistor)
                  0000606c    00000030                              : gpio.o (.text:GPIO_setAsInputPinWithPullUpResistor)
                  0000609c    00000030     drivers_MSP432P401R.aem4f : GPIOMSP432.oem4f (.text:GPIO_toggle)
                  000060cc    00000030                               : PowerMSP432.oem4f (.text:Power_init)
                  000060fc    00000030     rtsv7M4_T_le_v4SPD16_eabi.lib : strncpy.obj (.text)
                  0000612c    00000030     alarm_clock_pem4f.oem4f (.text:ti_sysbios_BIOS_atExitFunc__I)
                  0000615c    00000030     alarm_clock_pem4f.oem4f (.text:ti_sysbios_gates_GateHwi_Object__create__S)
                  0000618c    00000030     alarm_clock_pem4f.oem4f (.text:ti_sysbios_gates_GateMutex_Object__create__S)
                  000061bc    00000030     alarm_clock_pem4f.oem4f (.text:ti_sysbios_heaps_HeapMem_Object__create__S)
                  000061ec    00000030     alarm_clock_pem4f.oem4f (.text:ti_sysbios_knl_Semaphore_construct)
                  0000621c    00000030     alarm_clock_pem4f.oem4f (.text:ti_uia_loggers_LoggerStopMode_Object__create__S)
                  0000624c    00000030     ti.targets.arm.rtsarm.aem4f : SysMin.oem4f (.text:xdc_runtime_SysMin_abort__E)
                  0000627c    00000030                                 : System.oem4f (.text:xdc_runtime_System_processAtExit__E)
                  000062ac    0000002c     msp432p4xx_driverlib.lib : gpio.o (.text:GPIO_setAsInputPin)
                  000062d8    0000002c     lcd.obj (.text:LCD_print)
                  00006304    0000002c     msp432p4xx_driverlib.lib : pcm.o (.text:PCM_getCoreVoltageLevel)
                  00006330    0000002c     drivers_MSP432P401R.aem4f : PowerMSP432_tirtos.oem4f (.text:PowerMSP432_updateFreqs)
                  0000635c    00000004     --HOLE-- [fill = 0]
                  00006360    0000002c     sysbios.aem4f : BIOS.obj (.text:ti_sysbios_family_arm_m3_Hwi_Instance_finalize__E)
                  0000638c    0000002c     alarm_clock_pem4f.oem4f (.text:ti_sysbios_knl_Clock_doTick__I)
                  000063b8    0000002c     alarm_clock_pem4f.oem4f (.text:ti_sysbios_knl_Queue_construct)
                  000063e4    00000004     --HOLE-- [fill = 0]
                  000063e8    0000002c     sysbios.aem4f : BIOS.obj (.text:ti_sysbios_knl_Task_restore__E)
                  00006414    0000002c     ti.targets.arm.rtsarm.aem4f : Text.oem4f (.text:xdc_runtime_Text_cordText__E)
                  00006440    0000002a     msp432p4xx_driverlib.lib : pcm.o (.text:PCM_getPowerMode)
                  0000646a    0000002a     ti.targets.arm.rtsarm.aem4f : System.oem4f (.text:xdc_runtime_System_putchar__I)
                  00006494    00000028     msp432p4xx_driverlib.lib : flash.o (.text:FlashCtl_setWaitState)
                  000064bc    00000028                              : pcm.o (.text:PCM_gotoLPM0)
                  000064e4    00000028     alarm_clock_pem4f.oem4f (.text:ti_sysbios_BIOS_startFunc__I)
                  0000650c    00000004     --HOLE-- [fill = 0]
                  00006510    00000028     sysbios.aem4f : BIOS.obj (.text:ti_sysbios_knl_Swi_Module_startup__E)
                  00006538    00000026                   : m3_Hwi_asm.obj (.text:ti_sysbios_family_arm_m3_Hwi_pendSV__I)
                  0000655e    00000026     ti.targets.arm.rtsarm.aem4f : System.oem4f (.text:xdc_runtime_System_avprintf__E)
                  00006584    00000024     msp432p4xx_driverlib.lib : cs.o (.text:CS_setDCOCenteredFrequency)
                  000065a8    00000024                              : gpio.o (.text:GPIO_setAsOutputPin)
                  000065cc    00000024                              : rtc_c.o (.text:RTC_C_holdClock)
                  000065f0    00000024     alarm_clock_pem4f.oem4f (.text:ti_sysbios_BIOS_errorRaiseHook__I)
                  00006614    00000024     alarm_clock_pem4f.oem4f (.text:ti_sysbios_BIOS_registerRTSLock__I)
                  00006638    00000024     alarm_clock_pem4f.oem4f (.text:ti_sysbios_BIOS_removeRTSLock__I)
                  0000665c    00000004     --HOLE-- [fill = 0]
                  00006660    00000024     sysbios.aem4f : BIOS.obj (.text:ti_sysbios_family_arm_m3_Hwi_doTaskRestore__I)
                  00006684    00000004     --HOLE-- [fill = 0]
                  00006688    00000024                   : BIOS.obj (.text:ti_sysbios_family_arm_m3_Timer_startup__E)
                  000066ac    00000004     --HOLE-- [fill = 0]
                  000066b0    00000024                   : BIOS.obj (.text:ti_sysbios_family_arm_msp432_ClockFreqs_setFrequency__E)
                  000066d4    00000024     alarm_clock_pem4f.oem4f (.text:ti_sysbios_gates_GateMutex_Object__delete__S)
                  000066f8    00000024     sysbios.aem4f : BIOS.obj (.text:ti_sysbios_knl_Clock_Module_startup__E)
                  0000671c    00000024     ti.targets.arm.rtsarm.aem4f : System.oem4f (.text:xdc_runtime_System_vprintf__E)
                  00006740    00000022     alarm_clock_pem4f.oem4f (.text:xdc_runtime_SysMin_output__I)
                  00006762    00000002     --HOLE-- [fill = 0]
                  00006764    00000020     msp432p4xx_driverlib.lib : gpio.o (.text:GPIO_interruptEdgeSelect)
                  00006784    00000020     drivers_MSP432P401R.aem4f : PowerMSP432.oem4f (.text:Power_idleFunc)
                  000067a4    00000020     alarm_clock_pem4f.oem4f (.text:ti_sysbios_BIOS_rtsLock__I)
                  000067c4    00000020     sysbios.aem4f : m3_Hwi_asm.obj (.text:ti_sysbios_family_arm_m3_Hwi_excHandlerAsm__I)
                  000067e4    00000004     --HOLE-- [fill = 0]
                  000067e8    00000020                   : BIOS.obj (.text:ti_sysbios_family_arm_m3_Hwi_excHandler__I)
                  00006808    00000020                   : BIOS.obj (.text:ti_sysbios_family_arm_m3_TimestampProvider_Module_startup__E)
                  00006828    00000020     alarm_clock_pem4f.oem4f (.text:ti_sysbios_gates_GateHwi_Object__delete__S)
                  00006848    00000020     alarm_clock_pem4f.oem4f (.text:ti_sysbios_heaps_HeapMem_Object__delete__S)
                  00006868    00000020     sysbios.aem4f : BIOS.obj (.text:ti_sysbios_knl_Idle_run__E)
                  00006888    00000020     alarm_clock_pem4f.oem4f (.text:ti_sysbios_knl_Semaphore_Object__destruct__S)
                  000068a8    00000020     alarm_clock_pem4f.oem4f (.text:ti_uia_loggers_LoggerStopMode_Object__delete__S)
                  000068c8    00000020     ti.targets.arm.rtsarm.aem4f : Registry.oem4f (.text:xdc_runtime_Registry_findById__E)
                  000068e8    00000020                                 : SysMin.oem4f (.text:xdc_runtime_SysMin_Module_startup__E)
                  00006908    0000001e     sysbios.aem4f : m3_Hwi_asm_switch.obj (.text:ti_sysbios_family_xxx_Hwi_switchAndRunFunc)
                  00006926    00000002     --HOLE-- [fill = 0]
                  00006928    0000001c                   : BIOS.obj (.text:ti_sysbios_gates_GateMutex_Instance_init__E)
                  00006944    0000001c     alarm_clock_pem4f.oem4f (.text:ti_sysbios_knl_Queue_Object__destruct__S)
                  00006960    0000001c     sysbios.aem4f : BIOS.obj (.text:ti_sysbios_knl_Task_enter__I)
                  0000697c    0000001c     ti.uia.loggers.aem4f : LoggerStopMode.oem4f (.text:ti_uia_loggers_LoggerStopMode_Instance_init__E)
                  00006998    0000001c     ti.targets.arm.rtsarm.aem4f : Error.oem4f (.text:xdc_runtime_Error_raiseX__E)
                  000069b4    0000001c                                 : Memory.oem4f (.text:xdc_runtime_Memory_valloc__E)
                  000069d0    0000001c                                 : SysMin.oem4f (.text:xdc_runtime_SysMin_exit__E)
                  000069ec    0000001c                                 : System.oem4f (.text:xdc_runtime_System_abort__E)
                  00006a08    0000001a     alarm_clock_pem4f.oem4f (.text:ti_sysbios_family_arm_m3_Hwi_Handle__label__S)
                  00006a22    0000001a     alarm_clock_pem4f.oem4f (.text:ti_sysbios_gates_GateHwi_Handle__label__S)
                  00006a3c    0000001a     alarm_clock_pem4f.oem4f (.text:ti_sysbios_gates_GateMutex_Handle__label__S)
                  00006a56    0000001a     alarm_clock_pem4f.oem4f (.text:ti_sysbios_heaps_HeapMem_Handle__label__S)
                  00006a70    0000001a     alarm_clock_pem4f.oem4f (.text:ti_sysbios_knl_Swi_Handle__label__S)
                  00006a8a    0000001a     alarm_clock_pem4f.oem4f (.text:ti_sysbios_knl_Task_Handle__label__S)
                  00006aa4    00000004     --HOLE-- [fill = 0]
                  00006aa8    0000001a     sysbios.aem4f : BIOS.obj (.text:ti_sysbios_knl_Task_sleepTimeout__I)
                  00006ac2    0000001a     alarm_clock_pem4f.oem4f (.text:ti_uia_loggers_LoggerStopMode_Handle__label__S)
                  00006adc    0000001a     alarm_clock_pem4f.oem4f (.text:xdc_runtime_System_aprintf__E)
                  00006af6    0000001a     alarm_clock_pem4f.oem4f (.text:xdc_runtime_System_printf__E)
                  00006b10    00000018     msp432p4xx_driverlib.lib : gpio.o (.text:GPIO_clearInterruptFlag)
                  00006b28    00000018                              : gpio.o (.text:GPIO_setDriveStrengthLow)
                  00006b40    00000018                              : gpio.o (.text:GPIO_setOutputLowOnPin)
                  00006b58    00000018                              : wdt_a.o (.text:WDT_A_holdTimer)
                  00006b70    00000018     rtsv7M4_T_le_v4SPD16_eabi.lib : args_main.obj (.text)
                  00006b88    00000018     alarm_clock_pem4f.oem4f (.text:ti_sysbios_BIOS_rtsUnlock__I)
                  00006ba0    00000018     alarm_clock_pem4f.oem4f (.text:ti_sysbios_family_arm_m3_Hwi_Module__startupDone__F)
                  00006bb8    00000018     sysbios.aem4f : m3_TaskSupport_asm.obj (.text:ti_sysbios_family_arm_m3_TaskSupport_swap__E)
                  00006bd0    00000018     alarm_clock_pem4f.oem4f (.text:ti_sysbios_family_arm_msp432_Timer_Module__startupDone__F)
                  00006be8    00000018     sysbios.aem4f : BIOS.obj (.text:ti_sysbios_gates_GateMutex_leave__E)
                  00006c00    00000018     ti.targets.arm.rtsarm.aem4f : Error.oem4f (.text:xdc_runtime_Error_check__E)
                  00006c18    00000018                                 : System.oem4f (.text:xdc_runtime_System_exit__E)
                  00006c30    00000018                                 : Text.oem4f (.text:xdc_runtime_Text_ropeText__E)
                  00006c48    00000016     alarm_clock_pem4f.oem4f (.text:ti_sysbios_BIOS_exitFunc__I)
                  00006c5e    00000016     lcd.obj (.text:ti_sysbios_knl_Clock_Params_init)
                  00006c74    00000016     ti.uia.loggers.aem4f : LoggerStopMode.oem4f (.text:ti_uia_loggers_LoggerStopMode_disable__E)
                  00006c8a    00000016                          : LoggerStopMode.oem4f (.text:ti_uia_loggers_LoggerStopMode_enable__E)
                  00006ca0    00000014     msp432p4xx_driverlib.lib : gpio.o (.text:GPIO_setDriveStrengthHigh)
                  00006cb4    00000014                              : gpio.o (.text:GPIO_setOutputHighOnPin)
                  00006cc8    00000014                              : gpio.o (.text:GPIO_toggleOutputOnPin)
                  00006cdc    00000014     alarm_clock.obj (.text:heartBeatFxn)
                  00006cf0    00000014     rtsv7M4_T_le_v4SPD16_eabi.lib : _lock.obj (.text)
                  00006d04    00000014                                   : strcpy.obj (.text)
                  00006d18    00000014                                   : strlen.obj (.text)
                  00006d2c    00000014     alarm_clock_pem4f.oem4f (.text:ti_sysbios_family_arm_m3_Hwi_Object__get__S)
                  00006d40    00000014     sysbios.aem4f : BIOS.obj (.text:ti_sysbios_family_arm_m3_Hwi_switchFromBootStack__E)
                  00006d54    00000014     alarm_clock_pem4f.oem4f (.text:ti_sysbios_heaps_HeapMem_Object__get__S)
                  00006d68    00000014     alarm_clock_pem4f.oem4f (.text:ti_sysbios_knl_Swi_Object__get__S)
                  00006d7c    00000004     --HOLE-- [fill = 0]
                  00006d80    00000012     sysbios.aem4f : BIOS.obj (.text:ti_sysbios_hal_Hwi_Module_startup__E)
                  00006d92    00000012     alarm_clock_pem4f.oem4f (.text:xdc_runtime_Startup_exec__I)
                  00006da4    00000010     msp432p4xx_driverlib.lib : gpio.o (.text:GPIO_getInterruptStatus)
                  00006db4    00000010                              : pcm.o (.text:PCM_getPowerState)
                  00006dc4    00000004     --HOLE-- [fill = 0]
                  00006dc8    00000010     sysbios.aem4f : BIOS.obj (.text:ti_sysbios_BIOS_getCpuFreq__E)
                  00006dd8    00000010                   : BIOS.obj (.text:ti_sysbios_BIOS_setCpuFreq__E)
                  00006de8    00000010                   : BIOS.obj (.text:ti_sysbios_BIOS_setThreadType__E)
                  00006df8    00000010                   : BIOS.obj (.text:ti_sysbios_BIOS_start__E)
                  00006e08    00000010                   : m3_TaskSupport_asm.obj (.text:ti_sysbios_family_arm_m3_TaskSupport_glue)
                  00006e18    00000010                   : BIOS.obj (.text:ti_sysbios_family_arm_msp432_init_Boot_disableWatchdog)
                  00006e28    00000010                   : BIOS.obj (.text:ti_sysbios_gates_GateMutex_Instance_finalize__E)
                  00006e38    00000010                   : BIOS.obj (.text:ti_sysbios_knl_Semaphore_Instance_finalize__E)
                  00006e48    00000010                   : BIOS.obj (.text:ti_sysbios_knl_Swi_disable__E)
                  00006e58    00000010     alarm_clock_pem4f.oem4f (.text:ti_sysbios_knl_Task_Object__get__S)
                  00006e68    00000010     sysbios.aem4f : BIOS.obj (.text:ti_sysbios_knl_Task_disable__E)
                  00006e78    00000010     alarm_clock_pem4f.oem4f (.text:ti_uia_loggers_LoggerStopMode_Object__get__S)
                  00006e88    00000010     ti.uia.loggers.aem4f : LoggerStopMode.oem4f (.text:ti_uia_loggers_LoggerStopMode_isEmpty__E)
                  00006e98    00000010     ti.targets.arm.rtsarm.aem4f : Gate.oem4f (.text:xdc_runtime_Gate_leaveSystem__E)
                  00006ea8    00000010                                 : Memory.oem4f (.text:xdc_runtime_Memory_free__E)
                  00006eb8    00000010                                 : SysMin.oem4f (.text:xdc_runtime_SysMin_ready__E)
                  00006ec8    00000010                                 : System.oem4f (.text:xdc_runtime_System_vsnprintf__E)
                  00006ed8    00000010     alarm_clock_pem4f.oem4f (.text:xdc_runtime_Text_visitRope__I)
                  00006ee8    0000000e     tirtosport.aem4f : HwiP_tirtos.oem4f (.text:HwiP_Params_init)
                  00006ef6    0000000e     rtsv7M4_T_le_v4SPD16_eabi.lib : copy_decompress_none.obj (.text:decompress:none)
                  00006f04    00000004     --HOLE-- [fill = 0]
                  00006f08    0000000e     sysbios.aem4f : BIOS.obj (.text:ti_sysbios_knl_Idle_loop__E)
                  00006f16    00000002     --HOLE-- [fill = 0]
                  00006f18    0000000e                   : BIOS.obj (.text:ti_sysbios_knl_Queue_empty__E)
                  00006f26    0000000c     alarm_clock_pem4f.oem4f (.text:.bootCodeSection:ti_sysbios_family_arm_msp432_init_Boot_init__I)
                  00006f32    0000000c     msp432p4xx_driverlib.lib : cpu.o (.text:CPU_cpsid)
                  00006f3e    0000000c                              : cpu.o (.text:CPU_cpsie)
                  00006f4a    00000002     --HOLE-- [fill = 0]
                  00006f4c    0000000c     drivers_MSP432P401R.aem4f : PowerMSP432.oem4f (.text:Power_getConstraintMask)
                  00006f58    0000000c     rtsv7M4_T_le_v4SPD16_eabi.lib : copy_zero_init.obj (.text:decompress:ZI)
                  00006f64    0000000c     alarm_clock_pem4f.oem4f (.text:ti_sysbios_family_arm_m3_Hwi_Params__init__S)
                  00006f70    0000000c     sysbios.aem4f : BIOS.obj (.text:ti_sysbios_family_arm_m3_Hwi_disableFxn__E)
                  00006f7c    00000004     --HOLE-- [fill = 0]
                  00006f80    0000000c                   : BIOS.obj (.text:ti_sysbios_family_arm_m3_TaskSupport_checkStack__E)
                  00006f8c    00000004     --HOLE-- [fill = 0]
                  00006f90    0000000c                   : BIOS.obj (.text:ti_sysbios_family_arm_m3_TimestampProvider_startTimer__E)
                  00006f9c    00000004     --HOLE-- [fill = 0]
                  00006fa0    0000000c                   : BIOS.obj (.text:ti_sysbios_family_arm_msp432_Timer_getMaxTicks__E)
                  00006fac    00000004     --HOLE-- [fill = 0]
                  00006fb0    0000000c                   : BIOS.obj (.text:ti_sysbios_gates_GateHwi_enter__E)
                  00006fbc    0000000c     alarm_clock_pem4f.oem4f (.text:ti_sysbios_knl_Clock_Params__init__S)
                  00006fc8    0000000c     alarm_clock_pem4f.oem4f (.text:ti_sysbios_knl_Queue_Object__get__S)
                  00006fd4    0000000c     ti.targets.arm.rtsarm.aem4f : Error.oem4f (.text:xdc_runtime_Error_init__E)
                  00006fe0    0000000c                                 : Gate.oem4f (.text:xdc_runtime_Gate_enterSystem__E)
                  00006fec    0000000c                                 : Memory.oem4f (.text:xdc_runtime_Memory_calloc__E)
                  00006ff8    0000000c                                 : Memory.oem4f (.text:xdc_runtime_Memory_getMaxDefaultTypeAlign__E)
                  00007004    0000000a     alarm_clock_pem4f.oem4f (.text:xdc_runtime_IHeap_alloc)
                  0000700e    0000000a     alarm_clock_pem4f.oem4f (.text:xdc_runtime_IHeap_free)
                  00007018    00000008     MSP_EXP432P401RLP.obj (.text:MSP_EXP432P401RLP_initGPIO)
                  00007020    00000008     MSP_EXP432P401RLP.obj (.text:MSP_EXP432P401RLP_initGeneral)
                  00007028    00000008     sysbios.aem4f : BIOS.obj (.text:ti_sysbios_family_arm_m3_Hwi_doSwiRestore__I)
                  00007030    00000008                   : BIOS.obj (.text:ti_sysbios_family_arm_m3_Hwi_startup__E)
                  00007038    00000006     ti.targets.arm.rtsarm.aem4f : xdc_noinit.oem4f (.text:__xdc__init)
                  0000703e    00000006     rtsv7M4_T_le_v4SPD16_eabi.lib : copy_decompress_rle.obj (.text:decompress:rle24)
                  00007044    00000004     --HOLE-- [fill = 0]
                  00007048    00000006     sysbios.aem4f : BIOS.obj (.text:ti_sysbios_family_arm_m3_Hwi_restoreFxn__E)
                  0000704e    00000002     --HOLE-- [fill = 0]
                  00007050    00000006                   : BIOS.obj (.text:ti_sysbios_gates_GateHwi_leave__E)
                  00007056    00000002     --HOLE-- [fill = 0]
                  00007058    00000006                   : BIOS.obj (.text:ti_sysbios_heaps_HeapMem_isBlocking__E)
                  0000705e    00000002     --HOLE-- [fill = 0]
                  00007060    00000006                   : BIOS.obj (.text:ti_sysbios_knl_Queue_Instance_init__E)
                  00007066    00000002     --HOLE-- [fill = 0]
                  00007068    00000006                   : BIOS.obj (.text:ti_sysbios_knl_Swi_startup__E)
                  0000706e    00000006     ti.targets.arm.rtsarm.aem4f : System.oem4f (.text:xdc_runtime_System_Module_startup__E)
                  00007074    00000004     --HOLE-- [fill = 0]
                  00007078    00000004     sysbios.aem4f : BIOS.obj (.text:ti_sysbios_gates_GateHwi_query__E)
                  0000707c    00000004     --HOLE-- [fill = 0]
                  00007080    00000004                   : BIOS.obj (.text:ti_sysbios_gates_GateMutex_query__E)
                  00007084    00000004     --HOLE-- [fill = 0]
                  00007088    00000004                   : BIOS.obj (.text:ti_sysbios_knl_Task_startup__E)
                  0000708c    00000004     --HOLE-- [fill = 0]
                  00007090    00000002                   : BIOS.obj (.text:ti_sysbios_family_arm_m3_TimestampProvider_rolloverFunc__E)
                  00007092    00000006     --HOLE-- [fill = 0]
                  00007098    00000002                   : BIOS.obj (.text:ti_sysbios_gates_GateHwi_Instance_init__E)

.const     0    0000709c    00002672     
                  0000709c    00001ec7     alarm_clock_pem4f.oem4f (.const:xdc_runtime_Text_charTab__A)
                  00008f63    00000001     alarm_clock_pem4f.oem4f (.const:xdc_runtime_Error_policy__C)
                  00008f64    000000f8     alarm_clock_pem4f.oem4f (.const:xdc_runtime_Text_nodeTab__A)
                  0000905c    00000060     alarm_clock_pem4f.oem4f (.const:ti_uia_loggers_LoggerStopMode_Module__FXNS__C)
                  000090bc    00000048     alarm_clock_pem4f.oem4f (.const:.string)
                  00009104    00000030     msp432p4xx_driverlib.lib : gpio.o (.const:GPIO_PORT_TO_BASE)
                  00009134    00000030     alarm_clock_pem4f.oem4f (.const:ti_sysbios_family_arm_m3_Hwi_Object__PARAMS__C)
                  00009164    0000002c     alarm_clock_pem4f.oem4f (.const:xdc_runtime_Startup_sfxnTab__A)
                  00009190    00000028     alarm_clock_pem4f.oem4f (.const:ti_sysbios_heaps_HeapMem_Module__FXNS__C)
                  000091b8    00000028     alarm_clock_pem4f.oem4f (.const:ti_uia_loggers_LoggerStopMode_Object__PARAMS__C)
                  000091e0    00000024     alarm_clock_pem4f.oem4f (.const:ti_sysbios_gates_GateHwi_Module__FXNS__C)
                  00009204    00000024     alarm_clock_pem4f.oem4f (.const:ti_sysbios_gates_GateMutex_Module__FXNS__C)
                  00009228    00000024     alarm_clock_pem4f.oem4f (.const:ti_sysbios_heaps_HeapMem_Object__PARAMS__C)
                  0000924c    00000024     alarm_clock_pem4f.oem4f (.const:ti_sysbios_knl_Clock_Object__PARAMS__C)
                  00009270    00000024     alarm_clock_pem4f.oem4f (.const:ti_sysbios_knl_Semaphore_Object__PARAMS__C)
                  00009294    00000020     alarm_clock_pem4f.oem4f (.const:ti_sysbios_family_arm_m3_Hwi_Object__DESC__C)
                  000092b4    00000020     alarm_clock_pem4f.oem4f (.const:ti_sysbios_gates_GateHwi_Object__DESC__C)
                  000092d4    00000020     alarm_clock_pem4f.oem4f (.const:ti_sysbios_gates_GateMutex_Object__DESC__C)
                  000092f4    00000020     alarm_clock_pem4f.oem4f (.const:ti_sysbios_heaps_HeapMem_Object__DESC__C)
                  00009314    00000020     alarm_clock_pem4f.oem4f (.const:ti_sysbios_knl_Clock_Object__DESC__C)
                  00009334    00000020     alarm_clock_pem4f.oem4f (.const:ti_sysbios_knl_Queue_Object__DESC__C)
                  00009354    00000020     alarm_clock_pem4f.oem4f (.const:ti_sysbios_knl_Semaphore_Object__DESC__C)
                  00009374    00000020     alarm_clock_pem4f.oem4f (.const:ti_uia_loggers_LoggerStopMode_Object__DESC__C)
                  00009394    00000018     alarm_clock_pem4f.oem4f (.const:ti_sysbios_gates_GateHwi_Object__PARAMS__C)
                  000093ac    00000018     alarm_clock_pem4f.oem4f (.const:ti_sysbios_gates_GateMutex_Object__PARAMS__C)
                  000093c4    00000018     alarm_clock_pem4f.oem4f (.const:ti_sysbios_knl_Queue_Object__PARAMS__C)
                  000093dc    00000016     alarm_clock_pem4f.oem4f (.const:xdc_runtime_Startup_sfxnRts__A)
                  000093f2    00000002     alarm_clock_pem4f.oem4f (.const:ti_sysbios_family_arm_m3_Hwi_Module__id__C)
                  000093f4    00000014     MSP_EXP432P401RLP.obj (.const:GPIOMSP432_config)
                  00009408    00000011     ti.targets.arm.rtsarm.aem4f : System.oem4f (.const:.string)
                  00009419    00000001     --HOLE-- [fill = 0]
                  0000941a    00000002     alarm_clock_pem4f.oem4f (.const:ti_sysbios_family_arm_m3_Hwi_Module__loggerDefined__C)
                  0000941c    00000010     MSP_EXP432P401RLP.obj (.const)
                  0000942c    0000000c     drivers_MSP432P401R.aem4f : GPIOMSP432.oem4f (.const:.string)
                  00009438    0000000c     alarm_clock_pem4f.oem4f (.const:ti_sysbios_knl_Idle_funcList__A)
                  00009444    0000000c     alarm_clock_pem4f.oem4f (.const:xdc_runtime_Startup_firstFxns__A)
                  00009450    00000008     alarm_clock_pem4f.oem4f (.const:ti_sysbios_family_arm_m3_Hwi_excHookFuncs__A)
                  00009458    00000008     alarm_clock_pem4f.oem4f (.const:ti_sysbios_knl_Idle_funcList__C)
                  00009460    00000008     alarm_clock_pem4f.oem4f (.const:xdc_runtime_Startup_firstFxns__C)
                  00009468    00000008     alarm_clock_pem4f.oem4f (.const:xdc_runtime_Startup_lastFxns__C)
                  00009470    00000004     alarm_clock_pem4f.oem4f (.const:ti_sysbios_family_arm_m3_Hwi_E_NMI__C)
                  00009474    00000004     alarm_clock_pem4f.oem4f (.const:ti_sysbios_family_arm_m3_Hwi_E_alreadyDefined__C)
                  00009478    00000004     alarm_clock_pem4f.oem4f (.const:ti_sysbios_family_arm_m3_Hwi_E_busFault__C)
                  0000947c    00000004     alarm_clock_pem4f.oem4f (.const:ti_sysbios_family_arm_m3_Hwi_E_debugMon__C)
                  00009480    00000004     alarm_clock_pem4f.oem4f (.const:ti_sysbios_family_arm_m3_Hwi_E_hardFault__C)
                  00009484    00000004     alarm_clock_pem4f.oem4f (.const:ti_sysbios_family_arm_m3_Hwi_E_memFault__C)
                  00009488    00000004     alarm_clock_pem4f.oem4f (.const:ti_sysbios_family_arm_m3_Hwi_E_noIsr__C)
                  0000948c    00000004     alarm_clock_pem4f.oem4f (.const:ti_sysbios_family_arm_m3_Hwi_E_reserved__C)
                  00009490    00000004     alarm_clock_pem4f.oem4f (.const:ti_sysbios_family_arm_m3_Hwi_E_svCall__C)
                  00009494    00000004     alarm_clock_pem4f.oem4f (.const:ti_sysbios_family_arm_m3_Hwi_E_usageFault__C)
                  00009498    00000004     alarm_clock_pem4f.oem4f (.const:ti_sysbios_family_arm_m3_Hwi_LD_end__C)
                  0000949c    00000004     alarm_clock_pem4f.oem4f (.const:ti_sysbios_family_arm_m3_Hwi_LM_begin__C)
                  000094a0    00000004     alarm_clock_pem4f.oem4f (.const:ti_sysbios_family_arm_m3_Hwi_Module__diagsEnabled__C)
                  000094a4    00000004     alarm_clock_pem4f.oem4f (.const:ti_sysbios_family_arm_m3_Hwi_Module__diagsIncluded__C)
                  000094a8    00000004     alarm_clock_pem4f.oem4f (.const:ti_sysbios_family_arm_m3_Hwi_Module__diagsMask__C)
                  000094ac    00000004     alarm_clock_pem4f.oem4f (.const:ti_sysbios_family_arm_m3_Hwi_Module__loggerFxn1__C)
                  000094b0    00000004     alarm_clock_pem4f.oem4f (.const:ti_sysbios_family_arm_m3_Hwi_Module__loggerFxn8__C)
                  000094b4    00000004     alarm_clock_pem4f.oem4f (.const:ti_sysbios_family_arm_m3_Hwi_Module__loggerObj__C)
                  000094b8    00000004     alarm_clock_pem4f.oem4f (.const:ti_sysbios_family_arm_m3_Hwi_NUM_INTERRUPTS__C)
                  000094bc    00000004     alarm_clock_pem4f.oem4f (.const:ti_sysbios_family_arm_m3_Hwi_Object__count__C)
                  000094c0    00000004     alarm_clock_pem4f.oem4f (.const:ti_sysbios_family_arm_m3_Hwi_ccr__C)
                  000094c4    00000004     alarm_clock_pem4f.oem4f (.const:ti_sysbios_family_arm_m3_Hwi_excHandlerFunc__C)
                  000094c8    00000004     alarm_clock_pem4f.oem4f (.const:ti_sysbios_family_arm_m3_Hwi_excHookFuncs__C)
                  000094cc    00000004     alarm_clock_pem4f.oem4f (.const:ti_sysbios_family_arm_m3_Hwi_nullIsrFunc__C)
                  000094d0    00000004     alarm_clock_pem4f.oem4f (.const:ti_sysbios_family_arm_m3_Hwi_priGroup__C)
                  000094d4    00000004     alarm_clock_pem4f.oem4f (.const:ti_sysbios_family_arm_m3_Timer_E_cannotSupport__C)
                  000094d8    00000004     alarm_clock_pem4f.oem4f (.const:ti_sysbios_family_arm_m3_Timer_startupNeeded__C)
                  000094dc    00000004     alarm_clock_pem4f.oem4f (.const:ti_sysbios_family_arm_msp432_Timer_numTimerDevices__C)
                  000094e0    00000004     alarm_clock_pem4f.oem4f (.const:ti_sysbios_family_arm_msp432_Timer_startupNeeded__C)
                  000094e4    00000004     alarm_clock_pem4f.oem4f (.const:ti_sysbios_gates_GateMutex_A_badContext__C)
                  000094e8    00000004     alarm_clock_pem4f.oem4f (.const:ti_sysbios_gates_GateMutex_Instance_State_sem__O)
                  000094ec    00000004     alarm_clock_pem4f.oem4f (.const:ti_sysbios_gates_GateMutex_Module__diagsEnabled__C)
                  000094f0    00000004     alarm_clock_pem4f.oem4f (.const:ti_sysbios_gates_GateMutex_Module__diagsIncluded__C)
                  000094f4    00000004     alarm_clock_pem4f.oem4f (.const:ti_sysbios_gates_GateMutex_Module__diagsMask__C)
                  000094f8    00000004     alarm_clock_pem4f.oem4f (.const:ti_sysbios_hal_Hwi_E_stackOverflow__C)
                  000094fc    00000004     alarm_clock_pem4f.oem4f (.const:ti_sysbios_heaps_HeapMem_A_align__C)
                  00009500    00000004     alarm_clock_pem4f.oem4f (.const:ti_sysbios_heaps_HeapMem_A_heapSize__C)
                  00009504    00000004     alarm_clock_pem4f.oem4f (.const:ti_sysbios_heaps_HeapMem_A_invalidFree__C)
                  00009508    00000004     alarm_clock_pem4f.oem4f (.const:ti_sysbios_heaps_HeapMem_A_zeroBlock__C)
                  0000950c    00000004     alarm_clock_pem4f.oem4f (.const:ti_sysbios_heaps_HeapMem_E_memory__C)
                  00009510    00000004     alarm_clock_pem4f.oem4f (.const:ti_sysbios_heaps_HeapMem_Module__diagsEnabled__C)
                  00009514    00000004     alarm_clock_pem4f.oem4f (.const:ti_sysbios_heaps_HeapMem_Module__diagsIncluded__C)
                  00009518    00000004     alarm_clock_pem4f.oem4f (.const:ti_sysbios_heaps_HeapMem_Module__diagsMask__C)
                  0000951c    00000004     alarm_clock_pem4f.oem4f (.const:ti_sysbios_heaps_HeapMem_Module__gateObj__C)
                  00009520    00000004     alarm_clock_pem4f.oem4f (.const:ti_sysbios_heaps_HeapMem_Object__count__C)
                  00009524    00000004     alarm_clock_pem4f.oem4f (.const:ti_sysbios_heaps_HeapMem_reqAlign__C)
                  00009528    00000004     alarm_clock_pem4f.oem4f (.const:ti_sysbios_knl_Clock_A_badThreadType__C)
                  0000952c    00000004     alarm_clock_pem4f.oem4f (.const:ti_sysbios_knl_Clock_LM_begin__C)
                  00009530    00000004     alarm_clock_pem4f.oem4f (.const:ti_sysbios_knl_Clock_LM_tick__C)
                  00009534    00000004     alarm_clock_pem4f.oem4f (.const:ti_sysbios_knl_Clock_LW_delayed__C)
                  00009538    00000004     alarm_clock_pem4f.oem4f (.const:ti_sysbios_knl_Clock_Module_State_clockQ__O)
                  0000953c    00000004     alarm_clock_pem4f.oem4f (.const:ti_sysbios_knl_Clock_Module__diagsEnabled__C)
                  00009540    00000004     alarm_clock_pem4f.oem4f (.const:ti_sysbios_knl_Clock_Module__diagsIncluded__C)
                  00009544    00000004     alarm_clock_pem4f.oem4f (.const:ti_sysbios_knl_Clock_Module__diagsMask__C)
                  00009548    00000004     alarm_clock_pem4f.oem4f (.const:ti_sysbios_knl_Clock_Module__loggerFxn1__C)
                  0000954c    00000004     alarm_clock_pem4f.oem4f (.const:ti_sysbios_knl_Clock_Module__loggerFxn2__C)
                  00009550    00000004     alarm_clock_pem4f.oem4f (.const:ti_sysbios_knl_Clock_Module__loggerObj__C)
                  00009554    00000004     alarm_clock_pem4f.oem4f (.const:ti_sysbios_knl_Semaphore_A_badContext__C)
                  00009558    00000004     alarm_clock_pem4f.oem4f (.const:ti_sysbios_knl_Semaphore_A_noEvents__C)
                  0000955c    00000004     alarm_clock_pem4f.oem4f (.const:ti_sysbios_knl_Semaphore_A_overflow__C)
                  00009560    00000004     alarm_clock_pem4f.oem4f (.const:ti_sysbios_knl_Semaphore_A_pendTaskDisabled__C)
                  00009564    00000004     alarm_clock_pem4f.oem4f (.const:ti_sysbios_knl_Semaphore_Instance_State_pendQ__O)
                  00009568    00000004     alarm_clock_pem4f.oem4f (.const:ti_sysbios_knl_Semaphore_LM_pend__C)
                  0000956c    00000004     alarm_clock_pem4f.oem4f (.const:ti_sysbios_knl_Semaphore_LM_post__C)
                  00009570    00000004     alarm_clock_pem4f.oem4f (.const:ti_sysbios_knl_Semaphore_Module__diagsEnabled__C)
                  00009574    00000004     alarm_clock_pem4f.oem4f (.const:ti_sysbios_knl_Semaphore_Module__diagsIncluded__C)
                  00009578    00000004     alarm_clock_pem4f.oem4f (.const:ti_sysbios_knl_Semaphore_Module__diagsMask__C)
                  0000957c    00000004     alarm_clock_pem4f.oem4f (.const:ti_sysbios_knl_Semaphore_Module__loggerFxn2__C)
                  00009580    00000004     alarm_clock_pem4f.oem4f (.const:ti_sysbios_knl_Semaphore_Module__loggerFxn4__C)
                  00009584    00000004     alarm_clock_pem4f.oem4f (.const:ti_sysbios_knl_Semaphore_Module__loggerObj__C)
                  00009588    00000004     alarm_clock_pem4f.oem4f (.const:ti_sysbios_knl_Swi_LD_end__C)
                  0000958c    00000004     alarm_clock_pem4f.oem4f (.const:ti_sysbios_knl_Swi_LM_begin__C)
                  00009590    00000004     alarm_clock_pem4f.oem4f (.const:ti_sysbios_knl_Swi_LM_post__C)
                  00009594    00000004     alarm_clock_pem4f.oem4f (.const:ti_sysbios_knl_Swi_Module__diagsEnabled__C)
                  00009598    00000004     alarm_clock_pem4f.oem4f (.const:ti_sysbios_knl_Swi_Module__diagsIncluded__C)
                  0000959c    00000004     alarm_clock_pem4f.oem4f (.const:ti_sysbios_knl_Swi_Module__diagsMask__C)
                  000095a0    00000004     alarm_clock_pem4f.oem4f (.const:ti_sysbios_knl_Swi_Module__loggerFxn1__C)
                  000095a4    00000004     alarm_clock_pem4f.oem4f (.const:ti_sysbios_knl_Swi_Module__loggerFxn4__C)
                  000095a8    00000004     alarm_clock_pem4f.oem4f (.const:ti_sysbios_knl_Swi_Module__loggerObj__C)
                  000095ac    00000004     alarm_clock_pem4f.oem4f (.const:ti_sysbios_knl_Swi_Object__count__C)
                  000095b0    00000004     alarm_clock_pem4f.oem4f (.const:ti_sysbios_knl_Task_A_badTimeout__C)
                  000095b4    00000004     alarm_clock_pem4f.oem4f (.const:ti_sysbios_knl_Task_A_sleepTaskDisabled__C)
                  000095b8    00000004     alarm_clock_pem4f.oem4f (.const:ti_sysbios_knl_Task_E_spOutOfBounds__C)
                  000095bc    00000004     alarm_clock_pem4f.oem4f (.const:ti_sysbios_knl_Task_E_stackOverflow__C)
                  000095c0    00000004     alarm_clock_pem4f.oem4f (.const:ti_sysbios_knl_Task_LD_block__C)
                  000095c4    00000004     alarm_clock_pem4f.oem4f (.const:ti_sysbios_knl_Task_LD_exit__C)
                  000095c8    00000004     alarm_clock_pem4f.oem4f (.const:ti_sysbios_knl_Task_LD_ready__C)
                  000095cc    00000004     alarm_clock_pem4f.oem4f (.const:ti_sysbios_knl_Task_LM_sleep__C)
                  000095d0    00000004     alarm_clock_pem4f.oem4f (.const:ti_sysbios_knl_Task_LM_switch__C)
                  000095d4    00000004     alarm_clock_pem4f.oem4f (.const:ti_sysbios_knl_Task_Module_State_inactiveQ__O)
                  000095d8    00000004     alarm_clock_pem4f.oem4f (.const:ti_sysbios_knl_Task_Module__diagsEnabled__C)
                  000095dc    00000004     alarm_clock_pem4f.oem4f (.const:ti_sysbios_knl_Task_Module__diagsIncluded__C)
                  000095e0    00000004     alarm_clock_pem4f.oem4f (.const:ti_sysbios_knl_Task_Module__diagsMask__C)
                  000095e4    00000004     alarm_clock_pem4f.oem4f (.const:ti_sysbios_knl_Task_Module__loggerFxn2__C)
                  000095e8    00000004     alarm_clock_pem4f.oem4f (.const:ti_sysbios_knl_Task_Module__loggerFxn4__C)
                  000095ec    00000004     alarm_clock_pem4f.oem4f (.const:ti_sysbios_knl_Task_Module__loggerObj__C)
                  000095f0    00000004     alarm_clock_pem4f.oem4f (.const:ti_sysbios_knl_Task_Object__count__C)
                  000095f4    00000004     alarm_clock_pem4f.oem4f (.const:ti_sysbios_knl_Task_allBlockedFunc__C)
                  000095f8    00000004     alarm_clock_pem4f.oem4f (.const:ti_sysbios_knl_Task_numConstructedTasks__C)
                  000095fc    00000004     alarm_clock_pem4f.oem4f (.const:ti_sysbios_utils_Load_LS_cpuLoad__C)
                  00009600    00000004     alarm_clock_pem4f.oem4f (.const:ti_sysbios_utils_Load_LS_hwiLoad__C)
                  00009604    00000004     alarm_clock_pem4f.oem4f (.const:ti_sysbios_utils_Load_Module__diagsEnabled__C)
                  00009608    00000004     alarm_clock_pem4f.oem4f (.const:ti_sysbios_utils_Load_Module__diagsIncluded__C)
                  0000960c    00000004     alarm_clock_pem4f.oem4f (.const:ti_sysbios_utils_Load_Module__diagsMask__C)
                  00009610    00000004     alarm_clock_pem4f.oem4f (.const:ti_sysbios_utils_Load_Module__loggerFxn1__C)
                  00009614    00000004     alarm_clock_pem4f.oem4f (.const:ti_sysbios_utils_Load_Module__loggerFxn2__C)
                  00009618    00000004     alarm_clock_pem4f.oem4f (.const:ti_sysbios_utils_Load_Module__loggerObj__C)
                  0000961c    00000004     alarm_clock_pem4f.oem4f (.const:ti_sysbios_utils_Load_postUpdate__C)
                  00009620    00000004     alarm_clock_pem4f.oem4f (.const:ti_sysbios_utils_Load_windowInMs__C)
                  00009624    00000004     alarm_clock_pem4f.oem4f (.const:ti_uia_loggers_LoggerStopMode_Module__diagsEnabled__C)
                  00009628    00000004     alarm_clock_pem4f.oem4f (.const:ti_uia_loggers_LoggerStopMode_Module__diagsIncluded__C)
                  0000962c    00000004     alarm_clock_pem4f.oem4f (.const:ti_uia_loggers_LoggerStopMode_Module__diagsMask__C)
                  00009630    00000004     alarm_clock_pem4f.oem4f (.const:ti_uia_loggers_LoggerStopMode_Object__count__C)
                  00009634    00000004     alarm_clock_pem4f.oem4f (.const:ti_uia_runtime_ILoggerSnapshot_Interface__BASE__C)
                  00009638    00000004     alarm_clock_pem4f.oem4f (.const:ti_uia_runtime_IUIATransfer_Interface__BASE__C)
                  0000963c    00000004     alarm_clock_pem4f.oem4f (.const:xdc_runtime_Assert_E_assertFailed__C)
                  00009640    00000004     alarm_clock_pem4f.oem4f (.const:xdc_runtime_Core_A_initializedParams__C)
                  00009644    00000004     alarm_clock_pem4f.oem4f (.const:xdc_runtime_Core_Module__diagsEnabled__C)
                  00009648    00000004     alarm_clock_pem4f.oem4f (.const:xdc_runtime_Core_Module__diagsIncluded__C)
                  0000964c    00000004     alarm_clock_pem4f.oem4f (.const:xdc_runtime_Core_Module__diagsMask__C)
                  00009650    00000004     alarm_clock_pem4f.oem4f (.const:xdc_runtime_Error_E_memory__C)
                  00009654    00000004     alarm_clock_pem4f.oem4f (.const:xdc_runtime_Error_Module__diagsEnabled__C)
                  00009658    00000004     alarm_clock_pem4f.oem4f (.const:xdc_runtime_Error_Module__diagsIncluded__C)
                  0000965c    00000004     alarm_clock_pem4f.oem4f (.const:xdc_runtime_Error_Module__diagsMask__C)
                  00009660    00000004     alarm_clock_pem4f.oem4f (.const:xdc_runtime_Error_Module__loggerFxn8__C)
                  00009664    00000004     alarm_clock_pem4f.oem4f (.const:xdc_runtime_Error_Module__loggerObj__C)
                  00009668    00000004     alarm_clock_pem4f.oem4f (.const:xdc_runtime_Error_policyFxn__C)
                  0000966c    00000004     alarm_clock_pem4f.oem4f (.const:xdc_runtime_Error_raiseHook__C)
                  00009670    00000004     alarm_clock_pem4f.oem4f (.const:xdc_runtime_IFilterLogger_Interface__BASE__C)
                  00009674    00000004     alarm_clock_pem4f.oem4f (.const:xdc_runtime_IGateProvider_Interface__BASE__C)
                  00009678    00000004     alarm_clock_pem4f.oem4f (.const:xdc_runtime_IHeap_Interface__BASE__C)
                  0000967c    00000004     alarm_clock_pem4f.oem4f (.const:xdc_runtime_ILogger_Interface__BASE__C)
                  00009680    00000004     alarm_clock_pem4f.oem4f (.const:xdc_runtime_IModule_Interface__BASE__C)
                  00009684    00000004     alarm_clock_pem4f.oem4f (.const:xdc_runtime_Log_L_error__C)
                  00009688    00000004     alarm_clock_pem4f.oem4f (.const:xdc_runtime_Memory_defaultHeapInstance__C)
                  0000968c    00000004     alarm_clock_pem4f.oem4f (.const:xdc_runtime_Startup_execImpl__C)
                  00009690    00000004     alarm_clock_pem4f.oem4f (.const:xdc_runtime_Startup_lastFxns__A)
                  00009694    00000004     alarm_clock_pem4f.oem4f (.const:xdc_runtime_Startup_maxPasses__C)
                  00009698    00000004     alarm_clock_pem4f.oem4f (.const:xdc_runtime_Startup_sfxnRts__C)
                  0000969c    00000004     alarm_clock_pem4f.oem4f (.const:xdc_runtime_Startup_sfxnTab__C)
                  000096a0    00000004     alarm_clock_pem4f.oem4f (.const:xdc_runtime_SysMin_bufSize__C)
                  000096a4    00000004     alarm_clock_pem4f.oem4f (.const:xdc_runtime_SysMin_outputFunc__C)
                  000096a8    00000004     alarm_clock_pem4f.oem4f (.const:xdc_runtime_System_Module__gateObj__C)
                  000096ac    00000004     alarm_clock_pem4f.oem4f (.const:xdc_runtime_System_abortFxn__C)
                  000096b0    00000004     alarm_clock_pem4f.oem4f (.const:xdc_runtime_System_exitFxn__C)
                  000096b4    00000004     alarm_clock_pem4f.oem4f (.const:xdc_runtime_System_extendFxn__C)
                  000096b8    00000004     alarm_clock_pem4f.oem4f (.const:xdc_runtime_System_maxAtexitHandlers__C)
                  000096bc    00000004     alarm_clock_pem4f.oem4f (.const:xdc_runtime_Text_charTab__C)
                  000096c0    00000004     alarm_clock_pem4f.oem4f (.const:xdc_runtime_Text_nameEmpty__C)
                  000096c4    00000004     alarm_clock_pem4f.oem4f (.const:xdc_runtime_Text_nameStatic__C)
                  000096c8    00000004     alarm_clock_pem4f.oem4f (.const:xdc_runtime_Text_nameUnknown__C)
                  000096cc    00000004     alarm_clock_pem4f.oem4f (.const:xdc_runtime_Text_nodeTab__C)
                  000096d0    00000004     alarm_clock_pem4f.oem4f (.const:xdc_runtime_Text_visitRopeFxn__C)
                  000096d4    00000002     alarm_clock_pem4f.oem4f (.const:ti_sysbios_family_arm_m3_Timer_Module__id__C)
                  000096d6    00000002     alarm_clock_pem4f.oem4f (.const:ti_sysbios_family_arm_m3_TimestampProvider_configTimer__C)
                  000096d8    00000002     alarm_clock_pem4f.oem4f (.const:ti_sysbios_gates_GateMutex_Module__id__C)
                  000096da    00000002     alarm_clock_pem4f.oem4f (.const:ti_sysbios_hal_Hwi_Module__id__C)
                  000096dc    00000002     alarm_clock_pem4f.oem4f (.const:ti_sysbios_heaps_HeapMem_Module__id__C)
                  000096de    00000002     alarm_clock_pem4f.oem4f (.const:ti_sysbios_knl_Clock_Module__id__C)
                  000096e0    00000002     alarm_clock_pem4f.oem4f (.const:ti_sysbios_knl_Clock_Module__loggerDefined__C)
                  000096e2    00000002     alarm_clock_pem4f.oem4f (.const:ti_sysbios_knl_Semaphore_Module__id__C)
                  000096e4    00000002     alarm_clock_pem4f.oem4f (.const:ti_sysbios_knl_Semaphore_Module__loggerDefined__C)
                  000096e6    00000002     alarm_clock_pem4f.oem4f (.const:ti_sysbios_knl_Swi_Module__id__C)
                  000096e8    00000002     alarm_clock_pem4f.oem4f (.const:ti_sysbios_knl_Swi_Module__loggerDefined__C)
                  000096ea    00000002     alarm_clock_pem4f.oem4f (.const:ti_sysbios_knl_Task_Module__id__C)
                  000096ec    00000002     alarm_clock_pem4f.oem4f (.const:ti_sysbios_knl_Task_Module__loggerDefined__C)
                  000096ee    00000002     alarm_clock_pem4f.oem4f (.const:ti_sysbios_knl_Task_initStackFlag__C)
                  000096f0    00000002     alarm_clock_pem4f.oem4f (.const:ti_sysbios_utils_Load_Module__id__C)
                  000096f2    00000002     alarm_clock_pem4f.oem4f (.const:ti_sysbios_utils_Load_Module__loggerDefined__C)
                  000096f4    00000002     alarm_clock_pem4f.oem4f (.const:ti_sysbios_utils_Load_hwiEnabled__C)
                  000096f6    00000002     alarm_clock_pem4f.oem4f (.const:ti_sysbios_utils_Load_updateInIdle__C)
                  000096f8    00000002     alarm_clock_pem4f.oem4f (.const:ti_uia_loggers_LoggerStopMode_Module__id__C)
                  000096fa    00000002     alarm_clock_pem4f.oem4f (.const:ti_uia_loggers_LoggerStopMode_isTimestampEnabled__C)
                  000096fc    00000002     alarm_clock_pem4f.oem4f (.const:xdc_runtime_Core_Module__id__C)
                  000096fe    00000002     alarm_clock_pem4f.oem4f (.const:xdc_runtime_Error_Module__loggerDefined__C)
                  00009700    00000002     alarm_clock_pem4f.oem4f (.const:xdc_runtime_Error_maxDepth__C)
                  00009702    00000002     alarm_clock_pem4f.oem4f (.const:xdc_runtime_Memory_Module__id__C)
                  00009704    00000002     alarm_clock_pem4f.oem4f (.const:xdc_runtime_SysMin_flushAtExit__C)
                  00009706    00000002     alarm_clock_pem4f.oem4f (.const:xdc_runtime_Text_charCnt__C)
                  00009708    00000002     alarm_clock_pem4f.oem4f (.const:xdc_runtime_Text_isLoaded__C)
                  0000970a    00000002     alarm_clock_pem4f.oem4f (.const:xdc_runtime_Text_registryModsLastId__C)
                  0000970c    00000002     alarm_clock_pem4f.oem4f (.const:xdc_runtime_Text_unnamedModsLastId__C)

.cinit     0    00009710    00000518     
                  00009710    000004e2     (.cinit..data.load) [load image, compression = rle]
                  00009bf2    00000002     --HOLE-- [fill = 0]
                  00009bf4    0000000c     (__TI_handler_table)
                  00009c00    00000008     (.cinit..bss.load) [load image, compression = zero_init]
                  00009c08    00000008     (.cinit..vecs.load) [load image, compression = zero_init]
                  00009c10    00000018     (__TI_cinit_table)

.bss       0    20000180    00002c30     UNINITIALIZED
                  20000180    00001000     alarm_clock_pem4f.oem4f (.bss:ti_sysbios_heaps_HeapMem_Instance_State_0_buf__A)
                  20001180    00000a00     alarm_clock_pem4f.oem4f (.bss:taskStackSection)
                  20001b80    00000400     alarm_clock_pem4f.oem4f (.bss:ti_uia_loggers_LoggerStopMode_Instance_State_1_packetArray__A)
                  20001f80    00000400     alarm_clock_pem4f.oem4f (.bss:ti_uia_loggers_LoggerStopMode_Instance_State_2_packetArray__A)
                  20002380    00000400     alarm_clock_pem4f.oem4f (.bss:xdc_runtime_SysMin_Module_State_0_outbuf__A)
                  20002780    00000200     alarm_clock_pem4f.oem4f (.bss:ti_uia_loggers_LoggerStopMode_Instance_State_0_packetArray__A)
                  20002980    00000140     alarm_clock_pem4f.oem4f (.bss:ti_sysbios_family_arm_m3_Hwi_dispatchTable)
                  20002ac0    00000120     rtsv7M4_T_le_v4SPD16_eabi.lib : trgmsg.obj (.bss:__CIOBUF_)
                  20002be0    00000030     drivers_MSP432P401R.aem4f : GPIOMSP432.oem4f (.bss:gpioCallbackInfo)
                  20002c10    00000028     lcd.obj (.bss:lcd_data)
                  20002c38    00000021     lcd.obj (.bss:lcd_data_buffers)
                  20002c59    00000008     (.common:parmbuf)
                  20002c61    0000001f     --HOLE--
                  20002c80    00000030     alarm_clock_pem4f.oem4f (.bss:ti_uia_loggers_LoggerStopMode_Instance_State_0_hdr__A)
                  20002cb0    00000050     --HOLE--
                  20002d00    00000030     alarm_clock_pem4f.oem4f (.bss:ti_uia_loggers_LoggerStopMode_Instance_State_1_hdr__A)
                  20002d30    00000050     --HOLE--
                  20002d80    00000030     alarm_clock_pem4f.oem4f (.bss:ti_uia_loggers_LoggerStopMode_Instance_State_2_hdr__A)

.data      0    20002db0    000007a5     UNINITIALIZED
                  20002db0    000001ac     alarm_clock_pem4f.oem4f (.data)
                  20002f5c    0000009c     drivers_MSP432P401R.aem4f : PowerMSP432.oem4f (.data:PowerMSP432_perfLevels)
                  20002ff8    0000009c     alarm_clock_pem4f.oem4f (.data:ti_uia_loggers_LoggerStopMode_Object__table__V)
                  20003094    00000098     alarm_clock_pem4f.oem4f (.data:ti_sysbios_knl_Task_Object__table__V)
                  2000312c    00000098     alarm_clock_pem4f.oem4f (.data:ti_sysbios_utils_Load_Module__state__V)
                  200031c4    00000080     alarm_clock_pem4f.oem4f (.data:ti_sysbios_knl_Swi_Module_State_0_readyQ__A)
                  20003244    00000080     alarm_clock_pem4f.oem4f (.data:ti_sysbios_knl_Task_Module_State_0_readyQ__A)
                  200032c4    0000004c     alarm_clock_pem4f.oem4f (.data:ti_sysbios_family_arm_msp432_Timer_Object__table__V)
                  20003310    00000044     alarm_clock_pem4f.oem4f (.data:ti_sysbios_knl_Task_Module__state__V)
                  20003354    0000003c     MSP_EXP432P401RLP.obj (.data:gpioPinConfigs)
                  20003390    00000038     MSP_EXP432P401RLP.obj (.data:gpioCallbackFunctions)
                  200033c8    00000038     alarm_clock_pem4f.oem4f (.data:ti_sysbios_gates_GateMutex_Object__table__V)
                  20003400    00000034     alarm_clock_pem4f.oem4f (.data:ti_sysbios_family_arm_m3_Hwi_Module__state__V)
                  20003434    00000030     alarm_clock_pem4f.oem4f (.data:ti_sysbios_family_arm_m3_Hwi_Object__table__V)
                  20003464    00000030     alarm_clock_pem4f.oem4f (.data:ti_sysbios_family_arm_m3_Timer_Object__table__V)
                  20003494    00000030     alarm_clock_pem4f.oem4f (.data:ti_sysbios_knl_Swi_Object__table__V)
                  200034c4    0000002c     alarm_clock_pem4f.oem4f (.data:ti_sysbios_knl_Clock_Module__state__V)
                  200034f0    00000024     drivers_MSP432P401R.aem4f : PowerMSP432.oem4f (.data:PowerMSP432_module)
                  20003514    00000024     alarm_clock_pem4f.oem4f (.data:ti_sysbios_BIOS_Module__state__V)
                  20003538    00000008     rtsv7M4_T_le_v4SPD16_eabi.lib : _lock.obj (.data)
                  20003540    00000008                                   : exit.obj (.data)
                  20003548    00000008     ti.uia.runtime.aem4f : QueueDescriptor.oem4f (.data)
                  20003550    00000004     rtsv7M4_T_le_v4SPD16_eabi.lib : stkdepth_vars.obj (.data)
                  20003554    00000001     drivers_MSP432P401R.aem4f : GPIOMSP432.oem4f (.data)

.stack     0    2000f000    00001000     UNINITIALIZED
                  2000f000    00001000     --HOLE--

.bootVecs 
*          0    00000000    00000008     DSECT
                  00000000    00000008     boot.aem4f : boot.oem4f (.bootVecs)

.vecs      0    20000000    00000140     UNINITIALIZED
                  20000000    00000140     alarm_clock_pem4f.oem4f (.vecs)

xdc.meta   0    00000000    000000e0     COPY SECTION
                  00000000    000000e0     alarm_clock_pem4f.oem4f (xdc.meta)

.TI.noinit 
*          0    20000180    00000000     UNINITIALIZED

.TI.persistent 
*          0    20002db0    00000000     UNINITIALIZED


LINKER GENERATED COPY TABLES

__TI_cinit_table @ 00009c10 records: 3, size/record: 8, table size: 24
	.data: load addr=00009710, load size=000004e2 bytes, run addr=20002db0, run size=000007a5 bytes, compression=rle
	.bss: load addr=00009c00, load size=00000008 bytes, run addr=20000180, run size=00002c30 bytes, compression=zero_init
	.vecs: load addr=00009c08, load size=00000008 bytes, run addr=20000000, run size=00000140 bytes, compression=zero_init


LINKER GENERATED HANDLER TABLE

__TI_handler_table @ 00009bf4 records: 3, size/record: 4, table size: 12
	index: 0, handler: __TI_decompress_rle24
	index: 1, handler: __TI_decompress_none
	index: 2, handler: __TI_zero_init


GLOBAL SYMBOLS: SORTED ALPHABETICALLY BY Name 

address   name                                                         
-------   ----                                                         
00005931  C$$EXIT                                                      
00004bdf  C$$IO$$                                                      
00006f33  CPU_cpsid                                                    
00006f3f  CPU_cpsie                                                    
000007bd  CPU_wfi                                                      
00002f45  CS_initClockSignal                                           
00006585  CS_setDCOCenteredFrequency                                   
00005b11  FlashCtl_disableReadBuffering                                
00005e29  FlashCtl_enableReadBuffering                                 
00006495  FlashCtl_setWaitState                                        
000093f4  GPIOMSP432_config                                            
00006b11  GPIO_clearInterruptFlag                                      
0000600d  GPIO_getEnabledInterruptStatus                               
00006da5  GPIO_getInterruptStatus                                      
000051b1  GPIO_hwiIntFxn                                               
00004b49  GPIO_init                                                    
00006765  GPIO_interruptEdgeSelect                                     
000062ad  GPIO_setAsInputPin                                           
0000603d  GPIO_setAsInputPinWithPullDownResistor                       
0000606d  GPIO_setAsInputPinWithPullUpResistor                         
000065a9  GPIO_setAsOutputPin                                          
00005205  GPIO_setCallback                                             
00001d29  GPIO_setConfig                                               
00006ca1  GPIO_setDriveStrengthHigh                                    
00006b29  GPIO_setDriveStrengthLow                                     
00006cb5  GPIO_setOutputHighOnPin                                      
00006b41  GPIO_setOutputLowOnPin                                       
0000609d  GPIO_toggle                                                  
00006cc9  GPIO_toggleOutputOnPin                                       
00005461  GPIO_write                                                   
00000d61  HOSTclock                                                    
00000d29  HOSTclose                                                    
00000ceb  HOSTgetenv                                                   
00000c8f  HOSTlseek                                                    
00000c3d  HOSTopen                                                     
00000bf1  HOSTread                                                     
00000b93  HOSTrename                                                   
00000b59  HOSTtime                                                     
00000b21  HOSTunlink                                                   
00000ad5  HOSTwrite                                                    
00006ee9  HwiP_Params_init                                             
00004db1  HwiP_create                                                  
00000ffd  HwiP_disable                                                 
00007049  HwiP_restore                                                 
[...]
00009478  ti_sysbios_family_arm_m3_Hwi_E_busFault__C                   
0000947c  ti_sysbios_family_arm_m3_Hwi_E_debugMon__C                   
00009480  ti_sysbios_family_arm_m3_Hwi_E_hardFault__C                  
00009484  ti_sysbios_family_arm_m3_Hwi_E_memFault__C                   
00009488  ti_sysbios_family_arm_m3_Hwi_E_noIsr__C                      
0000948c  ti_sysbios_family_arm_m3_Hwi_E_reserved__C                   
00009490  ti_sysbios_family_arm_m3_Hwi_E_svCall__C                     
00009494  ti_sysbios_family_arm_m3_Hwi_E_usageFault__C                 
00009498  ti_sysbios_family_arm_m3_Hwi_LD_end__C                       
0000949c  ti_sysbios_family_arm_m3_Hwi_LM_begin__C                     
000094a0  ti_sysbios_family_arm_m3_Hwi_Module__diagsEnabled__C         
000094a4  ti_sysbios_family_arm_m3_Hwi_Module__diagsIncluded__C        
000094a8  ti_sysbios_family_arm_m3_Hwi_Module__diagsMask__C            
000094ac  ti_sysbios_family_arm_m3_Hwi_Module__loggerFxn1__C           
000094b0  ti_sysbios_family_arm_m3_Hwi_Module__loggerFxn8__C           
000094b4  ti_sysbios_family_arm_m3_Hwi_Module__loggerObj__C            
000094b8  ti_sysbios_family_arm_m3_Hwi_NUM_INTERRUPTS__C               
000094bc  ti_sysbios_family_arm_m3_Hwi_Object__count__C                
000094c0  ti_sysbios_family_arm_m3_Hwi_ccr__C                          
000094c4  ti_sysbios_family_arm_m3_Hwi_excHandlerFunc__C               
000094c8  ti_sysbios_family_arm_m3_Hwi_excHookFuncs__C                 
000094cc  ti_sysbios_family_arm_m3_Hwi_nullIsrFunc__C                  
000094d0  ti_sysbios_family_arm_m3_Hwi_priGroup__C                     
000094d4  ti_sysbios_family_arm_m3_Timer_E_cannotSupport__C            
000094d8  ti_sysbios_family_arm_m3_Timer_startupNeeded__C              
000094dc  ti_sysbios_family_arm_msp432_Timer_numTimerDevices__C        
000094e0  ti_sysbios_family_arm_msp432_Timer_startupNeeded__C          
000094e4  ti_sysbios_gates_GateMutex_A_badContext__C                   
000094e8  ti_sysbios_gates_GateMutex_Instance_State_sem__O             
000094ec  ti_sysbios_gates_GateMutex_Module__diagsEnabled__C           
000094f0  ti_sysbios_gates_GateMutex_Module__diagsIncluded__C          
000094f4  ti_sysbios_gates_GateMutex_Module__diagsMask__C              
000094f8  ti_sysbios_hal_Hwi_E_stackOverflow__C                        
000094fc  ti_sysbios_heaps_HeapMem_A_align__C                          
00009500  ti_sysbios_heaps_HeapMem_A_heapSize__C                       
00009504  ti_sysbios_heaps_HeapMem_A_invalidFree__C                    
00009508  ti_sysbios_heaps_HeapMem_A_zeroBlock__C                      
0000950c  ti_sysbios_heaps_HeapMem_E_memory__C                         
00009510  ti_sysbios_heaps_HeapMem_Module__diagsEnabled__C             
00009514  ti_sysbios_heaps_HeapMem_Module__diagsIncluded__C            
00009518  ti_sysbios_heaps_HeapMem_Module__diagsMask__C                
0000951c  ti_sysbios_heaps_HeapMem_Module__gateObj__C                  
00009520  ti_sysbios_heaps_HeapMem_Object__count__C                    
00009524  ti_sysbios_heaps_HeapMem_reqAlign__C                         
00009528  ti_sysbios_knl_Clock_A_badThreadType__C                      
0000952c  ti_sysbios_knl_Clock_LM_begin__C                             
00009530  ti_sysbios_knl_Clock_LM_tick__C                              
00009534  ti_sysbios_knl_Clock_LW_delayed__C                           
00009538  ti_sysbios_knl_Clock_Module_State_clockQ__O                  
0000953c  ti_sysbios_knl_Clock_Module__diagsEnabled__C                 
00009540  ti_sysbios_knl_Clock_Module__diagsIncluded__C                
00009544  ti_sysbios_knl_Clock_Module__diagsMask__C                    
00009548  ti_sysbios_knl_Clock_Module__loggerFxn1__C                   
0000954c  ti_sysbios_knl_Clock_Module__loggerFxn2__C                   
00009550  ti_sysbios_knl_Clock_Module__loggerObj__C                    
00009554  ti_sysbios_knl_Semaphore_A_badContext__C                     
00009558  ti_sysbios_knl_Semaphore_A_noEvents__C                       
0000955c  ti_sysbios_knl_Semaphore_A_overflow__C                       
00009560  ti_sysbios_knl_Semaphore_A_pendTaskDisabled__C               
00009564  ti_sysbios_knl_Semaphore_Instance_State_pendQ__O             
00009568  ti_sysbios_knl_Semaphore_LM_pend__C                          
0000956c  ti_sysbios_knl_Semaphore_LM_post__C                          
00009570  ti_sysbios_knl_Semaphore_Module__diagsEnabled__C             
00009574  ti_sysbios_knl_Semaphore_Module__diagsIncluded__C            
00009578  ti_sysbios_knl_Semaphore_Module__diagsMask__C                
0000957c  ti_sysbios_knl_Semaphore_Module__loggerFxn2__C               
00009580  ti_sysbios_knl_Semaphore_Module__loggerFxn4__C               
00009584  ti_sysbios_knl_Semaphore_Module__loggerObj__C                
00009588  ti_sysbios_knl_Swi_LD_end__C                                 
0000958c  ti_sysbios_knl_Swi_LM_begin__C                               
00009590  ti_sysbios_knl_Swi_LM_post__C                                
00009594  ti_sysbios_knl_Swi_Module__diagsEnabled__C                   
00009598  ti_sysbios_knl_Swi_Module__diagsIncluded__C                  
0000959c  ti_sysbios_knl_Swi_Module__diagsMask__C                      
000095a0  ti_sysbios_knl_Swi_Module__loggerFxn1__C                     
000095a4  ti_sysbios_knl_Swi_Module__loggerFxn4__C                     
000095a8  ti_sysbios_knl_Swi_Module__loggerObj__C                      
000095ac  ti_sysbios_knl_Swi_Object__count__C                          
000095b0  ti_sysbios_knl_Task_A_badTimeout__C                          
000095b4  ti_sysbios_knl_Task_A_sleepTaskDisabled__C                   
000095b8  ti_sysbios_knl_Task_E_spOutOfBounds__C                       
000095bc  ti_sysbios_knl_Task_E_stackOverflow__C                       
000095c0  ti_sysbios_knl_Task_LD_block__C                              
000095c4  ti_sysbios_knl_Task_LD_exit__C                               
000095c8  ti_sysbios_knl_Task_LD_ready__C                              
000095cc  ti_sysbios_knl_Task_LM_sleep__C                              
000095d0  ti_sysbios_knl_Task_LM_switch__C                             
000095d4  ti_sysbios_knl_Task_Module_State_inactiveQ__O                
000095d8  ti_sysbios_knl_Task_Module__diagsEnabled__C                  
000095dc  ti_sysbios_knl_Task_Module__diagsIncluded__C                 
000095e0  ti_sysbios_knl_Task_Module__diagsMask__C                     
000095e4  ti_sysbios_knl_Task_Module__loggerFxn2__C                    
000095e8  ti_sysbios_knl_Task_Module__loggerFxn4__C                    
000095ec  ti_sysbios_knl_Task_Module__loggerObj__C                     
000095f0  ti_sysbios_knl_Task_Object__count__C                         
000095f4  ti_sysbios_knl_Task_allBlockedFunc__C                        
000095f8  ti_sysbios_knl_Task_numConstructedTasks__C                   
000095fc  ti_sysbios_utils_Load_LS_cpuLoad__C                          
00009600  ti_sysbios_utils_Load_LS_hwiLoad__C                          
00009604  ti_sysbios_utils_Load_Module__diagsEnabled__C                
00009608  ti_sysbios_utils_Load_Module__diagsIncluded__C               
0000960c  ti_sysbios_utils_Load_Module__diagsMask__C                   
00009610  ti_sysbios_utils_Load_Module__loggerFxn1__C                  
00009614  ti_sysbios_utils_Load_Module__loggerFxn2__C                  
00009618  ti_sysbios_utils_Load_Module__loggerObj__C                   
0000961c  ti_sysbios_utils_Load_postUpdate__C                          
00009620  ti_sysbios_utils_Load_windowInMs__C                          
00009624  ti_uia_loggers_LoggerStopMode_Module__diagsEnabled__C        
00009628  ti_uia_loggers_LoggerStopMode_Module__diagsIncluded__C       
0000962c  ti_uia_loggers_LoggerStopMode_Module__diagsMask__C           
00009630  ti_uia_loggers_LoggerStopMode_Object__count__C               
00009634  ti_uia_runtime_ILoggerSnapshot_Interface__BASE__C            
00009638  ti_uia_runtime_IUIATransfer_Interface__BASE__C               
0000963c  xdc_runtime_Assert_E_assertFailed__C                         
00009640  xdc_runtime_Core_A_initializedParams__C                      
00009644  xdc_runtime_Core_Module__diagsEnabled__C                     
00009648  xdc_runtime_Core_Module__diagsIncluded__C                    
0000964c  xdc_runtime_Core_Module__diagsMask__C                        
00009650  xdc_runtime_Error_E_memory__C                                
00009654  xdc_runtime_Error_Module__diagsEnabled__C                    
00009658  xdc_runtime_Error_Module__diagsIncluded__C                   
0000965c  xdc_runtime_Error_Module__diagsMask__C                       
00009660  xdc_runtime_Error_Module__loggerFxn8__C                      
00009664  xdc_runtime_Error_Module__loggerObj__C                       
00009668  xdc_runtime_Error_policyFxn__C                               
0000966c  xdc_runtime_Error_raiseHook__C                               
00009670  xdc_runtime_IFilterLogger_Interface__BASE__C                 
00009674  xdc_runtime_IGateProvider_Interface__BASE__C                 
00009678  xdc_runtime_IHeap_Interface__BASE__C                         
0000967c  xdc_runtime_ILogger_Interface__BASE__C                       
00009680  xdc_runtime_IModule_Interface__BASE__C                       
00009684  xdc_runtime_Log_L_error__C                                   
00009688  xdc_runtime_Memory_defaultHeapInstance__C                    
0000968c  xdc_runtime_Startup_execImpl__C                              
00009690  xdc_runtime_Startup_lastFxns__A                              
00009694  xdc_runtime_Startup_maxPasses__C                             
00009698  xdc_runtime_Startup_sfxnRts__C                               
0000969c  xdc_runtime_Startup_sfxnTab__C                               
000096a0  xdc_runtime_SysMin_bufSize__C                                
000096a4  xdc_runtime_SysMin_outputFunc__C                             
000096a8  xdc_runtime_System_Module__gateObj__C                        
000096ac  xdc_runtime_System_abortFxn__C                               
000096b0  xdc_runtime_System_exitFxn__C                                
000096b4  xdc_runtime_System_extendFxn__C                              
000096b8  xdc_runtime_System_maxAtexitHandlers__C                      
000096bc  xdc_runtime_Text_charTab__C                                  
000096c0  xdc_runtime_Text_nameEmpty__C                                
000096c4  xdc_runtime_Text_nameStatic__C                               
000096c8  xdc_runtime_Text_nameUnknown__C                              
000096cc  xdc_runtime_Text_nodeTab__C                                  
000096d0  xdc_runtime_Text_visitRopeFxn__C                             
000096d4  ti_sysbios_family_arm_m3_Timer_Module__id__C                 
000096d6  ti_sysbios_family_arm_m3_TimestampProvider_configTimer__C    
000096d8  ti_sysbios_gates_GateMutex_Module__id__C                     
000096da  ti_sysbios_hal_Hwi_Module__id__C                             
000096dc  ti_sysbios_heaps_HeapMem_Module__id__C                       
000096de  ti_sysbios_knl_Clock_Module__id__C                           
000096e0  ti_sysbios_knl_Clock_Module__loggerDefined__C                
000096e2  ti_sysbios_knl_Semaphore_Module__id__C                       
000096e4  ti_sysbios_knl_Semaphore_Module__loggerDefined__C            
000096e6  ti_sysbios_knl_Swi_Module__id__C                             
000096e8  ti_sysbios_knl_Swi_Module__loggerDefined__C                  
000096ea  ti_sysbios_knl_Task_Module__id__C                            
000096ec  ti_sysbios_knl_Task_Module__loggerDefined__C                 
000096ee  ti_sysbios_knl_Task_initStackFlag__C                         
000096f0  ti_sysbios_utils_Load_Module__id__C                          
000096f2  ti_sysbios_utils_Load_Module__loggerDefined__C               
000096f4  ti_sysbios_utils_Load_hwiEnabled__C                          
000096f6  ti_sysbios_utils_Load_updateInIdle__C                        
000096f8  ti_uia_loggers_LoggerStopMode_Module__id__C                  
000096fa  ti_uia_loggers_LoggerStopMode_isTimestampEnabled__C          
000096fc  xdc_runtime_Core_Module__id__C                               
000096fe  xdc_runtime_Error_Module__loggerDefined__C                   
00009700  xdc_runtime_Error_maxDepth__C                                
00009702  xdc_runtime_Memory_Module__id__C                             
00009704  xdc_runtime_SysMin_flushAtExit__C                            
00009706  xdc_runtime_Text_charCnt__C                                  
00009708  xdc_runtime_Text_isLoaded__C                                 
0000970a  xdc_runtime_Text_registryModsLastId__C                       
0000970c  xdc_runtime_Text_unnamedModsLastId__C                        
00009710  __TI_static_base__                                           
00009bf4  __TI_Handler_Table_Base                                      
00009c00  __TI_Handler_Table_Limit                                     
00009c10  __TI_CINIT_Base                                              
00009c28  __TI_CINIT_Limit                                             
20000000  ti_sysbios_family_arm_m3_Hwi_ramVectors                      
20000180  ti_sysbios_heaps_HeapMem_Instance_State_0_buf__A             
20001180  ti_sysbios_knl_Task_Instance_State_0_stack__A                
20001380  ti_sysbios_knl_Task_Instance_State_1_stack__A                
20001b80  ti_uia_loggers_LoggerStopMode_Instance_State_1_packetArray__A
20001f80  ti_uia_loggers_LoggerStopMode_Instance_State_2_packetArray__A
20002380  xdc_runtime_SysMin_Module_State_0_outbuf__A                  
20002780  ti_uia_loggers_LoggerStopMode_Instance_State_0_packetArray__A
20002980  ti_sysbios_family_arm_m3_Hwi_dispatchTable                   
20002ac0  __CIOBUF_                                                    
20002c10  lcd_data                                                     
20002c38  lcd_data_buffers                                             
20002c80  ti_uia_loggers_LoggerStopMode_Instance_State_0_hdr__A        
20002d00  ti_uia_loggers_LoggerStopMode_Instance_State_1_hdr__A        
20002d80  ti_uia_loggers_LoggerStopMode_Instance_State_2_hdr__A        
20002db0  xdc_runtime_Diags_dictElems                                  
20002dd0  ti_sysbios_family_arm_m3_Hwi_Module__root__V                 
20002dd8  ti_sysbios_family_arm_m3_Hwi_Module_State_0_excActive__A     
20002ddc  ti_sysbios_family_arm_m3_Hwi_Module_State_0_excContext__A    
20002de0  ti_sysbios_family_arm_m3_Hwi_Module_State_0_excStack__A      
20002de4  ti_sysbios_family_arm_m3_Timer_Module__root__V               
20002dec  ti_sysbios_family_arm_m3_Timer_Module__state__V              
20002df8  ti_sysbios_family_arm_m3_TimestampProvider_Module__state__V  
20002dfc  ti_sysbios_family_arm_msp432_ClockFreqs_Module__state__V     
20002e08  ti_sysbios_family_arm_msp432_Timer_Module__root__V           
20002e10  ti_sysbios_family_arm_msp432_Timer_Module_State_0_device__A  
20002e30  ti_sysbios_family_arm_msp432_Timer_Module_State_0_handles__A 
20002e40  ti_sysbios_family_arm_msp432_Timer_Module__state__V          
20002e4c  ti_sysbios_gates_GateHwi_Module__root__V                     
20002e54  ti_sysbios_gates_GateHwi_Object__table__V                    
20002e58  ti_sysbios_gates_GateMutex_Module__root__V                   
20002e60  ti_sysbios_hal_Hwi_Module__root__V                           
20002e68  ti_sysbios_heaps_HeapMem_Module__root__V                     
20002e70  ti_sysbios_heaps_HeapMem_Object__table__V                    
20002e88  ti_sysbios_knl_Clock_Module__root__V                         
20002e90  ti_sysbios_knl_Event_Module__root__V                         
20002e9c  ti_sysbios_knl_Queue_Module__root__V                         
20002ea4  ti_sysbios_knl_Semaphore_Module__root__V                     
20002eac  ti_sysbios_knl_Swi_Module__root__V                           
20002eb4  ti_sysbios_knl_Swi_Module__state__V                          
20002ed0  ti_sysbios_knl_Task_Module__root__V                          
20002edc  ti_sysbios_knl_Task_Module_State_0_idleTask__A               
20002ee0  ti_sysbios_utils_Load_Module_State_0_taskStartTime__A        
20002ee4  ti_sysbios_utils_Load_Module_State_0_runningTask__A          
20002ee8  ti_uia_loggers_LoggerStopMode_Module__root__V                
20002ef0  ti_uia_loggers_LoggerStopMode_Module__state__V               
20002ef8  ti_uia_runtime_QueueDescriptor_Module__state__V              
20002f04  xdc_runtime_Error_Module__state__V                           
20002f06  xdc_runtime_Main_Module__root__V                             
20002f08  xdc_runtime_Memory_Module__state__V                          
20002f0c  xdc_runtime_Registry_Module__state__V                        
20002f14  xdc_runtime_Startup_Module__state__V                         
20002f1c  xdc_runtime_SysMin_Module__state__V                          
20002f28  xdc_runtime_System_Module_State_0_atexitHandlers__A          
20002f48  xdc_runtime_System_Module__state__V                          
20002f50  xdc_runtime_Text_Module__state__V                            
20002f58  __xdc__init__addr                                            
20002f5c  PowerMSP432_perfLevels                                       
20002ff8  ti_uia_loggers_LoggerStopMode_Object__table__V               
20003094  ti_sysbios_knl_Task_Object__table__V                         
200030e0  TSK_idle                                                     
2000312c  ti_sysbios_utils_Load_Module__state__V                       
200031c4  ti_sysbios_knl_Swi_Module_State_0_readyQ__A                  
20003244  ti_sysbios_knl_Task_Module_State_0_readyQ__A                 
200032c4  ti_sysbios_family_arm_msp432_Timer_Object__table__V          
20003310  ti_sysbios_knl_Task_Module__state__V                         
20003354  gpioPinConfigs                                               
20003390  gpioCallbackFunctions                                        
200033c8  ti_sysbios_gates_GateMutex_Object__table__V                  
20003400  ti_sysbios_family_arm_m3_Hwi_Module__state__V                
20003434  ti_sysbios_family_arm_m3_Hwi_Object__table__V                
20003464  ti_sysbios_family_arm_m3_Timer_Object__table__V              
20003494  ti_sysbios_knl_Swi_Object__table__V                          
200034c4  ti_sysbios_knl_Clock_Module__state__V                        
200034f0  PowerMSP432_module                                           
20003514  ti_sysbios_BIOS_Module__state__V                             
20003538  _lock                                                        
2000353c  _unlock                                                      
20003540  __TI_cleanup_ptr                                             
20003544  __TI_dtors_ptr                                               
20003548  ti_uia_runtime_QueueDescriptor_gPtrToFirstDescriptor         
2000354c  ti_uia_runtime_QueueDescriptor_gUpdateCount                  
20003550  main_func_sp                                                 
2000f000  __stack                                                      
20010000  __STACK_END                                                  
4000480c  WDTCTL_SYM                                                   
e000e000  ti_sysbios_family_arm_m3_Hwi_nvic                            
ffffffff  __binit__                                                    
ffffffff  __c_args__                                                   
ffffffff  binit                                                        
UNDEFED   SHT$$INIT_ARRAY$$Base                                        
UNDEFED   SHT$$INIT_ARRAY$$Limit                                       

[733 symbols]
